******************************************************************************
                  TI ARM Linker PC v5.2.6                      
******************************************************************************
>> Linked Thu May 27 14:27:01 2021

OUTPUT FILE NAME:   <host_test_cc2650lp_app.out>
ENTRY POINT SYMBOL: "ResetISR"  address: 00004ed5


MEMORY CONFIGURATION

         name            origin    length      used     unused   attr    fill
----------------------  --------  ---------  --------  --------  ----  --------
  FLASH                 00000000   00008000  0000768a  00000976  R  X
  FLASH_LAST_PAGE       0001f000   00001000  00000058  00000fa8  R  X
  SRAM                  20000000   00004368  00002130  00002238  RW X


SEGMENT ALLOCATION MAP

run origin  load origin   length   init length attrs members
----------  ----------- ---------- ----------- ----- -------
00000000    00000000    00007690   00007690    r-x
  00000000    00000000    0000003c   0000003c    r-- .resetVecs
  0000003c    0000003c    000000c4   000000c4    r-x .text.1
  00000100    00000100    0000003c   0000003c    r-- .const:ti_sysbios_knl_Task_Object__PARAMS__C
  0000013c    0000013c    00000034   00000034    r-- .const:ti_sysbios_knl_Mailbox_Object__PARAMS__C
  00000170    00000170    00000030   00000030    r-- .const:ti_sysbios_family_arm_m3_Hwi_Object__PARAMS__C
  000001a0    000001a0    0000002c   0000002c    r-- .const:ti_sysbios_hal_Hwi_Object__PARAMS__C
  000001cc    000001cc    00000028   00000028    r-- .const:ti_sysbios_heaps_HeapMem_Module__FXNS__C
  000001f4    000001f4    00000028   00000028    r-- .const:ti_sysbios_knl_Swi_Object__PARAMS__C
  0000021c    0000021c    00000024   00000024    r-- .const:ti_sysbios_gates_GateHwi_Module__FXNS__C
  00000240    00000240    00000024   00000024    r-- .const:ti_sysbios_gates_GateMutex_Module__FXNS__C
  00000264    00000264    00000024   00000024    r-- .const:ti_sysbios_heaps_HeapMem_Object__PARAMS__C
  00000288    00000288    00000024   00000024    r-- .const:ti_sysbios_knl_Clock_Object__PARAMS__C
  000002ac    000002ac    00000024   00000024    r-- .const:ti_sysbios_knl_Semaphore_Object__PARAMS__C
  000002d0    000002d0    00000020   00000020    r-- .const:ti_sysbios_family_arm_m3_Hwi_Object__DESC__C
  000002f0    000002f0    00000020   00000020    r-- .const:ti_sysbios_gates_GateHwi_Object__DESC__C
  00000310    00000310    00000020   00000020    r-- .const:ti_sysbios_gates_GateMutex_Object__DESC__C
  00000330    00000330    00000020   00000020    r-- .const:ti_sysbios_hal_Hwi_Object__DESC__C
  00000350    00000350    00000020   00000020    r-- .const:ti_sysbios_heaps_HeapMem_Object__DESC__C
  00000370    00000370    00000020   00000020    r-- .const:ti_sysbios_knl_Clock_Object__DESC__C
  00000390    00000390    00000020   00000020    r-- .const:ti_sysbios_knl_Mailbox_Object__DESC__C
  000003b0    000003b0    00000020   00000020    r-- .const:ti_sysbios_knl_Queue_Object__DESC__C
  000003d0    000003d0    00000020   00000020    r-- .const:ti_sysbios_knl_Semaphore_Object__DESC__C
  000003f0    000003f0    00000020   00000020    r-- .const:ti_sysbios_knl_Swi_Object__DESC__C
  00000410    00000410    00000020   00000020    r-- .const:ti_sysbios_knl_Task_Object__DESC__C
  00000430    00000430    00000018   00000018    r-- .const:ti_sysbios_gates_GateHwi_Object__PARAMS__C
  00000448    00000448    00000018   00000018    r-- .const:ti_sysbios_gates_GateMutex_Object__PARAMS__C
  00000460    00000460    00000018   00000018    r-- .const:ti_sysbios_knl_Queue_Object__PARAMS__C
  00000478    00000478    00000008   00000008    r-- .const:ti_sysbios_knl_Idle_funcList__C
  00000480    00000480    00000004   00000004    r-x .text.2
  00000484    00000484    00000004   00000004    r-- .const:ti_sysbios_family_arm_cc26xx_Timer_startupNeeded__C
  00000488    00000488    00000004   00000004    r-- .const:ti_sysbios_family_arm_m3_Hwi_E_alreadyDefined__C
  0000048c    0000048c    00000004   00000004    r-- .const:ti_sysbios_family_arm_m3_Hwi_E_hwiLimitExceeded__C
  00000490    00000490    00000004   00000004    r-- .const:ti_sysbios_family_arm_m3_Hwi_NUM_INTERRUPTS__C
  00000494    00000494    00000004   00000004    r-- .const:ti_sysbios_family_arm_m3_Hwi_Object__count__C
  00000498    00000498    00000004   00000004    r-- .const:ti_sysbios_family_arm_m3_Hwi_Object__table__C
  0000049c    0000049c    00000004   00000004    r-- .const:ti_sysbios_family_arm_m3_Hwi_ccr__C
  000004a0    000004a0    00000004   00000004    r-- .const:ti_sysbios_family_arm_m3_Hwi_excHandlerFunc__C
  000004a4    000004a4    00000004   00000004    r-- .const:ti_sysbios_family_arm_m3_Hwi_nullIsrFunc__C
  000004a8    000004a8    00000004   00000004    r-- .const:ti_sysbios_family_arm_m3_Hwi_numSparseInterrupts__C
  000004ac    000004ac    00000004   00000004    r-- .const:ti_sysbios_family_arm_m3_Hwi_priGroup__C
  000004b0    000004b0    00000004   00000004    r-- .const:ti_sysbios_family_arm_m3_TaskSupport_stackAlignment__C
  000004b4    000004b4    00000004   00000004    r-- .const:ti_sysbios_heaps_HeapMem_E_memory__C
  000004b8    000004b8    00000004   00000004    r-- .const:ti_sysbios_heaps_HeapMem_Module__gateObj__C
  000004bc    000004bc    00000004   00000004    r-- .const:ti_sysbios_heaps_HeapMem_Object__count__C
  000004c0    000004c0    00000004   00000004    r-- .const:ti_sysbios_heaps_HeapMem_Object__table__C
  000004c4    000004c4    00000004   00000004    r-- .const:ti_sysbios_heaps_HeapMem_reqAlign__C
  000004c8    000004c8    00000004   00000004    r-- .const:ti_sysbios_knl_Clock_serviceMargin__C
  000004cc    000004cc    00000004   00000004    r-- .const:ti_sysbios_knl_Mailbox_Object__count__C
  000004d0    000004d0    00000004   00000004    r-- .const:ti_sysbios_knl_Mailbox_Object__table__C
  000004d4    000004d4    00000004   00000004    r-- .const:ti_sysbios_knl_Queue_Object__count__C
  000004d8    000004d8    00000004   00000004    r-- .const:ti_sysbios_knl_Queue_Object__table__C
  000004dc    000004dc    00000004   00000004    r-- .const:ti_sysbios_knl_Swi_Object__count__C
  000004e0    000004e0    00000004   00000004    r-- .const:ti_sysbios_knl_Swi_Object__table__C
  000004e4    000004e4    00000004   00000004    r-- .const:ti_sysbios_knl_Swi_numPriorities__C
  000004e8    000004e8    00000004   00000004    r-- .const:ti_sysbios_knl_Task_Object__count__C
  000004ec    000004ec    00000004   00000004    r-- .const:ti_sysbios_knl_Task_Object__table__C
  000004f0    000004f0    00000004   00000004    r-- .const:ti_sysbios_knl_Task_allBlockedFunc__C
  000004f4    000004f4    00000004   00000004    r-- .const:ti_sysbios_knl_Task_defaultStackHeap__C
  000004f8    000004f8    00000004   00000004    r-- .const:ti_sysbios_knl_Task_defaultStackSize__C
  000004fc    000004fc    00000004   00000004    r-- .const:ti_sysbios_knl_Task_numConstructedTasks__C
  00000500    00000500    00000002   00000002    r-x .text.3
  00000502    00000502    00000002   00000002    r-- .const:ti_sysbios_family_arm_cc26xx_Timer_Module__id__C
  00000504    00000504    00000002   00000002    r-- .const:ti_sysbios_family_arm_cc26xx_TimestampProvider_useClockTimer__C
  00000506    00000506    00000002   00000002    r-- .const:ti_sysbios_family_arm_m3_Hwi_Module__id__C
  00000508    00000508    00000002   00000002    r-- .const:ti_sysbios_gates_GateHwi_Module__id__C
  0000050a    0000050a    00000002   00000002    r-- .const:ti_sysbios_gates_GateMutex_Module__id__C
  0000050c    0000050c    00000002   00000002    r-- .const:ti_sysbios_heaps_HeapMem_Module__id__C
  0000050e    0000050e    00000002   00000002    r-- .const:ti_sysbios_knl_Task_initStackFlag__C
  00000510    00000510    00000001   00000001    r-- .const:ti_sysbios_knl_Clock_tickMode__C
  00000514    00000514    00000008   00000008    r-- .const:xdc_runtime_Startup_firstFxns__C
  0000051c    0000051c    00000008   00000008    r-- .const:xdc_runtime_Startup_lastFxns__C
  00000524    00000524    00000004   00000004    r-- .const:xdc_runtime_Assert_E_assertFailed__C
  00000528    00000528    00000004   00000004    r-- .const:xdc_runtime_Error_E_memory__C
  0000052c    0000052c    00000004   00000004    r-- .const:xdc_runtime_Error_policyFxn__C
  00000530    00000530    00000004   00000004    r-- .const:xdc_runtime_IGateProvider_Interface__BASE__C
  00000534    00000534    00000004   00000004    r-- .const:xdc_runtime_IHeap_Interface__BASE__C
  00000538    00000538    00000004   00000004    r-- .const:xdc_runtime_IModule_Interface__BASE__C
  0000053c    0000053c    00000004   00000004    r-- .const:xdc_runtime_Main_Module__diagsEnabled__C
  00000540    00000540    00000004   00000004    r-- .const:xdc_runtime_Main_Module__diagsIncluded__C
  00000544    00000544    00000004   00000004    r-- .const:xdc_runtime_Main_Module__diagsMask__C
  00000548    00000548    00000004   00000004    r-- .const:xdc_runtime_Memory_defaultHeapInstance__C
  0000054c    0000054c    00000004   00000004    r-- .const:xdc_runtime_Startup_execImpl__C
  00000550    00000550    00000004   00000004    r-- .const:xdc_runtime_Startup_maxPasses__C
  00000554    00000554    00000004   00000004    r-- .const:xdc_runtime_Startup_sfxnRts__C
  00000558    00000558    00000004   00000004    r-- .const:xdc_runtime_Startup_sfxnTab__C
  0000055c    0000055c    00000004   00000004    r-- .const:xdc_runtime_Startup_startModsFxn__C
  00000560    00000560    00000004   00000004    r-- .const:xdc_runtime_SysCallback_abortFxn__C
  00000564    00000564    00000004   00000004    r-- .const:xdc_runtime_SysCallback_exitFxn__C
  00000568    00000568    00000004   00000004    r-- .const:xdc_runtime_System_abortFxn__C
  0000056c    0000056c    00000004   00000004    r-- .const:xdc_runtime_System_exitFxn__C
  00000570    00000570    00000004   00000004    r-- .const:xdc_runtime_System_maxAtexitHandlers__C
  00000574    00000574    00000004   00000004    r-- .const:xdc_runtime_Text_charTab__C
  00000578    00000578    00000004   00000004    r-- .const:xdc_runtime_Text_nameEmpty__C
  0000057c    0000057c    00000004   00000004    r-- .const:xdc_runtime_Text_nameStatic__C
  00000580    00000580    00000004   00000004    r-- .const:xdc_runtime_Text_nameUnknown__C
  00000584    00000584    00000002   00000002    r-- .const:xdc_runtime_Main_Module__id__C
  00000586    00000586    00000002   00000002    r-- .const:xdc_runtime_Memory_Module__id__C
  00000588    00000588    00000002   00000002    r-- .const:xdc_runtime_Text_charCnt__C
  0000058a    0000058a    00000002   00000002    r-- .const:xdc_runtime_Text_isLoaded__C
  0000058c    0000058c    00000001   00000001    r-- .const:xdc_runtime_Error_policy__C
  00000590    00000590    00000004   00000004    r-- .const:ti_sysbios_rom_ROM_AONRTCChannelEnable
  00000594    00000594    00000004   00000004    r-- .const:ti_sysbios_rom_ROM_AONRTCCompareValueSet
  00000598    00000598    00000004   00000004    r-- .const:ti_sysbios_rom_ROM_AONRTCCurrentCompareValueGet
  0000059c    0000059c    00000004   00000004    r-- .const:ti_sysbios_rom_ROM_AONRTCEventClear
  000005a0    000005a0    00000004   00000004    r-- .const:ti_sysbios_rom_ROM_ti_sysbios_family_arm_cc26xx_Timer_getCount64__E
  000005a4    000005a4    00000004   00000004    r-- .const:ti_sysbios_rom_ROM_ti_sysbios_family_arm_cc26xx_Timer_getCurrentTick__E
  000005a8    000005a8    00000004   00000004    r-- .const:ti_sysbios_rom_ROM_ti_sysbios_family_arm_cc26xx_Timer_getMaxTicks__E
  000005ac    000005ac    00000004   00000004    r-- .const:ti_sysbios_rom_ROM_ti_sysbios_family_arm_cc26xx_Timer_initDevice__I
  000005b0    000005b0    00000004   00000004    r-- .const:ti_sysbios_rom_ROM_ti_sysbios_family_arm_cc26xx_Timer_setNextTick__E
  000005b4    000005b4    00000004   00000004    r-- .const:ti_sysbios_rom_ROM_ti_sysbios_family_arm_cc26xx_Timer_setThreshold__I
  000005b8    000005b8    00000004   00000004    r-- .const:ti_sysbios_rom_ROM_ti_sysbios_family_arm_cc26xx_Timer_start__E
  000005bc    000005bc    00000004   00000004    r-- .const:ti_sysbios_rom_ROM_ti_sysbios_family_arm_cc26xx_TimestampProvider_get32__E
  000005c0    000005c0    00000004   00000004    r-- .const:ti_sysbios_rom_ROM_xdc_runtime_Startup_getState__I
  000005c4    000005c4    00000004   00000004    r-- .const:ti_sysbios_rom_ROM_xdc_runtime_System_SupportProxy_abort__E
  000005c8    000005c8    00000004   00000004    r-- .const:ti_sysbios_rom_ROM_xdc_runtime_System_SupportProxy_exit__E
  000005cc    000005cc    00000004   00000004    r-- .const:ti_sysbios_gates_GateMutex_Instance_State_sem__O
  000005d0    000005d0    00000004   00000004    r-- .const:ti_sysbios_knl_Clock_Module_State_clockQ__O
  000005d4    000005d4    00000004   00000004    r-- .const:ti_sysbios_knl_Mailbox_Instance_State_dataQue__O
  000005d8    000005d8    00000004   00000004    r-- .const:ti_sysbios_knl_Mailbox_Instance_State_dataSem__O
  000005dc    000005dc    00000004   00000004    r-- .const:ti_sysbios_knl_Mailbox_Instance_State_freeQue__O
  000005e0    000005e0    00000004   00000004    r-- .const:ti_sysbios_knl_Mailbox_Instance_State_freeSem__O
  000005e4    000005e4    00000004   00000004    r-- .const:ti_sysbios_knl_Semaphore_Instance_State_pendQ__O
  000005e8    000005e8    00000004   00000004    r-- .const:ti_sysbios_knl_Task_Module_State_inactiveQ__O
  000005ec    000005ec    00006940   00006940    r-x .text.4
  00006f2c    00006f2c    0000035c   0000035c    r-- .const
  00007288    00007288    00000408   00000408    r-- .cinit
0001ffa8    0001ffa8    00000058   00000058    r--
  0001ffa8    0001ffa8    00000058   00000058    r-- .ccfg
20000100    20000100    00001c6c   00000000    rw-
  20000100    20000100    00000044   00000000    rw- .data:ti_sysbios_knl_Task_Module__state__V
  20000144    20000144    00000034   00000000    rw- .data:ti_sysbios_family_arm_m3_Hwi_Module__state__V
  20000178    20000178    0000002c   00000000    rw- .data:ti_sysbios_knl_Clock_Module__state__V
  200001a4    200001a4    00000024   00000000    rw- .data:ti_sysbios_BIOS_Module__state__V
  200001c8    200001c8    0000001c   00000000    rw- .data:ti_sysbios_knl_Swi_Module__state__V
  200001e4    200001e4    00000008   00000000    rw- .data:ti_sysbios_family_arm_cc26xx_Timer_Module__state__V
  200001ec    200001ec    00000004   00000000    rw- .data:ti_sysbios_family_arm_cc26xx_TimestampProvider_Module__state__V
  200001f0    200001f0    00000008   00000000    rw- .data:xdc_runtime_Startup_Module__state__V
  200001f8    200001f8    00000008   00000000    rw- .data:xdc_runtime_System_Module__state__V
  20000200    20000200    00000004   00000000    rw- .data:xdc_runtime_Memory_Module__state__V
  20000208    20000208    00000fc9   00000000    rw- .data
  200011d8    200011d8    00000b94   00000000    rw- .bss
20003f68    20003f68    00000400   00000000    rw-
  20003f68    20003f68    00000400   00000000    rw- .stack


SECTION ALLOCATION MAP

 output                                  attributes/
section   page    origin      length       input sections
--------  ----  ----------  ----------   ----------------
.resetVecs 
*          0    00000000    0000003c     
                  00000000    0000003c     app_ble_pem3.oem3 (.resetVecs)

.text.1    0    0000003c    000000c4     
                  0000003c    000000c4     host_test_app.obj (.text:HostTestApp_init$0)

.const:ti_sysbios_knl_Task_Object__PARAMS__C 
*          0    00000100    0000003c     
                  00000100    0000003c     app_ble_pem3.oem3 (.const:ti_sysbios_knl_Task_Object__PARAMS__C)

.const:ti_sysbios_knl_Mailbox_Object__PARAMS__C 
*          0    0000013c    00000034     
                  0000013c    00000034     app_ble_pem3.oem3 (.const:ti_sysbios_knl_Mailbox_Object__PARAMS__C)

.const:ti_sysbios_family_arm_m3_Hwi_Object__PARAMS__C 
*          0    00000170    00000030     
                  00000170    00000030     app_ble_pem3.oem3 (.const:ti_sysbios_family_arm_m3_Hwi_Object__PARAMS__C)

.const:ti_sysbios_hal_Hwi_Object__PARAMS__C 
*          0    000001a0    0000002c     
                  000001a0    0000002c     app_ble_pem3.oem3 (.const:ti_sysbios_hal_Hwi_Object__PARAMS__C)

.const:ti_sysbios_heaps_HeapMem_Module__FXNS__C 
*          0    000001cc    00000028     
                  000001cc    00000028     app_ble_pem3.oem3 (.const:ti_sysbios_heaps_HeapMem_Module__FXNS__C)

.const:ti_sysbios_knl_Swi_Object__PARAMS__C 
*          0    000001f4    00000028     
                  000001f4    00000028     app_ble_pem3.oem3 (.const:ti_sysbios_knl_Swi_Object__PARAMS__C)

.const:ti_sysbios_gates_GateHwi_Module__FXNS__C 
*          0    0000021c    00000024     
                  0000021c    00000024     app_ble_pem3.oem3 (.const:ti_sysbios_gates_GateHwi_Module__FXNS__C)

.const:ti_sysbios_gates_GateMutex_Module__FXNS__C 
*          0    00000240    00000024     
                  00000240    00000024     app_ble_pem3.oem3 (.const:ti_sysbios_gates_GateMutex_Module__FXNS__C)

.const:ti_sysbios_heaps_HeapMem_Object__PARAMS__C 
*          0    00000264    00000024     
                  00000264    00000024     app_ble_pem3.oem3 (.const:ti_sysbios_heaps_HeapMem_Object__PARAMS__C)

.const:ti_sysbios_knl_Clock_Object__PARAMS__C 
*          0    00000288    00000024     
                  00000288    00000024     app_ble_pem3.oem3 (.const:ti_sysbios_knl_Clock_Object__PARAMS__C)

.const:ti_sysbios_knl_Semaphore_Object__PARAMS__C 
*          0    000002ac    00000024     
                  000002ac    00000024     app_ble_pem3.oem3 (.const:ti_sysbios_knl_Semaphore_Object__PARAMS__C)

.const:ti_sysbios_family_arm_m3_Hwi_Object__DESC__C 
*          0    000002d0    00000020     
                  000002d0    00000020     app_ble_pem3.oem3 (.const:ti_sysbios_family_arm_m3_Hwi_Object__DESC__C)

.const:ti_sysbios_gates_GateHwi_Object__DESC__C 
*          0    000002f0    00000020     
                  000002f0    00000020     app_ble_pem3.oem3 (.const:ti_sysbios_gates_GateHwi_Object__DESC__C)

.const:ti_sysbios_gates_GateMutex_Object__DESC__C 
*          0    00000310    00000020     
                  00000310    00000020     app_ble_pem3.oem3 (.const:ti_sysbios_gates_GateMutex_Object__DESC__C)

.const:ti_sysbios_hal_Hwi_Object__DESC__C 
*          0    00000330    00000020     
                  00000330    00000020     app_ble_pem3.oem3 (.const:ti_sysbios_hal_Hwi_Object__DESC__C)

.const:ti_sysbios_heaps_HeapMem_Object__DESC__C 
*          0    00000350    00000020     
                  00000350    00000020     app_ble_pem3.oem3 (.const:ti_sysbios_heaps_HeapMem_Object__DESC__C)

.const:ti_sysbios_knl_Clock_Object__DESC__C 
*          0    00000370    00000020     
                  00000370    00000020     app_ble_pem3.oem3 (.const:ti_sysbios_knl_Clock_Object__DESC__C)

.const:ti_sysbios_knl_Mailbox_Object__DESC__C 
*          0    00000390    00000020     
                  00000390    00000020     app_ble_pem3.oem3 (.const:ti_sysbios_knl_Mailbox_Object__DESC__C)

.const:ti_sysbios_knl_Queue_Object__DESC__C 
*          0    000003b0    00000020     
                  000003b0    00000020     app_ble_pem3.oem3 (.const:ti_sysbios_knl_Queue_Object__DESC__C)

.const:ti_sysbios_knl_Semaphore_Object__DESC__C 
*          0    000003d0    00000020     
                  000003d0    00000020     app_ble_pem3.oem3 (.const:ti_sysbios_knl_Semaphore_Object__DESC__C)

.const:ti_sysbios_knl_Swi_Object__DESC__C 
*          0    000003f0    00000020     
                  000003f0    00000020     app_ble_pem3.oem3 (.const:ti_sysbios_knl_Swi_Object__DESC__C)

.const:ti_sysbios_knl_Task_Object__DESC__C 
*          0    00000410    00000020     
                  00000410    00000020     app_ble_pem3.oem3 (.const:ti_sysbios_knl_Task_Object__DESC__C)

.const:ti_sysbios_gates_GateHwi_Object__PARAMS__C 
*          0    00000430    00000018     
                  00000430    00000018     app_ble_pem3.oem3 (.const:ti_sysbios_gates_GateHwi_Object__PARAMS__C)

.const:ti_sysbios_gates_GateMutex_Object__PARAMS__C 
*          0    00000448    00000018     
                  00000448    00000018     app_ble_pem3.oem3 (.const:ti_sysbios_gates_GateMutex_Object__PARAMS__C)

.const:ti_sysbios_knl_Queue_Object__PARAMS__C 
*          0    00000460    00000018     
                  00000460    00000018     app_ble_pem3.oem3 (.const:ti_sysbios_knl_Queue_Object__PARAMS__C)

.const:ti_sysbios_knl_Idle_funcList__C 
*          0    00000478    00000008     
                  00000478    00000008     app_ble_pem3.oem3 (.const:ti_sysbios_knl_Idle_funcList__C)

.text.2    0    00000480    00000004     
                  00000480    00000004     icall_api.obj (.text:GATTServApp_AddService)

.const:ti_sysbios_family_arm_cc26xx_Timer_startupNeeded__C 
*          0    00000484    00000004     
                  00000484    00000004     app_ble_pem3.oem3 (.const:ti_sysbios_family_arm_cc26xx_Timer_startupNeeded__C)

.const:ti_sysbios_family_arm_m3_Hwi_E_alreadyDefined__C 
*          0    00000488    00000004     
                  00000488    00000004     app_ble_pem3.oem3 (.const:ti_sysbios_family_arm_m3_Hwi_E_alreadyDefined__C)

.const:ti_sysbios_family_arm_m3_Hwi_E_hwiLimitExceeded__C 
*          0    0000048c    00000004     
                  0000048c    00000004     app_ble_pem3.oem3 (.const:ti_sysbios_family_arm_m3_Hwi_E_hwiLimitExceeded__C)

.const:ti_sysbios_family_arm_m3_Hwi_NUM_INTERRUPTS__C 
*          0    00000490    00000004     
                  00000490    00000004     app_ble_pem3.oem3 (.const:ti_sysbios_family_arm_m3_Hwi_NUM_INTERRUPTS__C)

.const:ti_sysbios_family_arm_m3_Hwi_Object__count__C 
*          0    00000494    00000004     
                  00000494    00000004     app_ble_pem3.oem3 (.const:ti_sysbios_family_arm_m3_Hwi_Object__count__C)

.const:ti_sysbios_family_arm_m3_Hwi_Object__table__C 
*          0    00000498    00000004     
                  00000498    00000004     app_ble_pem3.oem3 (.const:ti_sysbios_family_arm_m3_Hwi_Object__table__C)

.const:ti_sysbios_family_arm_m3_Hwi_ccr__C 
*          0    0000049c    00000004     
                  0000049c    00000004     app_ble_pem3.oem3 (.const:ti_sysbios_family_arm_m3_Hwi_ccr__C)

.const:ti_sysbios_family_arm_m3_Hwi_excHandlerFunc__C 
*          0    000004a0    00000004     
                  000004a0    00000004     app_ble_pem3.oem3 (.const:ti_sysbios_family_arm_m3_Hwi_excHandlerFunc__C)

.const:ti_sysbios_family_arm_m3_Hwi_nullIsrFunc__C 
*          0    000004a4    00000004     
                  000004a4    00000004     app_ble_pem3.oem3 (.const:ti_sysbios_family_arm_m3_Hwi_nullIsrFunc__C)

.const:ti_sysbios_family_arm_m3_Hwi_numSparseInterrupts__C 
*          0    000004a8    00000004     
                  000004a8    00000004     app_ble_pem3.oem3 (.const:ti_sysbios_family_arm_m3_Hwi_numSparseInterrupts__C)

.const:ti_sysbios_family_arm_m3_Hwi_priGroup__C 
*          0    000004ac    00000004     
                  000004ac    00000004     app_ble_pem3.oem3 (.const:ti_sysbios_family_arm_m3_Hwi_priGroup__C)

.const:ti_sysbios_family_arm_m3_TaskSupport_stackAlignment__C 
*          0    000004b0    00000004     
                  000004b0    00000004     app_ble_pem3.oem3 (.const:ti_sysbios_family_arm_m3_TaskSupport_stackAlignment__C)

.const:ti_sysbios_heaps_HeapMem_E_memory__C 
*          0    000004b4    00000004     
                  000004b4    00000004     app_ble_pem3.oem3 (.const:ti_sysbios_heaps_HeapMem_E_memory__C)

.const:ti_sysbios_heaps_HeapMem_Module__gateObj__C 
*          0    000004b8    00000004     
                  000004b8    00000004     app_ble_pem3.oem3 (.const:ti_sysbios_heaps_HeapMem_Module__gateObj__C)

.const:ti_sysbios_heaps_HeapMem_Object__count__C 
*          0    000004bc    00000004     
                  000004bc    00000004     app_ble_pem3.oem3 (.const:ti_sysbios_heaps_HeapMem_Object__count__C)

.const:ti_sysbios_heaps_HeapMem_Object__table__C 
*          0    000004c0    00000004     
                  000004c0    00000004     app_ble_pem3.oem3 (.const:ti_sysbios_heaps_HeapMem_Object__table__C)

.const:ti_sysbios_heaps_HeapMem_reqAlign__C 
*          0    000004c4    00000004     
                  000004c4    00000004     app_ble_pem3.oem3 (.const:ti_sysbios_heaps_HeapMem_reqAlign__C)

.const:ti_sysbios_knl_Clock_serviceMargin__C 
*          0    000004c8    00000004     
                  000004c8    00000004     app_ble_pem3.oem3 (.const:ti_sysbios_knl_Clock_serviceMargin__C)

.const:ti_sysbios_knl_Mailbox_Object__count__C 
*          0    000004cc    00000004     
                  000004cc    00000004     app_ble_pem3.oem3 (.const:ti_sysbios_knl_Mailbox_Object__count__C)

.const:ti_sysbios_knl_Mailbox_Object__table__C 
*          0    000004d0    00000004     
                  000004d0    00000004     app_ble_pem3.oem3 (.const:ti_sysbios_knl_Mailbox_Object__table__C)

.const:ti_sysbios_knl_Queue_Object__count__C 
*          0    000004d4    00000004     
                  000004d4    00000004     app_ble_pem3.oem3 (.const:ti_sysbios_knl_Queue_Object__count__C)

.const:ti_sysbios_knl_Queue_Object__table__C 
*          0    000004d8    00000004     
                  000004d8    00000004     app_ble_pem3.oem3 (.const:ti_sysbios_knl_Queue_Object__table__C)

.const:ti_sysbios_knl_Swi_Object__count__C 
*          0    000004dc    00000004     
                  000004dc    00000004     app_ble_pem3.oem3 (.const:ti_sysbios_knl_Swi_Object__count__C)

.const:ti_sysbios_knl_Swi_Object__table__C 
*          0    000004e0    00000004     
                  000004e0    00000004     app_ble_pem3.oem3 (.const:ti_sysbios_knl_Swi_Object__table__C)

.const:ti_sysbios_knl_Swi_numPriorities__C 
*          0    000004e4    00000004     
                  000004e4    00000004     app_ble_pem3.oem3 (.const:ti_sysbios_knl_Swi_numPriorities__C)

.const:ti_sysbios_knl_Task_Object__count__C 
*          0    000004e8    00000004     
                  000004e8    00000004     app_ble_pem3.oem3 (.const:ti_sysbios_knl_Task_Object__count__C)

.const:ti_sysbios_knl_Task_Object__table__C 
*          0    000004ec    00000004     
                  000004ec    00000004     app_ble_pem3.oem3 (.const:ti_sysbios_knl_Task_Object__table__C)

.const:ti_sysbios_knl_Task_allBlockedFunc__C 
*          0    000004f0    00000004     
                  000004f0    00000004     app_ble_pem3.oem3 (.const:ti_sysbios_knl_Task_allBlockedFunc__C)

.const:ti_sysbios_knl_Task_defaultStackHeap__C 
*          0    000004f4    00000004     
                  000004f4    00000004     app_ble_pem3.oem3 (.const:ti_sysbios_knl_Task_defaultStackHeap__C)

.const:ti_sysbios_knl_Task_defaultStackSize__C 
*          0    000004f8    00000004     
                  000004f8    00000004     app_ble_pem3.oem3 (.const:ti_sysbios_knl_Task_defaultStackSize__C)

.const:ti_sysbios_knl_Task_numConstructedTasks__C 
*          0    000004fc    00000004     
                  000004fc    00000004     app_ble_pem3.oem3 (.const:ti_sysbios_knl_Task_numConstructedTasks__C)

.text.3    0    00000500    00000002     
                  00000500    00000002     ble_user_config.obj (.text:DefaultAssertCback)

.const:ti_sysbios_family_arm_cc26xx_Timer_Module__id__C 
*          0    00000502    00000002     
                  00000502    00000002     app_ble_pem3.oem3 (.const:ti_sysbios_family_arm_cc26xx_Timer_Module__id__C)

.const:ti_sysbios_family_arm_cc26xx_TimestampProvider_useClockTimer__C 
*          0    00000504    00000002     
                  00000504    00000002     app_ble_pem3.oem3 (.const:ti_sysbios_family_arm_cc26xx_TimestampProvider_useClockTimer__C)

.const:ti_sysbios_family_arm_m3_Hwi_Module__id__C 
*          0    00000506    00000002     
                  00000506    00000002     app_ble_pem3.oem3 (.const:ti_sysbios_family_arm_m3_Hwi_Module__id__C)

.const:ti_sysbios_gates_GateHwi_Module__id__C 
*          0    00000508    00000002     
                  00000508    00000002     app_ble_pem3.oem3 (.const:ti_sysbios_gates_GateHwi_Module__id__C)

.const:ti_sysbios_gates_GateMutex_Module__id__C 
*          0    0000050a    00000002     
                  0000050a    00000002     app_ble_pem3.oem3 (.const:ti_sysbios_gates_GateMutex_Module__id__C)

.const:ti_sysbios_heaps_HeapMem_Module__id__C 
*          0    0000050c    00000002     
                  0000050c    00000002     app_ble_pem3.oem3 (.const:ti_sysbios_heaps_HeapMem_Module__id__C)

.const:ti_sysbios_knl_Task_initStackFlag__C 
*          0    0000050e    00000002     
                  0000050e    00000002     app_ble_pem3.oem3 (.const:ti_sysbios_knl_Task_initStackFlag__C)

.const:ti_sysbios_knl_Clock_tickMode__C 
*          0    00000510    00000001     
                  00000510    00000001     app_ble_pem3.oem3 (.const:ti_sysbios_knl_Clock_tickMode__C)

.const:xdc_runtime_Startup_firstFxns__C 
*          0    00000514    00000008     
                  00000514    00000008     app_ble_pem3.oem3 (.const:xdc_runtime_Startup_firstFxns__C)

.const:xdc_runtime_Startup_lastFxns__C 
*          0    0000051c    00000008     
                  0000051c    00000008     app_ble_pem3.oem3 (.const:xdc_runtime_Startup_lastFxns__C)

.const:xdc_runtime_Assert_E_assertFailed__C 
*          0    00000524    00000004     
                  00000524    00000004     app_ble_pem3.oem3 (.const:xdc_runtime_Assert_E_assertFailed__C)

.const:xdc_runtime_Error_E_memory__C 
*          0    00000528    00000004     
                  00000528    00000004     app_ble_pem3.oem3 (.const:xdc_runtime_Error_E_memory__C)

.const:xdc_runtime_Error_policyFxn__C 
*          0    0000052c    00000004     
                  0000052c    00000004     app_ble_pem3.oem3 (.const:xdc_runtime_Error_policyFxn__C)

.const:xdc_runtime_IGateProvider_Interface__BASE__C 
*          0    00000530    00000004     
                  00000530    00000004     app_ble_pem3.oem3 (.const:xdc_runtime_IGateProvider_Interface__BASE__C)

.const:xdc_runtime_IHeap_Interface__BASE__C 
*          0    00000534    00000004     
                  00000534    00000004     app_ble_pem3.oem3 (.const:xdc_runtime_IHeap_Interface__BASE__C)

.const:xdc_runtime_IModule_Interface__BASE__C 
*          0    00000538    00000004     
                  00000538    00000004     app_ble_pem3.oem3 (.const:xdc_runtime_IModule_Interface__BASE__C)

.const:xdc_runtime_Main_Module__diagsEnabled__C 
*          0    0000053c    00000004     
                  0000053c    00000004     app_ble_pem3.oem3 (.const:xdc_runtime_Main_Module__diagsEnabled__C)

.const:xdc_runtime_Main_Module__diagsIncluded__C 
*          0    00000540    00000004     
                  00000540    00000004     app_ble_pem3.oem3 (.const:xdc_runtime_Main_Module__diagsIncluded__C)

.const:xdc_runtime_Main_Module__diagsMask__C 
*          0    00000544    00000004     
                  00000544    00000004     app_ble_pem3.oem3 (.const:xdc_runtime_Main_Module__diagsMask__C)

.const:xdc_runtime_Memory_defaultHeapInstance__C 
*          0    00000548    00000004     
                  00000548    00000004     app_ble_pem3.oem3 (.const:xdc_runtime_Memory_defaultHeapInstance__C)

.const:xdc_runtime_Startup_execImpl__C 
*          0    0000054c    00000004     
                  0000054c    00000004     app_ble_pem3.oem3 (.const:xdc_runtime_Startup_execImpl__C)

.const:xdc_runtime_Startup_maxPasses__C 
*          0    00000550    00000004     
                  00000550    00000004     app_ble_pem3.oem3 (.const:xdc_runtime_Startup_maxPasses__C)

.const:xdc_runtime_Startup_sfxnRts__C 
*          0    00000554    00000004     
                  00000554    00000004     app_ble_pem3.oem3 (.const:xdc_runtime_Startup_sfxnRts__C)

.const:xdc_runtime_Startup_sfxnTab__C 
*          0    00000558    00000004     
                  00000558    00000004     app_ble_pem3.oem3 (.const:xdc_runtime_Startup_sfxnTab__C)

.const:xdc_runtime_Startup_startModsFxn__C 
*          0    0000055c    00000004     
                  0000055c    00000004     app_ble_pem3.oem3 (.const:xdc_runtime_Startup_startModsFxn__C)

.const:xdc_runtime_SysCallback_abortFxn__C 
*          0    00000560    00000004     
                  00000560    00000004     app_ble_pem3.oem3 (.const:xdc_runtime_SysCallback_abortFxn__C)

.const:xdc_runtime_SysCallback_exitFxn__C 
*          0    00000564    00000004     
                  00000564    00000004     app_ble_pem3.oem3 (.const:xdc_runtime_SysCallback_exitFxn__C)

.const:xdc_runtime_System_abortFxn__C 
*          0    00000568    00000004     
                  00000568    00000004     app_ble_pem3.oem3 (.const:xdc_runtime_System_abortFxn__C)

.const:xdc_runtime_System_exitFxn__C 
*          0    0000056c    00000004     
                  0000056c    00000004     app_ble_pem3.oem3 (.const:xdc_runtime_System_exitFxn__C)

.const:xdc_runtime_System_maxAtexitHandlers__C 
*          0    00000570    00000004     
                  00000570    00000004     app_ble_pem3.oem3 (.const:xdc_runtime_System_maxAtexitHandlers__C)

.const:xdc_runtime_Text_charTab__C 
*          0    00000574    00000004     
                  00000574    00000004     app_ble_pem3.oem3 (.const:xdc_runtime_Text_charTab__C)

.const:xdc_runtime_Text_nameEmpty__C 
*          0    00000578    00000004     
                  00000578    00000004     app_ble_pem3.oem3 (.const:xdc_runtime_Text_nameEmpty__C)

.const:xdc_runtime_Text_nameStatic__C 
*          0    0000057c    00000004     
                  0000057c    00000004     app_ble_pem3.oem3 (.const:xdc_runtime_Text_nameStatic__C)

.const:xdc_runtime_Text_nameUnknown__C 
*          0    00000580    00000004     
                  00000580    00000004     app_ble_pem3.oem3 (.const:xdc_runtime_Text_nameUnknown__C)

.const:xdc_runtime_Main_Module__id__C 
*          0    00000584    00000002     
                  00000584    00000002     app_ble_pem3.oem3 (.const:xdc_runtime_Main_Module__id__C)

.const:xdc_runtime_Memory_Module__id__C 
*          0    00000586    00000002     
                  00000586    00000002     app_ble_pem3.oem3 (.const:xdc_runtime_Memory_Module__id__C)

.const:xdc_runtime_Text_charCnt__C 
*          0    00000588    00000002     
                  00000588    00000002     app_ble_pem3.oem3 (.const:xdc_runtime_Text_charCnt__C)

.const:xdc_runtime_Text_isLoaded__C 
*          0    0000058a    00000002     
                  0000058a    00000002     app_ble_pem3.oem3 (.const:xdc_runtime_Text_isLoaded__C)

.const:xdc_runtime_Error_policy__C 
*          0    0000058c    00000001     
                  0000058c    00000001     app_ble_pem3.oem3 (.const:xdc_runtime_Error_policy__C)

.const:ti_sysbios_rom_ROM_AONRTCChannelEnable 
*          0    00000590    00000004     
                  00000590    00000004     app_ble_pem3.oem3 (.const:ti_sysbios_rom_ROM_AONRTCChannelEnable)

.const:ti_sysbios_rom_ROM_AONRTCCompareValueSet 
*          0    00000594    00000004     
                  00000594    00000004     app_ble_pem3.oem3 (.const:ti_sysbios_rom_ROM_AONRTCCompareValueSet)

.const:ti_sysbios_rom_ROM_AONRTCCurrentCompareValueGet 
*          0    00000598    00000004     
                  00000598    00000004     app_ble_pem3.oem3 (.const:ti_sysbios_rom_ROM_AONRTCCurrentCompareValueGet)

.const:ti_sysbios_rom_ROM_AONRTCEventClear 
*          0    0000059c    00000004     
                  0000059c    00000004     app_ble_pem3.oem3 (.const:ti_sysbios_rom_ROM_AONRTCEventClear)

.const:ti_sysbios_rom_ROM_ti_sysbios_family_arm_cc26xx_Timer_getCount64__E 
*          0    000005a0    00000004     
                  000005a0    00000004     app_ble_pem3.oem3 (.const:ti_sysbios_rom_ROM_ti_sysbios_family_arm_cc26xx_Timer_getCount64__E)

.const:ti_sysbios_rom_ROM_ti_sysbios_family_arm_cc26xx_Timer_getCurrentTick__E 
*          0    000005a4    00000004     
                  000005a4    00000004     app_ble_pem3.oem3 (.const:ti_sysbios_rom_ROM_ti_sysbios_family_arm_cc26xx_Timer_getCurrentTick__E)

.const:ti_sysbios_rom_ROM_ti_sysbios_family_arm_cc26xx_Timer_getMaxTicks__E 
*          0    000005a8    00000004     
                  000005a8    00000004     app_ble_pem3.oem3 (.const:ti_sysbios_rom_ROM_ti_sysbios_family_arm_cc26xx_Timer_getMaxTicks__E)

.const:ti_sysbios_rom_ROM_ti_sysbios_family_arm_cc26xx_Timer_initDevice__I 
*          0    000005ac    00000004     
                  000005ac    00000004     app_ble_pem3.oem3 (.const:ti_sysbios_rom_ROM_ti_sysbios_family_arm_cc26xx_Timer_initDevice__I)

.const:ti_sysbios_rom_ROM_ti_sysbios_family_arm_cc26xx_Timer_setNextTick__E 
*          0    000005b0    00000004     
                  000005b0    00000004     app_ble_pem3.oem3 (.const:ti_sysbios_rom_ROM_ti_sysbios_family_arm_cc26xx_Timer_setNextTick__E)

.const:ti_sysbios_rom_ROM_ti_sysbios_family_arm_cc26xx_Timer_setThreshold__I 
*          0    000005b4    00000004     
                  000005b4    00000004     app_ble_pem3.oem3 (.const:ti_sysbios_rom_ROM_ti_sysbios_family_arm_cc26xx_Timer_setThreshold__I)

.const:ti_sysbios_rom_ROM_ti_sysbios_family_arm_cc26xx_Timer_start__E 
*          0    000005b8    00000004     
                  000005b8    00000004     app_ble_pem3.oem3 (.const:ti_sysbios_rom_ROM_ti_sysbios_family_arm_cc26xx_Timer_start__E)

.const:ti_sysbios_rom_ROM_ti_sysbios_family_arm_cc26xx_TimestampProvider_get32__E 
*          0    000005bc    00000004     
                  000005bc    00000004     app_ble_pem3.oem3 (.const:ti_sysbios_rom_ROM_ti_sysbios_family_arm_cc26xx_TimestampProvider_get32__E)

.const:ti_sysbios_rom_ROM_xdc_runtime_Startup_getState__I 
*          0    000005c0    00000004     
                  000005c0    00000004     app_ble_pem3.oem3 (.const:ti_sysbios_rom_ROM_xdc_runtime_Startup_getState__I)

.const:ti_sysbios_rom_ROM_xdc_runtime_System_SupportProxy_abort__E 
*          0    000005c4    00000004     
                  000005c4    00000004     app_ble_pem3.oem3 (.const:ti_sysbios_rom_ROM_xdc_runtime_System_SupportProxy_abort__E)

.const:ti_sysbios_rom_ROM_xdc_runtime_System_SupportProxy_exit__E 
*          0    000005c8    00000004     
                  000005c8    00000004     app_ble_pem3.oem3 (.const:ti_sysbios_rom_ROM_xdc_runtime_System_SupportProxy_exit__E)

.const:ti_sysbios_gates_GateMutex_Instance_State_sem__O 
*          0    000005cc    00000004     
                  000005cc    00000004     app_ble_pem3.oem3 (.const:ti_sysbios_gates_GateMutex_Instance_State_sem__O)

.const:ti_sysbios_knl_Clock_Module_State_clockQ__O 
*          0    000005d0    00000004     
                  000005d0    00000004     app_ble_pem3.oem3 (.const:ti_sysbios_knl_Clock_Module_State_clockQ__O)

.const:ti_sysbios_knl_Mailbox_Instance_State_dataQue__O 
*          0    000005d4    00000004     
                  000005d4    00000004     app_ble_pem3.oem3 (.const:ti_sysbios_knl_Mailbox_Instance_State_dataQue__O)

.const:ti_sysbios_knl_Mailbox_Instance_State_dataSem__O 
*          0    000005d8    00000004     
                  000005d8    00000004     app_ble_pem3.oem3 (.const:ti_sysbios_knl_Mailbox_Instance_State_dataSem__O)

.const:ti_sysbios_knl_Mailbox_Instance_State_freeQue__O 
*          0    000005dc    00000004     
                  000005dc    00000004     app_ble_pem3.oem3 (.const:ti_sysbios_knl_Mailbox_Instance_State_freeQue__O)

.const:ti_sysbios_knl_Mailbox_Instance_State_freeSem__O 
*          0    000005e0    00000004     
                  000005e0    00000004     app_ble_pem3.oem3 (.const:ti_sysbios_knl_Mailbox_Instance_State_freeSem__O)

.const:ti_sysbios_knl_Semaphore_Instance_State_pendQ__O 
*          0    000005e4    00000004     
                  000005e4    00000004     app_ble_pem3.oem3 (.const:ti_sysbios_knl_Semaphore_Instance_State_pendQ__O)

.const:ti_sysbios_knl_Task_Module_State_inactiveQ__O 
*          0    000005e8    00000004     
                  000005e8    00000004     app_ble_pem3.oem3 (.const:ti_sysbios_knl_Task_Module_State_inactiveQ__O)

.text.4    0    000005ec    00006940     
                  000005ec    00000310     RFCC26XX_singleMode.obj (.text:fsmActiveState$7)
                  000008fc    00000294     npi_frame_hci.obj (.text:NPIFrame_collectFrameData)
                  00000b90    00000228     drivers_cc26xxware.aem3 : PowerCC26XX.oem3 (.text:Power_sleep)
                  00000db8    00000204     driverlib.lib : sys_ctrl.obj (.text:NOROM_SysCtrlSetRechargeBeforePowerDown)
                  00000fbc    000001f4     rtsv7M3_T_le_eabi.lib : ull_div_t2.obj (.text)
                  000011b0    000001d0     drivers_cc26xxware.aem3 : PowerCC26XX_calibrateRCOSC.oem3 (.text:calibrateRcoscHf1)
                  00001380    000001a8     PINCC26XX.obj (.text:PIN_init)
                  00001528    000001a8     RFCC26XX_singleMode.obj (.text:abortCmd$7)
                  000016d0    0000018c     UARTCC26XX.obj (.text:UARTCC26XX_open)
                  0000185c    00000184     drivers_cc26xxware.aem3 : PowerCC26XX_calibrateRCOSC.oem3 (.text:PowerCC26XX_doCalibrate)
                  000019e0    00000170     RFCC26XX_singleMode.obj (.text:RF_postCmd)
                  00001b50    00000130     driverlib.lib : setup.obj (.text:NOROM_SetupAfterColdResetWakeupFromShutDownCfg3)
                  00001c80    00000128     RFCC26XX_singleMode.obj (.text:fsmSetupState$7)
                  00001da8    0000011c     drivers_cc26xxware.aem3 : PowerCC26XX.oem3 (.text:Power_init)
                  00001ec4    00000110     RFCC26XX_singleMode.obj (.text:hwiFxnCpe0Active$7)
                  00001fd4    000000fc     UARTCC26XX.obj (.text:UARTCC26XX_write)
                  000020d0    000000f8     npi_task.obj (.text:NPITask_process$23)
                  000021c8    000000ec     icall.obj (.text:ICall_primWaitMatch$14)
                  000022b4    000000ec     RFCC26XX_singleMode.obj (.text:rf_init$7)
                  000023a0    000000e6     UARTCC26XX.obj (.text:UARTCC26XX_hwiIntFxn)
                  00002486    00000002     driverlib.lib : rfc.obj (.text:NOROM_RFCAdi3VcoLdoVoltageMode)
                  00002488    000000e4                   : setup.obj (.text:NOROM_SetupAfterColdResetWakeupFromShutDownCfg2)
                  0000256c    000000d4     drivers_cc26xxware.aem3 : PowerCC26XX.oem3 (.text:Power_releaseDependency)
                  00002640    000000d0                             : PowerCC26XX.oem3 (.text:Power_setDependency)
                  00002710    000000cc     driverlib.lib : setup.obj (.text:TrimAfterColdResetWakeupFromShutDown)
                  000027dc    000000c8     RFCC26XX_singleMode.obj (.text:fsmPowerUpState$7)
                  000028a4    000000c4     RFCC26XX_singleMode.obj (.text:swiFxnHw$7)
                  00002968    000000c0     RFCC26XX_singleMode.obj (.text:RF_open)
                  00002a28    000000bc     power_cc26xx_tirtos.aem3 : PowerCC26XX_tirtos.oem3 (.text:PowerCC26XX_standbyPolicy)
                  00002ae4    000000bc     UARTCC26XX.obj (.text:UARTCC26XX_initHw$12)
                  00002ba0    000000b4     PINCC26XX.obj (.text:PINCC26XX_setIoCfg$6)
                  00002c54    000000b4     UARTCC26XX.obj (.text:UARTCC26XX_read)
                  00002d08    000000a6     host_test_app.obj (.text:sendCommandCompleteEvent$0)
                  00002dae    00000002     driverlib.lib : rfc.obj (.text:NOROM_RFCRTrim)
                  00002db0    000000a4                   : setup.obj (.text:NOROM_SetupTrimDevice)
                  00002e54    000000a0     auto_init.aem3 : auto_init.oem3 (.text)
                  00002ef4    0000009c     rtsv7M3_T_le_eabi.lib : memcpy_t2.obj (.text)
                  00002f90    00000098     PINCC26XX.obj (.text:PIN_open)
                  00003028    00000098     rom_sysbios.aem3 : rom_sysbios.obj (.text:ti_sysbios_knl_Clock_workFuncDynamic__E)
                  000030c0    00000090     UARTCC26XX.obj (.text:UARTCC26XX_initIO$12)
                  00003150    00000090     drivers_cc26xxware.aem3 : PowerCC26XX.oem3 (.text:switchXOSCHFclockFunc)
                  000031e0    00000090     UARTCC26XX.obj (.text:writeFinishedDoCallback$12)
                  00003270    0000008c     driverlib.lib : osc.obj (.text:NOROM_OSCHF_GetStartupTime)
                  000032fc    00000088     UARTCC26XX.obj (.text:UARTCC26XX_writeCancel)
                  00003384    00000084     icall.obj (.text:ICall_heapMalloc)
                  00003408    00000084     icall.obj (.text:ICall_primSetTimer$14)
                  0000348c    00000084     TRNGCC26XX.obj (.text:TRNGCC26XX_getNumber)
                  00003510    00000080     RFCC26XX_singleMode.obj (.text:RF_pendCmd)
                  00003590    0000007c     icall.obj (.text:ICall_createRemoteTasks)
                  0000360c    0000007c     drivers_cc26xxware.aem3 : PowerCC26XX.oem3 (.text:disableLFClockQualifiers)
                  00003688    0000007a     rtsv7M3_T_le_eabi.lib : memset_t2.obj (.text)
                  00003702    00000002     RFCC26XX_singleMode.obj (.text:defaultErrCb$7)
                  00003704    00000078     driverlib.lib : setup.obj (.text:NOROM_SetupAfterColdResetWakeupFromShutDownCfg1)
                  0000377c    00000078     npi_task.obj (.text:NPITask_processStackMsg$23)
                  000037f4    00000074     icall_cc2650.obj (.text:ICallPlatform_pwrUpdActivityCounter)
                  00003868    00000074     icall.obj (.text:ICall_primSend$14)
                  000038dc    00000074     npi_tl_uart.obj (.text:NPITLUART_initializeTransport)
                  00003950    00000074     drivers_cc26xxware.aem3 : PowerCC26XX_calibrateRCOSC.oem3 (.text:PowerCC26XX_auxISR)
                  000039c4    00000074     UARTCC26XX.obj (.text:UARTCC26XX_close)
                  00003a38    00000074     drivers_cc26xxware.aem3 : PowerCC26XX_calibrateRCOSC.oem3 (.text:calibrateRcoscHf2)
                  00003aac    00000072     UARTCC26XX.obj (.text:writeTxFifoFlush$12)
                  00003b1e    00000002     drivers_cc26xxware.aem3 : PowerCC26XX.oem3 (.text:emptyClockFunc)
                  00003b20    00000070     driverlib.lib : chipinfo.obj (.text:NOROM_ChipInfo_GetHwRevision)
                  00003b90    00000070     UARTCC26XX.obj (.text:UARTCC26XX_readCancel)
                  00003c00    0000006c     icall.obj (.text:ICall_heapInit)
                  00003c6c    0000006c     driverlib.lib : setup.obj (.text:NOROM_SetupGetTrimForAmpcompCtrl)
                  00003cd8    0000006c     drivers_cc26xxware.aem3 : PowerCC26XX.oem3 (.text:PowerCC26XX_calibrate)
                  00003d44    0000006c     RFCC26XX_singleMode.obj (.text:fsmPowerDownState$7)
                  00003db0    0000006a     rtsv7M3_T_le_eabi.lib : copy_decompress_rle.obj (.text)
                  00003e1a    00000002     rom_sysbios.aem3 : rom_sysbios.obj (.text:ti_sysbios_BIOS_linkedWithIncorrectBootLibrary__E)
                  00003e1c    00000068     driverlib.lib : setup.obj (.text:NOROM_SetupGetTrimForAnabypassValue1)
                  00003e84    00000068                   : sys_ctrl.obj (.text:NOROM_SysCtrl_DCDC_VoltageConditionalControl)
                  00003eec    00000064     host_test_app.obj (.text:HostTestApp_processGapEvent$0)
                  00003f50    00000064     rom_sysbios.aem3 : rom_sysbios.obj (.text:ti_sysbios_family_arm_cc26xx_Timer_start__E)
                  00003fb4    00000060     icall.obj (.text:ICall_primEnroll$14)
                  00004014    00000060     npi_tl.obj (.text:NPITL_writeTL)
                  00004074    00000060     drivers_cc26xxware.aem3 : PowerCC26XX_calibrateRCOSC.oem3 (.text:PowerCC26XX_RCOSC_clockFunc)
                  000040d4    00000060     RFCC26XX_singleMode.obj (.text:RF_getCurrentTime)
                  00004134    00000060     drivers_cc26xxware.aem3 : PowerCC26XX_calibrateRCOSC.oem3 (.text:updateSubSecInc)
                  00004194    0000005c     icall.obj (.text:ICall_primThreadServes$14)
                  000041f0    0000005c     driverlib.lib : osc.obj (.text:NOROM_OSCHF_AttemptToSwitchToXosc)
                  0000424c    0000005c                   : sys_ctrl.obj (.text:NOROM_SysCtrlAdjustRechargeAfterPowerDown)
                  000042a8    0000005c     RFCC26XX_singleMode.obj (.text:applyRfCorePatch$7)
                  00004304    0000005c     RFCC26XX_singleMode.obj (.text:decActiveClientCnt$7)
                  00004360    0000005c     app_ble_pem3.oem3 (.text:xdc_runtime_Startup_getState__I)
                  000043bc    00000058     npi_task.obj (.text:NPITask_incomingFrameCB$23)
                  00004414    00000058     PINCC26XX.obj (.text:PIN_remove)
                  0000446c    00000058     drivers_cc26xxware.aem3 : PowerCC26XX_calibrateRCOSC.oem3 (.text:PowerCC26XX_initiateCalibration)
                  000044c4    00000058     UARTCC26XX.obj (.text:UARTCC26XX_control)
                  0000451c    00000054     drivers_cc26xxware.aem3 : PowerCC26XX.oem3 (.text:configureXOSCHF)
                  00004570    00000054     RFCC26XX_singleMode.obj (.text:fsmXOSCState$7)
                  000045c4    00000054     RFCC26XX_singleMode.obj (.text:hwiFxnHw$7)
                  00004618    00000054     main.obj (.text:main)
                  0000466c    00000008     (.tramp.ti_sysbios_BIOS_start__E.1)
                  00004674    00000054     RFCC26XX_singleMode.obj (.text:ratChanFree$7)
                  000046c8    00000052     icall.obj (.text:ICall_primWait$14)
                  0000471a    00000002     app_ble_pem3.oem3 (.text:ti_sysbios_BIOS_nullFunc__I)
                  0000471c    00000050     host_test_app.obj (.text:HostTestApp_taskFxn$0)
                  0000476c    00000050     icall.obj (.text:ICall_primRegisterApp$14)
                  000047bc    00000050     driverlib.lib : setup.obj (.text:NOROM_SetupSetCacheModeAccordingToCcfgSetting)
                  0000480c    00000050     npi_rxbuf.obj (.text:NPIRxBuf_Read)
                  0000485c    00000050     npi_task.obj (.text:NPITask_createTask)
                  000048ac    00000008     (.tramp.ti_sysbios_knl_Task_construct.1)
                  000048b4    00000050     RFCC26XX_singleMode.obj (.text:RF_getInfo)
                  00004904    00000050     RFCC26XX_singleMode.obj (.text:syncCb$7)
                  00004954    0000004c     icall_cc2650.obj (.text:ICallPlatform_pwrRegisterNotify)
                  000049a0    0000004c     icall.obj (.text:ICall_newTask$14)
                  000049ec    00000008     (.tramp.ti_sysbios_knl_Semaphore_create.1)
                  000049f4    0000004c     icall.obj (.text:ICall_primGetEntityId$14)
                  00004a40    0000004c     driverlib.lib : osc.obj (.text:NOROM_OSCClockSourceSet)
                  00004a8c    0000004c     UARTCC26XX.obj (.text:UARTCC26XX_swiIntFxn)
                  00004ad8    0000004c     RFCC26XX_singleMode.obj (.text:dispatchOpWhen$7)
                  00004b24    0000004c     rtsv7M3_T_le_eabi.lib : cpy_tbl.obj (.text)
                  00004b70    0000004c     UARTCC26XX.obj (.text:startTxFifoEmptyClk$12)
                  00004bbc    00000048     driverlib.lib : chipinfo.obj (.text:NOROM_ChipInfo_GetChipFamily)
                  00004c04    00000048                   : ddi.obj (.text:NOROM_DDI16BitfieldWrite)
                  00004c4c    00000048     npi_task.obj (.text:NPITask_ProcessTXQ$23)
                  00004c94    00000008     (.tramp.ti_sysbios_knl_Queue_dequeue__E.1)
                  00004c9c    00000048     npi_task.obj (.text:NPITask_processRXQ$23)
                  00004ce4    00000008     (.tramp.ti_sysbios_knl_Queue_get__E.1)
                  00004cec    00000048     drivers_cc26xxware.aem3 : PowerCC26XX.oem3 (.text:notify)
                  00004d34    00000048     host_test_app.obj (.text:sendBLECompleteEvent$0)
                  00004d7c    00000046     host_test_app.obj (.text:sendCommandStatusEvent$0)
                  00004dc2    00000002     rom_sysbios.aem3 : rom_sysbios.obj (.text:ti_sysbios_knl_Clock_triggerFunc__I)
                  00004dc4    00000044     main.obj (.text:AssertHandler)
                  00004e08    00000044     npi_tl_uart.obj (.text:NPITLUART_readCallBack$19)
                  00004e4c    00000044     npi_task.obj (.text:NPITask_sendToHost)
                  00004e90    00000044     PINCC26XX.obj (.text:PIN_swi$6)
                  00004ed4    00000044     boot.aem3 : boot.oem3 (.text)
                  00004f18    00000008     (.tramp.xdc_runtime_System_exit__E.1)
                  00004f20    00000044     rtsv7M3_T_le_eabi.lib : exit.obj (.text)
                  00004f64    00000042     icall.obj (.text:ICall_primCreateTask$14)
                  00004fa6    00000002     app_ble_pem3.oem3 (.text:ti_sysbios_rom_cortexm_cc26xx_CC26xx_badRomRevision__E)
                  00004fa8    00000040     driverlib.lib : ddi.obj (.text:NOROM_DDI16BitfieldRead)
                  00004fe8    00000040     npi_frame_hci.obj (.text:NPIFrame_frameMsg)
                  00005028    00000040     RFCC26XX_singleMode.obj (.text:RF_getRssi)
                  00005068    0000003c     host_test_app.obj (.text:HostTestApp_createTask)
                  000050a4    0000003c     icall_cc2650.obj (.text:ICallPlatform_pwrConfigACAction)
                  000050e0    0000003c     driverlib.lib : osc.obj (.text:NOROM_OSC_HPOSCRelativeFrequencyOffsetGet)
                  0000511c    0000003c                   : rfc.obj (.text:NOROM_RFCSynthPowerDown)
                  00005158    0000003c     npi_tl.obj (.text:NPITL_transmissionCallBack$20)
                  00005194    0000003c     RFCC26XX_singleMode.obj (.text:RF_runCmd)
                  000051d0    0000003c     RFCC26XX_singleMode.obj (.text:postDirImmCmd$7)
                  0000520c    0000003c     UARTCC26XX.obj (.text:readData$12)
                  00005248    0000003c     icall_api.obj (.text:sendWaitMatchCS$17)
                  00005284    0000003c     UARTCC26XX.obj (.text:writeData$12)
                  000052c0    0000003a     icall_api.obj (.text:profileSetParameter$17)
                  000052fa    00000002     rom_sysbios.aem3 : rom_sysbios.obj (.text:xdc_runtime_SysCallback_defaultAbort)
                  000052fc    00000038     icall.obj (.text:ICall_primGetMaxMSecs$14)
                  00005334    00000038     npi_rxbuf.obj (.text:NPIRxBuf_ReadFromRxBuf)
                  0000536c    00000038     npi_tl_uart.obj (.text:NPITLUART_writeTransport)
                  000053a4    00000038     PINCC26XX.obj (.text:PIN_setOutputEnable)
                  000053dc    00000038     rom_sysbios.aem3 : rom_sysbios.obj (.text:ti_sysbios_family_arm_cc26xx_Timer_getCurrentTick__E)
                  00005414    00000036     host_test_app.obj (.text:HostTestApp_processBLEEvent$0)
                  0000544a    00000036     RFCC26XX_singleMode.obj (.text:updateImplicitState$7)
                  00005480    00000034     npi_task.obj (.text:ICall_enrollService$23)
                  000054b4    00000034     icall.obj (.text:ICall_primEntityId2ServiceId$14)
                  000054e8    00000034     icall.obj (.text:ICall_primFetchMsg$14)
                  0000551c    00000034     icall.obj (.text:ICall_primRegisterISR$14)
                  00005550    00000008     (.tramp.ti_sysbios_hal_Hwi_create.1)
                  00005558    00000034     icall.obj (.text:ICall_primRegisterISR_Ext$14)
                  0000558c    00000034     icall.obj (.text:ICall_searchServiceEntity)
                  000055c0    00000034     npi_task.obj (.text:ICall_sendServiceMsg$23)
                  000055f4    00000034     driverlib.lib : osc.obj (.text:NOROM_OSCHF_SwitchToRcOscTurnOffXosc)
                  00005628    00000034                   : trng.obj (.text:NOROM_TRNGConfigure)
                  0000565c    00000034     npi_tl_uart.obj (.text:NPITLUART_readIsrBuf$19)
                  00005690    00000034     npi_tl.obj (.text:NPITL_readTL)
                  000056c4    00000034     PINCC26XX.obj (.text:PIN_setOutputValue)
                  000056f8    00000034     drivers_cc26xxware.aem3 : PowerCC26XX.oem3 (.text:PowerCC26XX_isStableXOSC_HF)
                  0000572c    00000034     RFCC26XX_singleMode.obj (.text:Q_push$7)
                  00005760    00000034     icall_api.obj (.text:profileAddService$17)
                  00005794    00000032     icall_api.obj (.text:matchUtilNvCS$17)
                  000057c6    00000032     rom_sysbios.aem3 : rom_sysbios.obj (.text:ti_sysbios_family_arm_cc26xx_Timer_setNextTick__E)
                  000057f8    00000030     icall_cc2650.obj (.text:ICallPlatform_pwrNotify$15)
                  00005828    00000030     icall.obj (.text:ICall_msecs2Ticks$14)
                  00005858    00000030     icall.obj (.text:ICall_searchTask$14)
                  00005888    00000030     driverlib.lib : setup.obj (.text:NOROM_SetupSetAonRtcSubSecInc)
                  000058b8    00000030     npi_task.obj (.text:NPITask_inititializeTask$23)
                  000058e8    00000008     (.tramp.ti_sysbios_knl_Queue_create.1)
                  000058f0    00000030     drivers_cc26xxware.aem3 : PowerCC26XX.oem3 (.text:Power_releaseConstraint)
                  00005920    00000030                             : PowerCC26XX.oem3 (.text:Power_setConstraint)
                  00005950    00000030     UART.obj (.text:UART_open)
                  00005980    00000030     icall_api.obj (.text:Util_buildRevision)
                  000059b0    00000030     app_ble_pem3.oem3 (.text:ti_sysbios_BIOS_atExitFunc__I)
                  000059e0    00000008     (.tramp.ti_sysbios_BIOS_setThreadType__E.1)
                  000059e8    00000030     app_ble_pem3.oem3 (.text:ti_sysbios_BIOS_startFunc__I)
                  00005a18    00000008     (.tramp.xdc_runtime_System_atexit__E.1)
                  00005a20    00000008     (.tramp.ti_sysbios_family_arm_cc26xx_Timer_startup__E.1)
                  00005a28    00000008     (.tramp.ti_sysbios_hal_Hwi_HwiProxy_startup__E.1)
                  00005a30    00000008     (.tramp.ti_sysbios_knl_Swi_startup__E.1)
                  00005a38    00000008     (.tramp.ti_sysbios_knl_Task_startup__E.1)
                  00005a40    00000030     rom_sysbios.aem3 : rom_sysbios.obj (.text:ti_sysbios_family_arm_cc26xx_Timer_initDevice__I)
                  00005a70    00000030                      : rom_sysbios.obj (.text:ti_sysbios_family_arm_cc26xx_Timer_setThreshold__I)
                  00005aa0    0000002e     icall_cc2650.obj (.text:ICallPlatform_pwrDispenseImpl$15)
                  00005ace    0000002e     icall_cc2650.obj (.text:ICallPlatform_pwrRequireImpl$15)
                  00005afc    0000002e     host_test_app.obj (.text:ICall_fetchServiceMsg$0)
                  00005b2a    0000002e     npi_task.obj (.text:ICall_fetchServiceMsg$23)
                  00005b58    0000002e     icall.obj (.text:ICall_msgDequeue$14)
                  00005b86    0000002e     icall_api.obj (.text:matchProfileAddServiceCS$17)
                  00005bb4    0000002e     icall_api.obj (.text:registerTask$17)
                  00005be2    00000002     rom_sysbios.aem3 : rom_sysbios.obj (.text:xdc_runtime_SysCallback_defaultExit)
                  00005be4    0000002c     icall.obj (.text:ICall_heapFree)
                  00005c10    0000002c     icall.obj (.text:ICall_msgEnqueue$14)
                  00005c3c    0000002c     icall.obj (.text:ICall_primAllocMsg$14)
                  00005c68    0000002c     icall.obj (.text:ICall_primFetchServiceMsg$14)
                  00005c94    0000002c     icall_api.obj (.text:ICall_sendServiceMsg$17)
                  00005cc0    0000002c     driverlib.lib : ddi.obj (.text:NOROM_DDI32RegWrite)
                  00005cec    0000002c                   : setup.obj (.text:NOROM_SetupGetTrimForRadcExtCfg)
                  00005d18    0000002c     npi_tl.obj (.text:NPITL_initTL)
                  00005d44    0000002c     PINCC26XX.obj (.text:PINCC26XX_setMux)
                  00005d70    0000002c     PINCC26XX.obj (.text:PIN_setConfig)
                  00005d9c    0000002c     RFCC26XX_singleMode.obj (.text:getCmd$7)
                  00005dc8    0000002c     rom_sysbios.aem3 : rom_sysbios.obj (.text:ti_sysbios_knl_Clock_getTicksUntilInterrupt__E)
                  00005df4    0000002a     icall_api.obj (.text:ICall_waitMatch$17)
                  00005e1e    0000002a     TRNGCC26XX.obj (.text:TRNGCC26XX_isParamValid)
                  00005e48    0000002a     icall_api.obj (.text:matchProfileCS$17)
                  00005e72    00000002     --HOLE-- [fill = 0]
                  00005e74    00000028     icall_api.obj (.text:GATT_InitClient)
                  00005e9c    00000028     icall.obj (.text:ICall_init)
                  00005ec4    00000028     icall.obj (.text:ICall_msgPrepend$14)
                  00005eec    00000028     host_test_app.obj (.text:ICall_registerApp$0)
                  00005f14    00000028     driverlib.lib : aon_batmon.obj (.text:NOROM_AONBatMonTemperatureGetDegC)
                  00005f3c    00000028     npi_task.obj (.text:NPITask_transportRXCallBack$23)
                  00005f64    00000028     drivers_cc26xxware.aem3 : PowerCC26XX.oem3 (.text:PowerCC26XX_switchXOSC_HF)
                  00005f8c    00000028                             : PowerCC26XX.oem3 (.text:Power_registerNotify)
                  00005fb4    00000028     driverlib.lib : adi.obj (.text:SafeHapiVoid)
                  00005fdc    00000028     TRNGCC26XX.obj (.text:TRNGCC26XX_init)
                  00006004    00000028     RFCC26XX_singleMode.obj (.text:clkPowerUpFxn$7)
                  0000602c    00000028     rom_sysbios.aem3 : rom_sysbios.obj (.text:ti_sysbios_family_arm_cc26xx_Timer_getMaxTicks__E)
                  00006054    00000026     drivers_cc26xxware.aem3 : List.oem3 (.text:List_put)
                  0000607a    00000024     icall_api.obj (.text:ICall_getLocalMsgEntityId$17)
                  0000609e    00000024     icall_api.obj (.text:ICall_threadServes$17)
                  000060c2    00000002     --HOLE-- [fill = 0]
                  000060c4    00000024     npi_task.obj (.text:NPITask_transportTxDoneCallBack$23)
                  000060e8    00000024     PINCC26XX.obj (.text:PINCC26XX_getPinCount)
                  0000610c    00000024     drivers_cc26xxware.aem3 : PowerCC26XX_calibrateRCOSC.oem3 (.text:getTdcSemaphore)
                  00006130    00000024     RFCC26XX_singleMode.obj (.text:hwiFxnCpe0PowerFsm$7)
                  00006154    00000024     app_ble_pem3.oem3 (.text:ti_sysbios_BIOS_registerRTSLock__I)
                  00006178    00000024     app_ble_pem3.oem3 (.text:ti_sysbios_BIOS_removeRTSLock__I)
                  0000619c    00000022     icall.obj (.text:ICall_dispatch$14)
                  000061be    00000020     host_test_app.obj (.text:ICall_allocMsg$0)
                  000061de    00000020     icall_api.obj (.text:ICall_allocMsg$17)
                  000061fe    00000020     npi_frame_hci.obj (.text:ICall_allocMsg$21)
                  0000621e    00000020     icall_api.obj (.text:ICall_getEntityId$17)
                  0000623e    00000020     npi_frame_hci.obj (.text:ICall_malloc$21)
                  0000625e    00000020     npi_task.obj (.text:ICall_malloc$23)
                  0000627e    00000002     --HOLE-- [fill = 0]
                  00006280    00000020     icall.obj (.text:ICall_primService$14)
                  000062a0    00000020     icall.obj (.text:ICall_searchService$14)
                  000062c0    00000020     driverlib.lib : rfc.obj (.text:NOROM_RFCDoorbellSendTo)
                  000062e0    00000020                   : rfc.obj (.text:NOROM_RFCRfTrimRead)
                  00006300    00000020                   : setup.obj (.text:NOROM_SetupGetTrimForXoscHfCtl)
                  00006320    00000020     npi_rxbuf.obj (.text:NPIRxBuf_GetRxBufCount)
                  00006340    00000020     npi_tl_uart.obj (.text:NPITLUART_readTransport)
                  00006360    00000020     npi_tl_uart.obj (.text:NPITLUART_writeCallBack$19)
                  00006380    00000020     npi_tl.obj (.text:NPITL_getRxBufLen)
                  000063a0    00000020     drivers_cc26xxware.aem3 : PowerCC26XX.oem3 (.text:Power_unregisterNotify)
                  000063c0    00000020     RFCC26XX_singleMode.obj (.text:allocCmd$7)
                  000063e0    00000020     app_ble_pem3.oem3 (.text:ti_sysbios_BIOS_rtsLock__I)
                  00006400    00000008     (.tramp.ti_sysbios_BIOS_RtsGateProxy_enter__E.1)
                  00006408    00000020     rom_sysbios.aem3 : rom_sysbios.obj (.text:ti_sysbios_knl_Clock_stop__E)
                  00006428    0000001e     icall.obj (.text:ICall_primSendServiceMsg$14)
                  00006446    0000001e     PINCC26XX.obj (.text:PIN_close)
                  00006464    0000001e     drivers_cc26xxware.aem3 : PowerCC26XX.oem3 (.text:Power_getTransitionLatency)
                  00006482    0000001e     icall_api.obj (.text:waitMatchCS$17)
                  000064a0    0000001c     icall.obj (.text:ICall_initPrim$14)
                  000064bc    0000001c     host_test_app.obj (.text:ICall_wait$0)
                  000064d8    0000001c     driverlib.lib : osc.obj (.text:NOROM_OSCClockSourceGet)
                  000064f4    0000001c                   : setup.obj (.text:NOROM_SetupGetTrimForAmpcompTh2)
                  00006510    0000001c                   : setup.obj (.text:NOROM_SetupGetTrimForRcOscLfRtuneCtuneTrim)
                  0000652c    0000001c     PINCC26XX.obj (.text:PINCC26XX_setIoCfgMux$6)
                  00006548    0000001c     PINCC26XX.obj (.text:PIN_hwi$6)
                  00006564    0000001c     RFCC26XX_singleMode.obj (.text:RF_runDirectCmd)
                  00006580    0000001c     RFCC26XX_singleMode.obj (.text:RF_runImmediateCmd)
                  0000659c    0000001c     TRNGCC26XX.obj (.text:TRNGCC26XX_open)
                  000065b8    0000001c     icall_api.obj (.text:getStatusValueFromErrNo$17)
                  000065d4    0000001c     TRNGCC26XX.obj (.text:openTRNG)
                  000065f0    0000001c     rom_sysbios.aem3 : rom_sysbios.obj (.text:ti_sysbios_family_arm_cc26xx_Timer_dynamicStub__E)
                  0000660c    0000001a     icall.obj (.text:ICall_enterCSImpl)
                  00006626    0000001a     icall.obj (.text:ICall_primSetTimerMSecs$14)
                  00006640    0000001a     drivers_cc26xxware.aem3 : List.oem3 (.text:List_remove)
                  0000665a    00000018     icall_cc2650.obj (.text:ICallPlatform_pwrDispense)
                  00006672    00000018     icall_cc2650.obj (.text:ICallPlatform_pwrRequire)
                  0000668a    00000018     npi_task.obj (.text:ICall_free$23)
                  000066a2    00000018     host_test_app.obj (.text:ICall_freeMsg$0)
                  000066ba    00000018     icall.obj (.text:ICall_freeMsg$14)
                  000066d2    00000018     icall_api.obj (.text:ICall_freeMsg$17)
                  000066ea    00000018     npi_frame_hci.obj (.text:ICall_freeMsg$21)
                  00006702    00000018     npi_task.obj (.text:ICall_freeMsg$23)
                  0000671a    00000018     icall.obj (.text:ICall_primMalloc$14)
                  00006732    00000002     --HOLE-- [fill = 0]
                  00006734    00000018     driverlib.lib : aon_rtc.obj (.text:NOROM_AONRTCCurrentCompareValueGet)
                  0000674c    00000018                   : chipinfo.obj (.text:NOROM_ChipInfo_GetPackageType)
                  00006764    00000018                   : osc.obj (.text:NOROM_OSCHF_TurnOnXosc)
                  0000677c    00000018                   : rfc.obj (.text:NOROM_RFCCpeIntGetAndClear)
                  00006794    00000018                   : setup.obj (.text:NOROM_SetupGetTrimForAdcShModeEn)
                  000067ac    00000018                   : setup.obj (.text:NOROM_SetupGetTrimForAdcShVbufEn)
                  000067c4    00000018                   : setup.obj (.text:NOROM_SetupGetTrimForAmpcompTh1)
                  000067dc    00000018                   : setup.obj (.text:NOROM_SetupGetTrimForDblrLoopFilterResetVoltage)
                  000067f4    00000018                   : setup.obj (.text:NOROM_SetupGetTrimForRcOscLfIBiasTrim)
                  0000680c    00000018                   : setup.obj (.text:NOROM_SetupGetTrimForXoscLfRegulatorAndCmirrwrRatio)
                  00006824    00000018     npi_frame_hci.obj (.text:NPIFrame_initialize)
                  0000683c    00000018     drivers_cc26xxware.aem3 : PowerCC26XX.oem3 (.text:Power_idleFunc)
                  00006854    00000018     RFCC26XX_singleMode.obj (.text:Q_pop$7)
                  0000686c    00000018     UARTCC26XX.obj (.text:UARTCC26XX_init)
                  00006884    00000018     UART.obj (.text:UART_Params_init)
                  0000689c    00000018     drivers_cc26xxware.aem3 : PowerCC26XX.oem3 (.text:configureRFCoreClocks)
                  000068b4    00000018     rtsv7M3_T_le_eabi.lib : args_main.obj (.text)
                  000068cc    00000018                           : ll_mul_t2.obj (.text)
                  000068e4    00000018     RFCC26XX_singleMode.obj (.text:swiFxnFsm$7)
                  000068fc    00000018     app_ble_pem3.oem3 (.text:ti_sysbios_BIOS_rtsUnlock__I)
                  00006914    00000008     (.tramp.ti_sysbios_BIOS_RtsGateProxy_leave__E.1)
                  0000691c    00000018     rom_sysbios.aem3 : rom_sysbios.obj (.text:ti_sysbios_knl_Swi_or__E)
                  00006934    00000018     app_ble_pem3.oem3 (.text:ti_sysbios_rom_cortexm_cc26xx_CC26xx_checkRevision__E)
                  0000694c    00000016     icall.obj (.text:ICall_abort$14)
                  00006962    00000016     icall.obj (.text:ICall_leaveCSImpl)
                  00006978    00000016     icall.obj (.text:ICall_primStopTimer$14)
                  0000698e    00000016     ble_user_config.obj (.text:driverTable_fnSpinlock)
                  000069a4    00000016     app_ble_pem3.oem3 (.text:ti_sysbios_BIOS_exitFunc__I)
                  000069ba    00000002     --HOLE-- [fill = 0]
                  000069bc    00000014     icall_api.obj (.text:GGS_SetParameter)
                  000069d0    00000014     driverlib.lib : aon_rtc.obj (.text:NOROM_AONRTCCurrent64BitValueGet)
                  000069e4    00000014                   : chipinfo.obj (.text:NOROM_ThisCodeIsBuiltForCC26xxHwRev22AndLater_HaltIfViolated)
                  000069f8    00000014     npi_task.obj (.text:NPITask_processICallMsgEvent$23)
                  00006a0c    00000014     RFCC26XX_singleMode.obj (.text:RF_Params_init)
                  00006a20    00000014     UART.obj (.text:UART_read)
                  00006a34    00000014     rtsv7M3_T_le_eabi.lib : _lock.obj (.text)
                  00006a48    00000014                           : strlen.obj (.text)
                  00006a5c    00000014     icall_api.obj (.text:setICallCmdEvtHdr$17)
                  00006a70    00000014     app_ble_pem3.oem3 (.text:ti_sysbios_knl_Clock_doTick__I)
                  00006a84    00000008     (.tramp.ti_sysbios_knl_Clock_logTick__E.1)
                  00006a8c    00000012     npi_task.obj (.text:NPITask_sendBufToStack$23)
                  00006a9e    00000012     RFCC26XX_singleMode.obj (.text:RF_getCmdOp)
                  00006ab0    00000012     app_ble_pem3.oem3 (.text:xdc_runtime_Startup_exec__I)
                  00006ac2    00000002     --HOLE-- [fill = 0]
                  00006ac4    00000008     (.tramp.xdc_runtime_Startup_startMods__I.1)
                  00006acc    00000010     RFCC26XX_singleMode.obj (.text:FsmDispatch$7)
                  00006adc    00000010     icall_api.obj (.text:GAP_RegisterForMsgs)
                  00006aec    00000010     icall_cc2650.obj (.text:ICallPlatform_pwrGetXOSCStartupTime)
                  00006afc    00000010     icall.obj (.text:ICall_primGetTickPeriod$14)
                  00006b0c    00000010     icall.obj (.text:ICall_taskEntry$14)
                  00006b1c    00000010     driverlib.lib : rfc.obj (.text:NOROM_RFCRfTrimSet)
                  00006b2c    00000010                   : setup.obj (.text:NOROM_SetupGetTrimForXoscHfFastStart)
                  00006b3c    00000010                   : setup.obj (.text:NOROM_SetupGetTrimForXoscHfIbiastherm)
                  00006b4c    00000010     icall_api.obj (.text:NPI_RegisterTask)
                  00006b5c    00000010     ble_user_config.obj (.text:RegisterAssertCback)
                  00006b6c    00000010     rom_sysbios.aem3 : rom_sysbios.obj (.text:ti_sysbios_family_arm_m3_Hwi_post__E)
                  00006b7c    00000010     UARTCC26XX.obj (.text:uartPostNotify$12)
                  00006b8c    0000000e     icall_cc2650.obj (.text:ICallPlatform_pwrGetTransitionState)
                  00006b9a    0000000e     icall_cc2650.obj (.text:ICallPlatform_pwrIsStableXOSCHF)
                  00006ba8    0000000e     icall.obj (.text:ICall_primDisableMInt$14)
                  00006bb6    0000000e     icall.obj (.text:ICall_primEnableMInt$14)
                  00006bc4    00000008     (.tramp.ti_sysbios_family_arm_m3_Hwi_enableFxn__E.1)
                  00006bcc    00000008     (.tramp.ti_sysbios_knl_Task_enable__E.1)
                  00006bd4    0000000e     icall.obj (.text:ICall_primFreeMsg$14)
                  00006be2    0000000e     icall.obj (.text:ICall_primGetTicks$14)
                  00006bf0    0000000e     driverlib.lib : setup.obj (.text:NOROM_SetupSignExtendVddrTrimValue)
                  00006bfe    0000000e                   : vims.obj (.text:NOROM_VIMSModeGet)
                  00006c0c    0000000e     npi_rxbuf.obj (.text:NPIRxBuf_GetRxBufAvail)
                  00006c1a    0000000e     UART.obj (.text:UART_control)
                  00006c28    0000000e     rtsv7M3_T_le_eabi.lib : copy_decompress_none.obj (.text:decompress:none)
                  00006c36    0000000e     icall_api.obj (.text:matchGattInitClientCS$17)
                  00006c44    0000000e     icall_api.obj (.text:setDispatchCmdEvtHdr$17)
                  00006c52    0000000e     rom_sysbios.aem3 : rom_sysbios.obj (.text:ti_sysbios_family_arm_cc26xx_TimestampProvider_get32__E)
                  00006c60    0000000c     RFCC26XX_singleMode.obj (.text:FsmNextState$7)
                  00006c6c    0000000c     icall.obj (.text:ICall_clockFunc$14)
                  00006c78    0000000c     icall.obj (.text:ICall_primDisableInt$14)
                  00006c84    00000008     (.tramp.ti_sysbios_hal_Hwi_HwiProxy_disableInterrupt__E.1)
                  00006c8c    0000000c     icall.obj (.text:ICall_primEnableInt$14)
                  00006c98    00000008     (.tramp.ti_sysbios_hal_Hwi_HwiProxy_enableInterrupt__E.1)
                  00006ca0    0000000c     icall.obj (.text:ICall_primFree$14)
                  00006cac    0000000c     icall.obj (.text:ICall_primSignal$14)
                  00006cb8    0000000c     driverlib.lib : cpu.obj (.text:NOROM_CPUcpsid)
                  00006cc4    0000000c                   : cpu.obj (.text:NOROM_CPUcpsie)
                  00006cd0    0000000c     npi_tl.obj (.text:NPITL_checkNpiBusy)
                  00006cdc    0000000c     npi_task.obj (.text:NPITask_task)
                  00006ce8    0000000c     drivers_cc26xxware.aem3 : PowerCC26XX.oem3 (.text:Power_getConstraintMask)
                  00006cf4    0000000c                             : PowerCC26XX.oem3 (.text:Power_getDependencyCount)
                  00006d00    0000000c                             : PowerCC26XX.oem3 (.text:Power_getTransitionState)
                  00006d0c    0000000c     rtsv7M3_T_le_eabi.lib : copy_zero_init.obj (.text:decompress:ZI)
                  00006d18    0000000c     icall_api.obj (.text:matchProfileSetParamCS$17)
                  00006d24    0000000c     rom_sysbios.aem3 : rom_sysbios.obj (.text:ti_sysbios_BIOS_getThreadType__E)
                  00006d30    0000000c                      : rom_sysbios_config.obj (.text:ti_sysbios_hal_Hwi_Params__init__S)
                  00006d3c    00000008     (.tramp.xdc_runtime_Core_assignParams__I.1)
                  00006d44    0000000c                      : rom_sysbios.obj (.text:ti_sysbios_knl_Swi_getTrigger__E)
                  00006d50    0000000c     app_ble_pem3.oem3 (.text:xdc_runtime_Startup_reset__I)
                  00006d5c    0000000c     rom_sysbios.aem3 : rom_sysbios.obj (.text:xdc_runtime_Startup_rtsDone__E)
                  00006d68    0000000a     icall_cc2650.obj (.text:ICallPlatform_pwrSwitchXOSCHF)
                  00006d72    0000000a     icall.obj (.text:ICall_primE2S$14)
                  00006d7c    0000000a     drivers_cc26xxware.aem3 : List.oem3 (.text:List_empty)
                  00006d86    0000000a     UART.obj (.text:UART_write)
                  00006d90    00000008     RFCC26XX_singleMode.obj (.text:RF_flushCmd)
                  00006d98    00000008     UARTCC26XX.obj (.text:readSemCallback$12)
                  00006da0    00000008     UARTCC26XX.obj (.text:writeSemCallback$12)
                  00006da8    00000006     icall_api.obj (.text:GGS_AddService)
                  00006dae    00000006     icall.obj (.text:ICall_mallocImpl)
                  00006db4    00000006     UARTCC26XX.obj (.text:UARTCC26XX_readPolling)
                  00006dba    00000006     UARTCC26XX.obj (.text:UARTCC26XX_writePolling)
                  00006dc0    00000006     rom_sysbios.aem3 : rom_sysbios.obj (.text:__xdc__init)
                  00006dc6    00000006     RFCC26XX_singleMode.obj (.text:clkInactivityFxn$7)
                  00006dcc    00000006     rtsv7M3_T_le_eabi.lib : copy_decompress_rle.obj (.text:decompress:rle24)
                  00006dd2    00000006     icall_api.obj (.text:gattAddService$17)
                  00006dd8    00000006     icall_api.obj (.text:matchGGSSetParamCS$17)
                  00006dde    00000006     icall_api.obj (.text:matchUtilBuildRevCS$17)
                  00006de4    00000006     rom_sysbios.aem3 : rom_sysbios.obj (.text:ti_sysbios_family_arm_m3_Hwi_setFunc__E)
                  00006dea    00000004     tirtosport.aem3 : HwiP_tirtos.oem3 (.text:HwiP_disable)
                  00006dee    00000004     icall.obj (.text:ICall_primAbort$14)
                  00006df2    00000004     drivers_cc26xxware.aem3 : List.oem3 (.text:List_head)
                  00006df6    00000004                             : List.oem3 (.text:List_next)
                  00006dfa    00000004     npi_task.obj (.text:NPITask_Fxn)
                  00006dfe    00000004     RFCC26XX_singleMode.obj (.text:Q_peek$7)
[...]
1001c2b9  ti_sysbios_knl_Clock_destruct                                             
1001c2bd  ti_sysbios_knl_Clock_removeI__E                                           
1001c2c1  ti_sysbios_knl_Clock_setTimeout__E                                        
1001c2c5  ti_sysbios_knl_Mailbox_delete                                             
1001c2c9  ti_sysbios_knl_Mailbox_destruct                                           
1001c2cd  ti_sysbios_knl_Queue_delete                                               
1001c2d1  ti_sysbios_knl_Queue_destruct                                             
1001c2d5  ti_sysbios_knl_Queue_head__E                                              
1001c2d9  ti_sysbios_knl_Queue_next__E                                              
1001c2dd  ti_sysbios_knl_Semaphore_delete                                           
1001c2e1  ti_sysbios_knl_Semaphore_destruct                                         
1001c2e5  ti_sysbios_knl_Swi_delete                                                 
1001c2e9  ti_sysbios_knl_Swi_destruct                                               
1001c2ed  ti_sysbios_knl_Swi_postInit__I                                            
1001c2f1  ti_sysbios_knl_Task_SupportProxy_Module__startupDone__S                   
1001c2f5  ti_sysbios_knl_Task_SupportProxy_getStackAlignment__E                     
1001c2f9  ti_sysbios_knl_Task_SupportProxy_start__E                                 
1001c2fd  ti_sysbios_knl_Task_SupportProxy_swap__E                                  
1001c301  ti_sysbios_knl_Task_delete                                                
1001c305  ti_sysbios_knl_Task_destruct                                              
1001c309  ti_sysbios_knl_Task_startup__E                                            
1001c30d  xdc_runtime_Startup_startMods__I                                          
1001c405  xdc_runtime_Core_createObject__I                                          
1001c487  xdc_runtime_Error_policySpin__E                                           
1001c489  xdc_runtime_Memory_alloc__E                                               
1001c4f9  xdc_runtime_Core_deleteObject__I                                          
1001c559  xdc_runtime_Startup_exec__E                                               
1001c5a9  xdc_runtime_Assert_raise__I                                               
1001c5f1  xdc_runtime_Core_assignParams__I                                          
1001c639  xdc_runtime_Core_constructObject__I                                       
1001c681  xdc_runtime_System_atexit__E                                              
1001c6b9  xdc_runtime_System_processAtExit__E                                       
1001c6ed  xdc_runtime_Core_assignLabel__I                                           
1001c71d  xdc_runtime_Text_cordText__E                                              
1001c749  xdc_runtime_System_abort__E                                               
1001c769  xdc_runtime_Error_raiseX__E                                               
1001c785  xdc_runtime_Memory_valloc__E                                              
1001c7a1  xdc_runtime_Core_destructObject__I                                        
1001c7b9  xdc_runtime_Error_check__E                                                
1001c7d1  xdc_runtime_System_exit__E                                                
1001c7e9  xdc_runtime_Text_ropeText__E                                              
1001c801  xdc_runtime_Memory_free__E                                                
1001c811  xdc_runtime_SysCallback_abort__E                                          
1001c821  xdc_runtime_SysCallback_exit__E                                           
1001c831  xdc_runtime_Timestamp_SupportProxy_get32__E                               
1001c831  xdc_runtime_Timestamp_get32__E                                            
1001c841  xdc_runtime_Error_init__E                                                 
1001c84d  xdc_runtime_Memory_calloc__E                                              
1001c859  xdc_runtime_Memory_getMaxDefaultTypeAlign__E                              
1001c879  xdc_runtime_Gate_leaveSystem__E                                           
1001c87f  xdc_runtime_System_Module_startup__E                                      
1001c885  xdc_runtime_Gate_enterSystem__E                                           
1001c889  xdc_runtime_Memory_HeapProxy_alloc__E                                     
1001c88d  xdc_runtime_Memory_HeapProxy_free__E                                      
1001c891  xdc_runtime_System_Module_GateProxy_enter__E                              
1001c895  xdc_runtime_System_Module_GateProxy_leave__E                              
1001c899  xdc_runtime_System_abortSpin__E                                           
1001c89b  xdc_runtime_System_exitSpin__E                                            
1001c89d  ti_sysbios_family_arm_m3_Hwi_dispatch__I                                  
1001c96d  ti_sysbios_family_arm_m3_TaskSupport_buildTaskStack                       
1001c9b9  ti_sysbios_family_arm_m3_Hwi_initStacks__E                                
1001ca01  ti_sysbios_family_arm_m3_Hwi_excHandlerAsm__I                             
1001ca21  ti_sysbios_family_xxx_Hwi_switchAndRunFunc                                
1001ca3f  ti_sysbios_family_arm_m3_Hwi_pendSV__I                                    
1001ca57  ti_sysbios_family_arm_m3_Hwi_return                                       
1001ca59  ti_sysbios_family_arm_m3_TaskSupport_glue                                 
1001ca69  ti_sysbios_family_arm_m3_TaskSupport_swap__E                              
1001ca71  ti_sysbios_knl_Task_swapReturn                                            
1001ca9b  ti_sysbios_rom_cortexm_cc26xx_CC26xx_getRevision__E                       
20000000  ti_sysbios_family_arm_m3_Hwi_ramVectors                                   
20000100  ti_sysbios_knl_Task_Module__state__V                                      
20000144  ti_sysbios_family_arm_m3_Hwi_Module__state__V                             
20000178  ti_sysbios_knl_Clock_Module__state__V                                     
200001a4  ti_sysbios_BIOS_Module__state__V                                          
200001c8  ti_sysbios_knl_Swi_Module__state__V                                       
200001e4  ti_sysbios_family_arm_cc26xx_Timer_Module__state__V                       
200001ec  ti_sysbios_family_arm_cc26xx_TimestampProvider_Module__state__V           
200001f0  xdc_runtime_Startup_Module__state__V                                      
200001f8  xdc_runtime_System_Module__state__V                                       
20000200  xdc_runtime_Memory_Module__state__V                                       
2000020c  dispHandle                                                                
20000214  buildRev                                                                  
20000238  htaTask                                                                   
20000288  htaTaskStack                                                              
2000050c  npiAppEntityID                                                            
20000584  npiTaskStack                                                              
20000d04  PowerCC26XX_module                                                        
20000e14  ti_sysbios_family_arm_cc26xx_Timer_Module__root__V                        
20000e1c  ti_sysbios_family_arm_m3_Hwi_Module__root__V                              
20000e24  ti_sysbios_family_arm_m3_Hwi_Object__table__V                             
20000e3c  ti_sysbios_family_arm_m3_Hwi_Module_State_0_excActive__A                  
20000e40  ti_sysbios_family_arm_m3_Hwi_Module_State_0_excContext__A                 
20000e44  ti_sysbios_family_arm_m3_Hwi_Module_State_0_excStack__A                   
20000e48  ti_sysbios_gates_GateHwi_Module__root__V                                  
20000e50  ti_sysbios_gates_GateHwi_Object__table__V                                 
20000e54  ti_sysbios_gates_GateMutex_Module__root__V                                
20000e5c  ti_sysbios_hal_Hwi_Module__root__V                                        
20000e64  ti_sysbios_heaps_HeapMem_Module__root__V                                  
20000e6c  ti_sysbios_heaps_HeapMem_Object__table__V                                 
20000e84  ti_sysbios_knl_Clock_Module__root__V                                      
20000e8c  ti_sysbios_knl_Clock_Object__table__V                                     
20000eac  ti_sysbios_knl_Event_Module__root__V                                      
20000eb4  ti_sysbios_knl_Mailbox_Module__root__V                                    
20000ebc  ti_sysbios_knl_Queue_Module__root__V                                      
20000ec4  ti_sysbios_knl_Semaphore_Module__root__V                                  
20000ecc  ti_sysbios_knl_Swi_Module__root__V                                        
20000ed4  ti_sysbios_knl_Task_Module__root__V                                       
20000edc  ti_sysbios_knl_Task_Module_State_0_idleTask__A                            
20000ee0  __xdc__init__addr                                                         
20000ee4  ICall_dispatcher                                                          
20000eec  ICall_enterCriticalSection                                                
20000ef0  ICall_leaveCriticalSection                                                
20000f08  HEAPMGR_SIZE                                                              
20000f78  rfRegTbl                                                                  
20000fc8  ti_sysbios_knl_Task_Object__table__V                                      
20001014  appAssertCback                                                            
20001018  ti_sysbios_family_arm_cc26xx_Timer_Object__table__V                       
20001060  ti_sysbios_gates_GateMutex_Object__table__V                               
200010cc  ti_sysbios_knl_Swi_Module_State_0_readyQ__A                               
200010fc  ti_sysbios_knl_Swi_Object__table__V                                       
2000112c  ti_sysbios_knl_Task_Module_State_0_readyQ__A                              
2000115c  user0Cfg                                                                  
20001198  incomingFrameCBFunc                                                       
200011a8  lastAppOpcodeSent                                                         
200011ac  pfnBMAlloc                                                                
200011b0  pfnBMFree                                                                 
200011bc  _lock                                                                     
200011c0  _unlock                                                                   
200011c4  __TI_cleanup_ptr                                                          
200011c8  __TI_dtors_ptr                                                            
200011cc  main_func_sp                                                              
200011d8  ti_sysbios_heaps_HeapMem_Instance_State_0_buf__A                          
20001858  ti_sysbios_knl_Task_Instance_State_0_stack__A                             
20001a58  uartCC26XXObjects                                                         
20001b6c  PIN_NumPins                                                               
20001c00  PIN_HandleTable                                                           
20001c7c  ti_sysbios_family_arm_m3_Hwi_dispatchTable                                
20001d64  trngCC26XXObjects                                                         
20001d69  driverlib_release_0_46593                                                 
20001d6c  heapStart                                                                 
20003f68  __stack                                                                   
20003f68  heapEnd                                                                   
20004368  __STACK_END                                                               
20004368  __STACK_TOP                                                               
20004f2c  A4_rw                                                                     
20004f2c  COMMON_RAM_BASE_ADDR                                                      
20004f40  P2_rw                                                                     
20004f40  P2_s0                                                                     
20004f40  eccRom_windowSize                                                         
20004f44  eccRom_workzone                                                           
20004f48  eccRom_param_p                                                            
20004f4c  eccRom_param_r                                                            
20004f50  eccRom_param_a                                                            
20004f54  inScalar                                                                  
20004f58  inPointX                                                                  
20004f5c  inPointY                                                                  
20004f60  outPointX                                                                 
20004f64  outPointY                                                                 
20004f68  SCAL                                                                      
20004f6c  EXPX                                                                      
20004f70  EXPY                                                                      
20004f74  EXPZ                                                                      
20004f78  EXPW                                                                      
20004f7c  ACCX                                                                      
20004f80  ACCY                                                                      
20004f84  ACCZ                                                                      
20004f88  TMP1                                                                      
20004f8c  TMP2                                                                      
20004f90  TMP3                                                                      
20004f94  TMP4                                                                      
20004f98  TMP5                                                                      
20004f9c  TMP6                                                                      
20004fa0  eccRom_param_Gx                                                           
20004fa4  eccRom_param_Gy                                                           
20004fa8  eccRom_param_b                                                            
20004fac  P2_zi                                                                     
20004fac  ratChanInfo                                                               
20004fcc  fwInfoCmd                                                                 
20004fd8  MSBMOD                                                                    
20004fdc  aux64                                                                     
20004fe4  MOD                                                                       
20004fe8  LEN                                                                       
20004ffc  pSspAesEncrypt_Sw                                                         
e000e000  ti_sysbios_family_arm_m3_Hwi_nvic                                         
ffffffff  __binit__                                                                 
ffffffff  __c_args__                                                                
ffffffff  binit                                                                     
UNDEFED   HwiP_restore                                                              
UNDEFED   SHT$$INIT_ARRAY$$Base                                                     
UNDEFED   SHT$$INIT_ARRAY$$Limit                                                    
UNDEFED   ti_sysbios_BIOS_RtsGateProxy_Handle__label__S__mangled__                  
UNDEFED   ti_sysbios_BIOS_RtsGateProxy_Object__delete__S__mangled__                 
UNDEFED   ti_sysbios_BIOS_RtsGateProxy_Params__init__S__mangled__                   
UNDEFED   ti_sysbios_BIOS_RtsGateProxy_query__E__mangled__                          
UNDEFED   ti_sysbios_hal_Hwi_HwiProxy_Module__startupDone__S__mangled__             
UNDEFED   ti_sysbios_hal_Hwi_HwiProxy_Object__delete__S__mangled__                  
UNDEFED   ti_sysbios_hal_Hwi_HwiProxy_Params__init__S__mangled__                    
UNDEFED   ti_sysbios_hal_Hwi_HwiProxy_disableInterrupt__E__mangled__                
UNDEFED   ti_sysbios_hal_Hwi_HwiProxy_enableInterrupt__E__mangled__                 
UNDEFED   ti_sysbios_hal_Hwi_HwiProxy_getStackInfo__E__mangled__                    
UNDEFED   ti_sysbios_hal_Hwi_HwiProxy_startup__E__mangled__                         
UNDEFED   ti_sysbios_hal_Hwi_HwiProxy_switchFromBootStack__E__mangled__             
UNDEFED   ti_sysbios_hal_Hwi_disableInterrupt__E                                    
UNDEFED   ti_sysbios_hal_Hwi_enableInterrupt__E                                     
UNDEFED   ti_sysbios_hal_Hwi_getStackInfo__E                                        
UNDEFED   ti_sysbios_hal_Hwi_startup__E                                             
UNDEFED   ti_sysbios_hal_Hwi_switchFromBootStack__E                                 
UNDEFED   ti_sysbios_heaps_HeapMem_Module_GateProxy_Handle__label__S__mangled__     
UNDEFED   ti_sysbios_heaps_HeapMem_Module_GateProxy_Object__delete__S__mangled__    
UNDEFED   ti_sysbios_heaps_HeapMem_Module_GateProxy_Params__init__S__mangled__      
UNDEFED   ti_sysbios_heaps_HeapMem_Module_GateProxy_query__E__mangled__             
UNDEFED   ti_sysbios_knl_Clock_TimerProxy_Module__startupDone__S__mangled__         
UNDEFED   ti_sysbios_knl_Clock_TimerProxy_startup__E__mangled__                     
UNDEFED   ti_sysbios_knl_Task_SupportProxy_Module__startupDone__S__mangled__        
UNDEFED   ti_sysbios_knl_Task_SupportProxy_getStackAlignment__E__mangled__          
UNDEFED   ti_sysbios_knl_Task_SupportProxy_start__E__mangled__                      
UNDEFED   ti_sysbios_knl_Task_SupportProxy_swap__E__mangled__                       
UNDEFED   xdc_runtime_Main_Module_GateProxy_Handle__label__S                        
UNDEFED   xdc_runtime_Main_Module_GateProxy_Object__delete__S                       
UNDEFED   xdc_runtime_Main_Module_GateProxy_query__E                                
UNDEFED   xdc_runtime_Memory_HeapProxy_Handle__label__S__mangled__                  
UNDEFED   xdc_runtime_Memory_HeapProxy_Object__delete__S__mangled__                 
UNDEFED   xdc_runtime_System_Module_GateProxy_Handle__label__S__mangled__           
UNDEFED   xdc_runtime_System_Module_GateProxy_Object__delete__S__mangled__          
UNDEFED   xdc_runtime_System_Module_GateProxy_query__E__mangled__                   
UNDEFED   xdc_runtime_System_SupportProxy_abort__E                                  
UNDEFED   xdc_runtime_System_SupportProxy_exit__E                                   
UNDEFED   xdc_runtime_Timestamp_SupportProxy_get64__E__mangled__                    
UNDEFED   xdc_runtime_Timestamp_SupportProxy_getFreq__E__mangled__                  
UNDEFED   xdc_runtime_Timestamp_get32__E                                            
UNDEFED   xdc_runtime_Timestamp_get64__E                                            
UNDEFED   xdc_runtime_Timestamp_getFreq__E                                          

[1005 symbols]
