******************************************************************************
                  TI ARM Linker PC v5.2.6                      
******************************************************************************
>> Linked Thu Aug 12 17:25:50 2021

OUTPUT FILE NAME:   <simple_peripheral_cc2650lp_app.out>
ENTRY POINT SYMBOL: "ResetISR"  address: 00004bd5


MEMORY CONFIGURATION

         name            origin    length      used     unused   attr    fill
----------------------  --------  ---------  --------  --------  ----  --------
  FLASH                 00000000   0000e000  00007a9a  00006566  R  X
  FLASH_LAST_PAGE       0001f000   00001000  00000058  00000fa8  R  X
  SRAM                  20000000   00004348  000020da  0000226e  RW X


SEGMENT ALLOCATION MAP

run origin  load origin   length   init length attrs members
----------  ----------- ---------- ----------- ----- -------
00000000    00000000    00007aa0   00007aa0    r-x
  00000000    00000000    0000003c   0000003c    r-- .resetVecs
  0000003c    0000003c    000000c4   000000c4    r-x .text.1
  00000100    00000100    0000003c   0000003c    r-- .const:ti_sysbios_knl_Task_Object__PARAMS__C
  0000013c    0000013c    00000034   00000034    r-- .const:ti_sysbios_knl_Mailbox_Object__PARAMS__C
  00000170    00000170    00000030   00000030    r-- .const:ti_sysbios_family_arm_m3_Hwi_Object__PARAMS__C
  000001a0    000001a0    0000002c   0000002c    r-- .const:ti_sysbios_hal_Hwi_Object__PARAMS__C
  000001cc    000001cc    00000028   00000028    r-- .const:ti_sysbios_heaps_HeapMem_Module__FXNS__C
  000001f4    000001f4    00000028   00000028    r-- .const:ti_sysbios_knl_Swi_Object__PARAMS__C
  0000021c    0000021c    00000024   00000024    r-- .const:ti_sysbios_gates_GateHwi_Module__FXNS__C
  00000240    00000240    00000024   00000024    r-- .const:ti_sysbios_gates_GateMutex_Module__FXNS__C
  00000264    00000264    00000024   00000024    r-- .const:ti_sysbios_heaps_HeapMem_Object__PARAMS__C
  00000288    00000288    00000024   00000024    r-- .const:ti_sysbios_knl_Clock_Object__PARAMS__C
  000002ac    000002ac    00000024   00000024    r-- .const:ti_sysbios_knl_Semaphore_Object__PARAMS__C
  000002d0    000002d0    00000020   00000020    r-- .const:ti_sysbios_family_arm_m3_Hwi_Object__DESC__C
  000002f0    000002f0    00000020   00000020    r-- .const:ti_sysbios_gates_GateHwi_Object__DESC__C
  00000310    00000310    00000020   00000020    r-- .const:ti_sysbios_gates_GateMutex_Object__DESC__C
  00000330    00000330    00000020   00000020    r-- .const:ti_sysbios_hal_Hwi_Object__DESC__C
  00000350    00000350    00000020   00000020    r-- .const:ti_sysbios_heaps_HeapMem_Object__DESC__C
  00000370    00000370    00000020   00000020    r-- .const:ti_sysbios_knl_Clock_Object__DESC__C
  00000390    00000390    00000020   00000020    r-- .const:ti_sysbios_knl_Mailbox_Object__DESC__C
  000003b0    000003b0    00000020   00000020    r-- .const:ti_sysbios_knl_Queue_Object__DESC__C
  000003d0    000003d0    00000020   00000020    r-- .const:ti_sysbios_knl_Semaphore_Object__DESC__C
  000003f0    000003f0    00000020   00000020    r-- .const:ti_sysbios_knl_Swi_Object__DESC__C
  00000410    00000410    00000020   00000020    r-- .const:ti_sysbios_knl_Task_Object__DESC__C
  00000430    00000430    00000018   00000018    r-- .const:ti_sysbios_gates_GateHwi_Object__PARAMS__C
  00000448    00000448    00000018   00000018    r-- .const:ti_sysbios_gates_GateMutex_Object__PARAMS__C
  00000460    00000460    00000018   00000018    r-- .const:ti_sysbios_knl_Queue_Object__PARAMS__C
  00000478    00000478    00000008   00000008    r-- .const:ti_sysbios_knl_Idle_funcList__C
  00000480    00000480    00000004   00000004    r-x .text.2
  00000484    00000484    00000004   00000004    r-- .const:ti_sysbios_family_arm_cc26xx_Timer_startupNeeded__C
  00000488    00000488    00000004   00000004    r-- .const:ti_sysbios_family_arm_m3_Hwi_E_alreadyDefined__C
  0000048c    0000048c    00000004   00000004    r-- .const:ti_sysbios_family_arm_m3_Hwi_E_hwiLimitExceeded__C
  00000490    00000490    00000004   00000004    r-- .const:ti_sysbios_family_arm_m3_Hwi_NUM_INTERRUPTS__C
  00000494    00000494    00000004   00000004    r-- .const:ti_sysbios_family_arm_m3_Hwi_Object__count__C
  00000498    00000498    00000004   00000004    r-- .const:ti_sysbios_family_arm_m3_Hwi_Object__table__C
  0000049c    0000049c    00000004   00000004    r-- .const:ti_sysbios_family_arm_m3_Hwi_ccr__C
  000004a0    000004a0    00000004   00000004    r-- .const:ti_sysbios_family_arm_m3_Hwi_excHandlerFunc__C
  000004a4    000004a4    00000004   00000004    r-- .const:ti_sysbios_family_arm_m3_Hwi_nullIsrFunc__C
  000004a8    000004a8    00000004   00000004    r-- .const:ti_sysbios_family_arm_m3_Hwi_numSparseInterrupts__C
  000004ac    000004ac    00000004   00000004    r-- .const:ti_sysbios_family_arm_m3_Hwi_priGroup__C
  000004b0    000004b0    00000004   00000004    r-- .const:ti_sysbios_family_arm_m3_TaskSupport_stackAlignment__C
  000004b4    000004b4    00000004   00000004    r-- .const:ti_sysbios_heaps_HeapMem_E_memory__C
  000004b8    000004b8    00000004   00000004    r-- .const:ti_sysbios_heaps_HeapMem_Module__gateObj__C
  000004bc    000004bc    00000004   00000004    r-- .const:ti_sysbios_heaps_HeapMem_Object__count__C
  000004c0    000004c0    00000004   00000004    r-- .const:ti_sysbios_heaps_HeapMem_Object__table__C
  000004c4    000004c4    00000004   00000004    r-- .const:ti_sysbios_heaps_HeapMem_reqAlign__C
  000004c8    000004c8    00000004   00000004    r-- .const:ti_sysbios_knl_Clock_serviceMargin__C
  000004cc    000004cc    00000004   00000004    r-- .const:ti_sysbios_knl_Mailbox_Object__count__C
  000004d0    000004d0    00000004   00000004    r-- .const:ti_sysbios_knl_Mailbox_Object__table__C
  000004d4    000004d4    00000004   00000004    r-- .const:ti_sysbios_knl_Queue_Object__count__C
  000004d8    000004d8    00000004   00000004    r-- .const:ti_sysbios_knl_Queue_Object__table__C
  000004dc    000004dc    00000004   00000004    r-- .const:ti_sysbios_knl_Swi_Object__count__C
  000004e0    000004e0    00000004   00000004    r-- .const:ti_sysbios_knl_Swi_Object__table__C
  000004e4    000004e4    00000004   00000004    r-- .const:ti_sysbios_knl_Swi_numPriorities__C
  000004e8    000004e8    00000004   00000004    r-- .const:ti_sysbios_knl_Task_Object__count__C
  000004ec    000004ec    00000004   00000004    r-- .const:ti_sysbios_knl_Task_Object__table__C
  000004f0    000004f0    00000004   00000004    r-- .const:ti_sysbios_knl_Task_allBlockedFunc__C
  000004f4    000004f4    00000004   00000004    r-- .const:ti_sysbios_knl_Task_defaultStackHeap__C
  000004f8    000004f8    00000004   00000004    r-- .const:ti_sysbios_knl_Task_defaultStackSize__C
  000004fc    000004fc    00000004   00000004    r-- .const:ti_sysbios_knl_Task_numConstructedTasks__C
  00000500    00000500    00000002   00000002    r-x .text.3
  00000502    00000502    00000002   00000002    r-- .const:ti_sysbios_family_arm_cc26xx_Timer_Module__id__C
  00000504    00000504    00000002   00000002    r-- .const:ti_sysbios_family_arm_cc26xx_TimestampProvider_useClockTimer__C
  00000506    00000506    00000002   00000002    r-- .const:ti_sysbios_family_arm_m3_Hwi_Module__id__C
  00000508    00000508    00000002   00000002    r-- .const:ti_sysbios_gates_GateHwi_Module__id__C
  0000050a    0000050a    00000002   00000002    r-- .const:ti_sysbios_gates_GateMutex_Module__id__C
  0000050c    0000050c    00000002   00000002    r-- .const:ti_sysbios_heaps_HeapMem_Module__id__C
  0000050e    0000050e    00000002   00000002    r-- .const:ti_sysbios_knl_Task_initStackFlag__C
  00000510    00000510    00000001   00000001    r-- .const:ti_sysbios_knl_Clock_tickMode__C
  00000514    00000514    00000008   00000008    r-- .const:xdc_runtime_Startup_firstFxns__C
  0000051c    0000051c    00000008   00000008    r-- .const:xdc_runtime_Startup_lastFxns__C
  00000524    00000524    00000004   00000004    r-- .const:xdc_runtime_Assert_E_assertFailed__C
  00000528    00000528    00000004   00000004    r-- .const:xdc_runtime_Error_E_memory__C
  0000052c    0000052c    00000004   00000004    r-- .const:xdc_runtime_Error_policyFxn__C
  00000530    00000530    00000004   00000004    r-- .const:xdc_runtime_IGateProvider_Interface__BASE__C
  00000534    00000534    00000004   00000004    r-- .const:xdc_runtime_IHeap_Interface__BASE__C
  00000538    00000538    00000004   00000004    r-- .const:xdc_runtime_IModule_Interface__BASE__C
  0000053c    0000053c    00000004   00000004    r-- .const:xdc_runtime_Main_Module__diagsEnabled__C
  00000540    00000540    00000004   00000004    r-- .const:xdc_runtime_Main_Module__diagsIncluded__C
  00000544    00000544    00000004   00000004    r-- .const:xdc_runtime_Main_Module__diagsMask__C
  00000548    00000548    00000004   00000004    r-- .const:xdc_runtime_Memory_defaultHeapInstance__C
  0000054c    0000054c    00000004   00000004    r-- .const:xdc_runtime_Startup_execImpl__C
  00000550    00000550    00000004   00000004    r-- .const:xdc_runtime_Startup_maxPasses__C
  00000554    00000554    00000004   00000004    r-- .const:xdc_runtime_Startup_sfxnRts__C
  00000558    00000558    00000004   00000004    r-- .const:xdc_runtime_Startup_sfxnTab__C
  0000055c    0000055c    00000004   00000004    r-- .const:xdc_runtime_Startup_startModsFxn__C
  00000560    00000560    00000004   00000004    r-- .const:xdc_runtime_SysCallback_abortFxn__C
  00000564    00000564    00000004   00000004    r-- .const:xdc_runtime_SysCallback_exitFxn__C
  00000568    00000568    00000004   00000004    r-- .const:xdc_runtime_System_abortFxn__C
  0000056c    0000056c    00000004   00000004    r-- .const:xdc_runtime_System_exitFxn__C
  00000570    00000570    00000004   00000004    r-- .const:xdc_runtime_System_maxAtexitHandlers__C
  00000574    00000574    00000004   00000004    r-- .const:xdc_runtime_Text_charTab__C
  00000578    00000578    00000004   00000004    r-- .const:xdc_runtime_Text_nameEmpty__C
  0000057c    0000057c    00000004   00000004    r-- .const:xdc_runtime_Text_nameStatic__C
  00000580    00000580    00000004   00000004    r-- .const:xdc_runtime_Text_nameUnknown__C
  00000584    00000584    00000002   00000002    r-- .const:xdc_runtime_Main_Module__id__C
  00000586    00000586    00000002   00000002    r-- .const:xdc_runtime_Memory_Module__id__C
  00000588    00000588    00000002   00000002    r-- .const:xdc_runtime_Text_charCnt__C
  0000058a    0000058a    00000002   00000002    r-- .const:xdc_runtime_Text_isLoaded__C
  0000058c    0000058c    00000001   00000001    r-- .const:xdc_runtime_Error_policy__C
  00000590    00000590    00000004   00000004    r-- .const:ti_sysbios_rom_ROM_AONRTCChannelEnable
  00000594    00000594    00000004   00000004    r-- .const:ti_sysbios_rom_ROM_AONRTCCompareValueSet
  00000598    00000598    00000004   00000004    r-- .const:ti_sysbios_rom_ROM_AONRTCCurrentCompareValueGet
  0000059c    0000059c    00000004   00000004    r-- .const:ti_sysbios_rom_ROM_AONRTCEventClear
  000005a0    000005a0    00000004   00000004    r-- .const:ti_sysbios_rom_ROM_ti_sysbios_family_arm_cc26xx_Timer_getCount64__E
  000005a4    000005a4    00000004   00000004    r-- .const:ti_sysbios_rom_ROM_ti_sysbios_family_arm_cc26xx_Timer_getCurrentTick__E
  000005a8    000005a8    00000004   00000004    r-- .const:ti_sysbios_rom_ROM_ti_sysbios_family_arm_cc26xx_Timer_getMaxTicks__E
  000005ac    000005ac    00000004   00000004    r-- .const:ti_sysbios_rom_ROM_ti_sysbios_family_arm_cc26xx_Timer_initDevice__I
  000005b0    000005b0    00000004   00000004    r-- .const:ti_sysbios_rom_ROM_ti_sysbios_family_arm_cc26xx_Timer_setNextTick__E
  000005b4    000005b4    00000004   00000004    r-- .const:ti_sysbios_rom_ROM_ti_sysbios_family_arm_cc26xx_Timer_setThreshold__I
  000005b8    000005b8    00000004   00000004    r-- .const:ti_sysbios_rom_ROM_ti_sysbios_family_arm_cc26xx_Timer_start__E
  000005bc    000005bc    00000004   00000004    r-- .const:ti_sysbios_rom_ROM_ti_sysbios_family_arm_cc26xx_TimestampProvider_get32__E
  000005c0    000005c0    00000004   00000004    r-- .const:ti_sysbios_rom_ROM_xdc_runtime_Startup_getState__I
  000005c4    000005c4    00000004   00000004    r-- .const:ti_sysbios_rom_ROM_xdc_runtime_System_SupportProxy_abort__E
  000005c8    000005c8    00000004   00000004    r-- .const:ti_sysbios_rom_ROM_xdc_runtime_System_SupportProxy_exit__E
  000005cc    000005cc    00000004   00000004    r-- .const:ti_sysbios_gates_GateMutex_Instance_State_sem__O
  000005d0    000005d0    00000004   00000004    r-- .const:ti_sysbios_knl_Clock_Module_State_clockQ__O
  000005d4    000005d4    00000004   00000004    r-- .const:ti_sysbios_knl_Mailbox_Instance_State_dataQue__O
  000005d8    000005d8    00000004   00000004    r-- .const:ti_sysbios_knl_Mailbox_Instance_State_dataSem__O
  000005dc    000005dc    00000004   00000004    r-- .const:ti_sysbios_knl_Mailbox_Instance_State_freeQue__O
  000005e0    000005e0    00000004   00000004    r-- .const:ti_sysbios_knl_Mailbox_Instance_State_freeSem__O
  000005e4    000005e4    00000004   00000004    r-- .const:ti_sysbios_knl_Semaphore_Instance_State_pendQ__O
  000005e8    000005e8    00000004   00000004    r-- .const:ti_sysbios_knl_Task_Module_State_inactiveQ__O
  000005ec    000005ec    00006a10   00006a10    r-x .text.4
  00006ffc    00006ffc    0000031c   0000031c    r-- .const
  00007318    00007318    00000788   00000788    r-- .cinit
0001ffa8    0001ffa8    00000058   00000058    r--
  0001ffa8    0001ffa8    00000058   00000058    r-- .ccfg
20000100    20000100    00001c16   00000000    rw-
  20000100    20000100    00000044   00000000    rw- .data:ti_sysbios_knl_Task_Module__state__V
  20000144    20000144    00000034   00000000    rw- .data:ti_sysbios_family_arm_m3_Hwi_Module__state__V
  20000178    20000178    0000002c   00000000    rw- .data:ti_sysbios_knl_Clock_Module__state__V
  200001a4    200001a4    00000024   00000000    rw- .data:ti_sysbios_BIOS_Module__state__V
  200001c8    200001c8    0000001c   00000000    rw- .data:ti_sysbios_knl_Swi_Module__state__V
  200001e4    200001e4    00000008   00000000    rw- .data:ti_sysbios_family_arm_cc26xx_Timer_Module__state__V
  200001ec    200001ec    00000004   00000000    rw- .data:ti_sysbios_family_arm_cc26xx_TimestampProvider_Module__state__V
  200001f0    200001f0    00000008   00000000    rw- .data:xdc_runtime_Startup_Module__state__V
  200001f8    200001f8    00000008   00000000    rw- .data:xdc_runtime_System_Module__state__V
  20000200    20000200    00000004   00000000    rw- .data:xdc_runtime_Memory_Module__state__V
  20000208    20000208    0000108d   00000000    rw- .data
  20001298    20001298    00000a7e   00000000    rw- .bss
20003f48    20003f48    00000400   00000000    rw-
  20003f48    20003f48    00000400   00000000    rw- .stack


SECTION ALLOCATION MAP

 output                                  attributes/
section   page    origin      length       input sections
--------  ----  ----------  ----------   ----------------
.resetVecs 
*          0    00000000    0000003c     
                  00000000    0000003c     app_ble_pem3.oem3 (.resetVecs)

.text.1    0    0000003c    000000c4     
                  0000003c    000000b4     PINCC26XX.obj (.text:PINCC26XX_setIoCfg$6)
                  000000f0    00000008     (.tramp.ti_sysbios_family_arm_m3_Hwi_disableFxn__E.1)
                  000000f8    00000008     (.tramp.ti_sysbios_family_arm_m3_Hwi_restoreFxn__E.1)

.const:ti_sysbios_knl_Task_Object__PARAMS__C 
*          0    00000100    0000003c     
                  00000100    0000003c     app_ble_pem3.oem3 (.const:ti_sysbios_knl_Task_Object__PARAMS__C)

.const:ti_sysbios_knl_Mailbox_Object__PARAMS__C 
*          0    0000013c    00000034     
                  0000013c    00000034     app_ble_pem3.oem3 (.const:ti_sysbios_knl_Mailbox_Object__PARAMS__C)

.const:ti_sysbios_family_arm_m3_Hwi_Object__PARAMS__C 
*          0    00000170    00000030     
                  00000170    00000030     app_ble_pem3.oem3 (.const:ti_sysbios_family_arm_m3_Hwi_Object__PARAMS__C)

.const:ti_sysbios_hal_Hwi_Object__PARAMS__C 
*          0    000001a0    0000002c     
                  000001a0    0000002c     app_ble_pem3.oem3 (.const:ti_sysbios_hal_Hwi_Object__PARAMS__C)

.const:ti_sysbios_heaps_HeapMem_Module__FXNS__C 
*          0    000001cc    00000028     
                  000001cc    00000028     app_ble_pem3.oem3 (.const:ti_sysbios_heaps_HeapMem_Module__FXNS__C)

.const:ti_sysbios_knl_Swi_Object__PARAMS__C 
*          0    000001f4    00000028     
                  000001f4    00000028     app_ble_pem3.oem3 (.const:ti_sysbios_knl_Swi_Object__PARAMS__C)

.const:ti_sysbios_gates_GateHwi_Module__FXNS__C 
*          0    0000021c    00000024     
                  0000021c    00000024     app_ble_pem3.oem3 (.const:ti_sysbios_gates_GateHwi_Module__FXNS__C)

.const:ti_sysbios_gates_GateMutex_Module__FXNS__C 
*          0    00000240    00000024     
                  00000240    00000024     app_ble_pem3.oem3 (.const:ti_sysbios_gates_GateMutex_Module__FXNS__C)

.const:ti_sysbios_heaps_HeapMem_Object__PARAMS__C 
*          0    00000264    00000024     
                  00000264    00000024     app_ble_pem3.oem3 (.const:ti_sysbios_heaps_HeapMem_Object__PARAMS__C)

.const:ti_sysbios_knl_Clock_Object__PARAMS__C 
*          0    00000288    00000024     
                  00000288    00000024     app_ble_pem3.oem3 (.const:ti_sysbios_knl_Clock_Object__PARAMS__C)

.const:ti_sysbios_knl_Semaphore_Object__PARAMS__C 
*          0    000002ac    00000024     
                  000002ac    00000024     app_ble_pem3.oem3 (.const:ti_sysbios_knl_Semaphore_Object__PARAMS__C)

.const:ti_sysbios_family_arm_m3_Hwi_Object__DESC__C 
*          0    000002d0    00000020     
                  000002d0    00000020     app_ble_pem3.oem3 (.const:ti_sysbios_family_arm_m3_Hwi_Object__DESC__C)

.const:ti_sysbios_gates_GateHwi_Object__DESC__C 
*          0    000002f0    00000020     
                  000002f0    00000020     app_ble_pem3.oem3 (.const:ti_sysbios_gates_GateHwi_Object__DESC__C)

.const:ti_sysbios_gates_GateMutex_Object__DESC__C 
*          0    00000310    00000020     
                  00000310    00000020     app_ble_pem3.oem3 (.const:ti_sysbios_gates_GateMutex_Object__DESC__C)

.const:ti_sysbios_hal_Hwi_Object__DESC__C 
*          0    00000330    00000020     
                  00000330    00000020     app_ble_pem3.oem3 (.const:ti_sysbios_hal_Hwi_Object__DESC__C)

.const:ti_sysbios_heaps_HeapMem_Object__DESC__C 
*          0    00000350    00000020     
                  00000350    00000020     app_ble_pem3.oem3 (.const:ti_sysbios_heaps_HeapMem_Object__DESC__C)

.const:ti_sysbios_knl_Clock_Object__DESC__C 
*          0    00000370    00000020     
                  00000370    00000020     app_ble_pem3.oem3 (.const:ti_sysbios_knl_Clock_Object__DESC__C)

.const:ti_sysbios_knl_Mailbox_Object__DESC__C 
*          0    00000390    00000020     
                  00000390    00000020     app_ble_pem3.oem3 (.const:ti_sysbios_knl_Mailbox_Object__DESC__C)

.const:ti_sysbios_knl_Queue_Object__DESC__C 
*          0    000003b0    00000020     
                  000003b0    00000020     app_ble_pem3.oem3 (.const:ti_sysbios_knl_Queue_Object__DESC__C)

.const:ti_sysbios_knl_Semaphore_Object__DESC__C 
*          0    000003d0    00000020     
                  000003d0    00000020     app_ble_pem3.oem3 (.const:ti_sysbios_knl_Semaphore_Object__DESC__C)

.const:ti_sysbios_knl_Swi_Object__DESC__C 
*          0    000003f0    00000020     
                  000003f0    00000020     app_ble_pem3.oem3 (.const:ti_sysbios_knl_Swi_Object__DESC__C)

.const:ti_sysbios_knl_Task_Object__DESC__C 
*          0    00000410    00000020     
                  00000410    00000020     app_ble_pem3.oem3 (.const:ti_sysbios_knl_Task_Object__DESC__C)

.const:ti_sysbios_gates_GateHwi_Object__PARAMS__C 
*          0    00000430    00000018     
                  00000430    00000018     app_ble_pem3.oem3 (.const:ti_sysbios_gates_GateHwi_Object__PARAMS__C)

.const:ti_sysbios_gates_GateMutex_Object__PARAMS__C 
*          0    00000448    00000018     
                  00000448    00000018     app_ble_pem3.oem3 (.const:ti_sysbios_gates_GateMutex_Object__PARAMS__C)

.const:ti_sysbios_knl_Queue_Object__PARAMS__C 
*          0    00000460    00000018     
                  00000460    00000018     app_ble_pem3.oem3 (.const:ti_sysbios_knl_Queue_Object__PARAMS__C)

.const:ti_sysbios_knl_Idle_funcList__C 
*          0    00000478    00000008     
                  00000478    00000008     app_ble_pem3.oem3 (.const:ti_sysbios_knl_Idle_funcList__C)

.text.2    0    00000480    00000004     
                  00000480    00000004     icall_api.obj (.text:GATTServApp_AddService)

.const:ti_sysbios_family_arm_cc26xx_Timer_startupNeeded__C 
*          0    00000484    00000004     
                  00000484    00000004     app_ble_pem3.oem3 (.const:ti_sysbios_family_arm_cc26xx_Timer_startupNeeded__C)

.const:ti_sysbios_family_arm_m3_Hwi_E_alreadyDefined__C 
*          0    00000488    00000004     
                  00000488    00000004     app_ble_pem3.oem3 (.const:ti_sysbios_family_arm_m3_Hwi_E_alreadyDefined__C)

.const:ti_sysbios_family_arm_m3_Hwi_E_hwiLimitExceeded__C 
*          0    0000048c    00000004     
                  0000048c    00000004     app_ble_pem3.oem3 (.const:ti_sysbios_family_arm_m3_Hwi_E_hwiLimitExceeded__C)

.const:ti_sysbios_family_arm_m3_Hwi_NUM_INTERRUPTS__C 
*          0    00000490    00000004     
                  00000490    00000004     app_ble_pem3.oem3 (.const:ti_sysbios_family_arm_m3_Hwi_NUM_INTERRUPTS__C)

.const:ti_sysbios_family_arm_m3_Hwi_Object__count__C 
*          0    00000494    00000004     
                  00000494    00000004     app_ble_pem3.oem3 (.const:ti_sysbios_family_arm_m3_Hwi_Object__count__C)

.const:ti_sysbios_family_arm_m3_Hwi_Object__table__C 
*          0    00000498    00000004     
                  00000498    00000004     app_ble_pem3.oem3 (.const:ti_sysbios_family_arm_m3_Hwi_Object__table__C)

.const:ti_sysbios_family_arm_m3_Hwi_ccr__C 
*          0    0000049c    00000004     
                  0000049c    00000004     app_ble_pem3.oem3 (.const:ti_sysbios_family_arm_m3_Hwi_ccr__C)

.const:ti_sysbios_family_arm_m3_Hwi_excHandlerFunc__C 
*          0    000004a0    00000004     
                  000004a0    00000004     app_ble_pem3.oem3 (.const:ti_sysbios_family_arm_m3_Hwi_excHandlerFunc__C)

.const:ti_sysbios_family_arm_m3_Hwi_nullIsrFunc__C 
*          0    000004a4    00000004     
                  000004a4    00000004     app_ble_pem3.oem3 (.const:ti_sysbios_family_arm_m3_Hwi_nullIsrFunc__C)

.const:ti_sysbios_family_arm_m3_Hwi_numSparseInterrupts__C 
*          0    000004a8    00000004     
                  000004a8    00000004     app_ble_pem3.oem3 (.const:ti_sysbios_family_arm_m3_Hwi_numSparseInterrupts__C)

.const:ti_sysbios_family_arm_m3_Hwi_priGroup__C 
*          0    000004ac    00000004     
                  000004ac    00000004     app_ble_pem3.oem3 (.const:ti_sysbios_family_arm_m3_Hwi_priGroup__C)

.const:ti_sysbios_family_arm_m3_TaskSupport_stackAlignment__C 
*          0    000004b0    00000004     
                  000004b0    00000004     app_ble_pem3.oem3 (.const:ti_sysbios_family_arm_m3_TaskSupport_stackAlignment__C)

.const:ti_sysbios_heaps_HeapMem_E_memory__C 
*          0    000004b4    00000004     
                  000004b4    00000004     app_ble_pem3.oem3 (.const:ti_sysbios_heaps_HeapMem_E_memory__C)

.const:ti_sysbios_heaps_HeapMem_Module__gateObj__C 
*          0    000004b8    00000004     
                  000004b8    00000004     app_ble_pem3.oem3 (.const:ti_sysbios_heaps_HeapMem_Module__gateObj__C)

.const:ti_sysbios_heaps_HeapMem_Object__count__C 
*          0    000004bc    00000004     
                  000004bc    00000004     app_ble_pem3.oem3 (.const:ti_sysbios_heaps_HeapMem_Object__count__C)

.const:ti_sysbios_heaps_HeapMem_Object__table__C 
*          0    000004c0    00000004     
                  000004c0    00000004     app_ble_pem3.oem3 (.const:ti_sysbios_heaps_HeapMem_Object__table__C)

.const:ti_sysbios_heaps_HeapMem_reqAlign__C 
*          0    000004c4    00000004     
                  000004c4    00000004     app_ble_pem3.oem3 (.const:ti_sysbios_heaps_HeapMem_reqAlign__C)

.const:ti_sysbios_knl_Clock_serviceMargin__C 
*          0    000004c8    00000004     
                  000004c8    00000004     app_ble_pem3.oem3 (.const:ti_sysbios_knl_Clock_serviceMargin__C)

.const:ti_sysbios_knl_Mailbox_Object__count__C 
*          0    000004cc    00000004     
                  000004cc    00000004     app_ble_pem3.oem3 (.const:ti_sysbios_knl_Mailbox_Object__count__C)

.const:ti_sysbios_knl_Mailbox_Object__table__C 
*          0    000004d0    00000004     
                  000004d0    00000004     app_ble_pem3.oem3 (.const:ti_sysbios_knl_Mailbox_Object__table__C)

.const:ti_sysbios_knl_Queue_Object__count__C 
*          0    000004d4    00000004     
                  000004d4    00000004     app_ble_pem3.oem3 (.const:ti_sysbios_knl_Queue_Object__count__C)

.const:ti_sysbios_knl_Queue_Object__table__C 
*          0    000004d8    00000004     
                  000004d8    00000004     app_ble_pem3.oem3 (.const:ti_sysbios_knl_Queue_Object__table__C)

.const:ti_sysbios_knl_Swi_Object__count__C 
*          0    000004dc    00000004     
                  000004dc    00000004     app_ble_pem3.oem3 (.const:ti_sysbios_knl_Swi_Object__count__C)

.const:ti_sysbios_knl_Swi_Object__table__C 
*          0    000004e0    00000004     
                  000004e0    00000004     app_ble_pem3.oem3 (.const:ti_sysbios_knl_Swi_Object__table__C)

.const:ti_sysbios_knl_Swi_numPriorities__C 
*          0    000004e4    00000004     
                  000004e4    00000004     app_ble_pem3.oem3 (.const:ti_sysbios_knl_Swi_numPriorities__C)

.const:ti_sysbios_knl_Task_Object__count__C 
*          0    000004e8    00000004     
                  000004e8    00000004     app_ble_pem3.oem3 (.const:ti_sysbios_knl_Task_Object__count__C)

.const:ti_sysbios_knl_Task_Object__table__C 
*          0    000004ec    00000004     
                  000004ec    00000004     app_ble_pem3.oem3 (.const:ti_sysbios_knl_Task_Object__table__C)

.const:ti_sysbios_knl_Task_allBlockedFunc__C 
*          0    000004f0    00000004     
                  000004f0    00000004     app_ble_pem3.oem3 (.const:ti_sysbios_knl_Task_allBlockedFunc__C)

.const:ti_sysbios_knl_Task_defaultStackHeap__C 
*          0    000004f4    00000004     
                  000004f4    00000004     app_ble_pem3.oem3 (.const:ti_sysbios_knl_Task_defaultStackHeap__C)

.const:ti_sysbios_knl_Task_defaultStackSize__C 
*          0    000004f8    00000004     
                  000004f8    00000004     app_ble_pem3.oem3 (.const:ti_sysbios_knl_Task_defaultStackSize__C)

.const:ti_sysbios_knl_Task_numConstructedTasks__C 
*          0    000004fc    00000004     
                  000004fc    00000004     app_ble_pem3.oem3 (.const:ti_sysbios_knl_Task_numConstructedTasks__C)

.text.3    0    00000500    00000002     
                  00000500    00000002     ble_user_config.obj (.text:DefaultAssertCback)

.const:ti_sysbios_family_arm_cc26xx_Timer_Module__id__C 
*          0    00000502    00000002     
                  00000502    00000002     app_ble_pem3.oem3 (.const:ti_sysbios_family_arm_cc26xx_Timer_Module__id__C)

.const:ti_sysbios_family_arm_cc26xx_TimestampProvider_useClockTimer__C 
*          0    00000504    00000002     
                  00000504    00000002     app_ble_pem3.oem3 (.const:ti_sysbios_family_arm_cc26xx_TimestampProvider_useClockTimer__C)

.const:ti_sysbios_family_arm_m3_Hwi_Module__id__C 
*          0    00000506    00000002     
                  00000506    00000002     app_ble_pem3.oem3 (.const:ti_sysbios_family_arm_m3_Hwi_Module__id__C)

.const:ti_sysbios_gates_GateHwi_Module__id__C 
*          0    00000508    00000002     
                  00000508    00000002     app_ble_pem3.oem3 (.const:ti_sysbios_gates_GateHwi_Module__id__C)

.const:ti_sysbios_gates_GateMutex_Module__id__C 
*          0    0000050a    00000002     
                  0000050a    00000002     app_ble_pem3.oem3 (.const:ti_sysbios_gates_GateMutex_Module__id__C)

.const:ti_sysbios_heaps_HeapMem_Module__id__C 
*          0    0000050c    00000002     
                  0000050c    00000002     app_ble_pem3.oem3 (.const:ti_sysbios_heaps_HeapMem_Module__id__C)

.const:ti_sysbios_knl_Task_initStackFlag__C 
*          0    0000050e    00000002     
                  0000050e    00000002     app_ble_pem3.oem3 (.const:ti_sysbios_knl_Task_initStackFlag__C)

.const:ti_sysbios_knl_Clock_tickMode__C 
*          0    00000510    00000001     
                  00000510    00000001     app_ble_pem3.oem3 (.const:ti_sysbios_knl_Clock_tickMode__C)

.const:xdc_runtime_Startup_firstFxns__C 
*          0    00000514    00000008     
                  00000514    00000008     app_ble_pem3.oem3 (.const:xdc_runtime_Startup_firstFxns__C)

.const:xdc_runtime_Startup_lastFxns__C 
*          0    0000051c    00000008     
                  0000051c    00000008     app_ble_pem3.oem3 (.const:xdc_runtime_Startup_lastFxns__C)

.const:xdc_runtime_Assert_E_assertFailed__C 
*          0    00000524    00000004     
                  00000524    00000004     app_ble_pem3.oem3 (.const:xdc_runtime_Assert_E_assertFailed__C)

.const:xdc_runtime_Error_E_memory__C 
*          0    00000528    00000004     
                  00000528    00000004     app_ble_pem3.oem3 (.const:xdc_runtime_Error_E_memory__C)

.const:xdc_runtime_Error_policyFxn__C 
*          0    0000052c    00000004     
                  0000052c    00000004     app_ble_pem3.oem3 (.const:xdc_runtime_Error_policyFxn__C)

.const:xdc_runtime_IGateProvider_Interface__BASE__C 
*          0    00000530    00000004     
                  00000530    00000004     app_ble_pem3.oem3 (.const:xdc_runtime_IGateProvider_Interface__BASE__C)

.const:xdc_runtime_IHeap_Interface__BASE__C 
*          0    00000534    00000004     
                  00000534    00000004     app_ble_pem3.oem3 (.const:xdc_runtime_IHeap_Interface__BASE__C)

.const:xdc_runtime_IModule_Interface__BASE__C 
*          0    00000538    00000004     
                  00000538    00000004     app_ble_pem3.oem3 (.const:xdc_runtime_IModule_Interface__BASE__C)

.const:xdc_runtime_Main_Module__diagsEnabled__C 
*          0    0000053c    00000004     
                  0000053c    00000004     app_ble_pem3.oem3 (.const:xdc_runtime_Main_Module__diagsEnabled__C)

.const:xdc_runtime_Main_Module__diagsIncluded__C 
*          0    00000540    00000004     
                  00000540    00000004     app_ble_pem3.oem3 (.const:xdc_runtime_Main_Module__diagsIncluded__C)

.const:xdc_runtime_Main_Module__diagsMask__C 
*          0    00000544    00000004     
                  00000544    00000004     app_ble_pem3.oem3 (.const:xdc_runtime_Main_Module__diagsMask__C)

.const:xdc_runtime_Memory_defaultHeapInstance__C 
*          0    00000548    00000004     
                  00000548    00000004     app_ble_pem3.oem3 (.const:xdc_runtime_Memory_defaultHeapInstance__C)

.const:xdc_runtime_Startup_execImpl__C 
*          0    0000054c    00000004     
                  0000054c    00000004     app_ble_pem3.oem3 (.const:xdc_runtime_Startup_execImpl__C)

.const:xdc_runtime_Startup_maxPasses__C 
*          0    00000550    00000004     
                  00000550    00000004     app_ble_pem3.oem3 (.const:xdc_runtime_Startup_maxPasses__C)

.const:xdc_runtime_Startup_sfxnRts__C 
*          0    00000554    00000004     
                  00000554    00000004     app_ble_pem3.oem3 (.const:xdc_runtime_Startup_sfxnRts__C)

.const:xdc_runtime_Startup_sfxnTab__C 
*          0    00000558    00000004     
                  00000558    00000004     app_ble_pem3.oem3 (.const:xdc_runtime_Startup_sfxnTab__C)

.const:xdc_runtime_Startup_startModsFxn__C 
*          0    0000055c    00000004     
                  0000055c    00000004     app_ble_pem3.oem3 (.const:xdc_runtime_Startup_startModsFxn__C)

.const:xdc_runtime_SysCallback_abortFxn__C 
*          0    00000560    00000004     
                  00000560    00000004     app_ble_pem3.oem3 (.const:xdc_runtime_SysCallback_abortFxn__C)

.const:xdc_runtime_SysCallback_exitFxn__C 
*          0    00000564    00000004     
                  00000564    00000004     app_ble_pem3.oem3 (.const:xdc_runtime_SysCallback_exitFxn__C)

.const:xdc_runtime_System_abortFxn__C 
*          0    00000568    00000004     
                  00000568    00000004     app_ble_pem3.oem3 (.const:xdc_runtime_System_abortFxn__C)

.const:xdc_runtime_System_exitFxn__C 
*          0    0000056c    00000004     
                  0000056c    00000004     app_ble_pem3.oem3 (.const:xdc_runtime_System_exitFxn__C)

.const:xdc_runtime_System_maxAtexitHandlers__C 
*          0    00000570    00000004     
                  00000570    00000004     app_ble_pem3.oem3 (.const:xdc_runtime_System_maxAtexitHandlers__C)

.const:xdc_runtime_Text_charTab__C 
*          0    00000574    00000004     
                  00000574    00000004     app_ble_pem3.oem3 (.const:xdc_runtime_Text_charTab__C)

.const:xdc_runtime_Text_nameEmpty__C 
*          0    00000578    00000004     
                  00000578    00000004     app_ble_pem3.oem3 (.const:xdc_runtime_Text_nameEmpty__C)

.const:xdc_runtime_Text_nameStatic__C 
*          0    0000057c    00000004     
                  0000057c    00000004     app_ble_pem3.oem3 (.const:xdc_runtime_Text_nameStatic__C)

.const:xdc_runtime_Text_nameUnknown__C 
*          0    00000580    00000004     
                  00000580    00000004     app_ble_pem3.oem3 (.const:xdc_runtime_Text_nameUnknown__C)

.const:xdc_runtime_Main_Module__id__C 
*          0    00000584    00000002     
                  00000584    00000002     app_ble_pem3.oem3 (.const:xdc_runtime_Main_Module__id__C)

.const:xdc_runtime_Memory_Module__id__C 
*          0    00000586    00000002     
                  00000586    00000002     app_ble_pem3.oem3 (.const:xdc_runtime_Memory_Module__id__C)

.const:xdc_runtime_Text_charCnt__C 
*          0    00000588    00000002     
                  00000588    00000002     app_ble_pem3.oem3 (.const:xdc_runtime_Text_charCnt__C)

.const:xdc_runtime_Text_isLoaded__C 
*          0    0000058a    00000002     
                  0000058a    00000002     app_ble_pem3.oem3 (.const:xdc_runtime_Text_isLoaded__C)

.const:xdc_runtime_Error_policy__C 
*          0    0000058c    00000001     
                  0000058c    00000001     app_ble_pem3.oem3 (.const:xdc_runtime_Error_policy__C)

.const:ti_sysbios_rom_ROM_AONRTCChannelEnable 
*          0    00000590    00000004     
                  00000590    00000004     app_ble_pem3.oem3 (.const:ti_sysbios_rom_ROM_AONRTCChannelEnable)

.const:ti_sysbios_rom_ROM_AONRTCCompareValueSet 
*          0    00000594    00000004     
                  00000594    00000004     app_ble_pem3.oem3 (.const:ti_sysbios_rom_ROM_AONRTCCompareValueSet)

.const:ti_sysbios_rom_ROM_AONRTCCurrentCompareValueGet 
*          0    00000598    00000004     
                  00000598    00000004     app_ble_pem3.oem3 (.const:ti_sysbios_rom_ROM_AONRTCCurrentCompareValueGet)

.const:ti_sysbios_rom_ROM_AONRTCEventClear 
*          0    0000059c    00000004     
                  0000059c    00000004     app_ble_pem3.oem3 (.const:ti_sysbios_rom_ROM_AONRTCEventClear)

.const:ti_sysbios_rom_ROM_ti_sysbios_family_arm_cc26xx_Timer_getCount64__E 
*          0    000005a0    00000004     
                  000005a0    00000004     app_ble_pem3.oem3 (.const:ti_sysbios_rom_ROM_ti_sysbios_family_arm_cc26xx_Timer_getCount64__E)

.const:ti_sysbios_rom_ROM_ti_sysbios_family_arm_cc26xx_Timer_getCurrentTick__E 
*          0    000005a4    00000004     
                  000005a4    00000004     app_ble_pem3.oem3 (.const:ti_sysbios_rom_ROM_ti_sysbios_family_arm_cc26xx_Timer_getCurrentTick__E)

.const:ti_sysbios_rom_ROM_ti_sysbios_family_arm_cc26xx_Timer_getMaxTicks__E 
*          0    000005a8    00000004     
                  000005a8    00000004     app_ble_pem3.oem3 (.const:ti_sysbios_rom_ROM_ti_sysbios_family_arm_cc26xx_Timer_getMaxTicks__E)

.const:ti_sysbios_rom_ROM_ti_sysbios_family_arm_cc26xx_Timer_initDevice__I 
*          0    000005ac    00000004     
                  000005ac    00000004     app_ble_pem3.oem3 (.const:ti_sysbios_rom_ROM_ti_sysbios_family_arm_cc26xx_Timer_initDevice__I)

.const:ti_sysbios_rom_ROM_ti_sysbios_family_arm_cc26xx_Timer_setNextTick__E 
*          0    000005b0    00000004     
                  000005b0    00000004     app_ble_pem3.oem3 (.const:ti_sysbios_rom_ROM_ti_sysbios_family_arm_cc26xx_Timer_setNextTick__E)

.const:ti_sysbios_rom_ROM_ti_sysbios_family_arm_cc26xx_Timer_setThreshold__I 
*          0    000005b4    00000004     
                  000005b4    00000004     app_ble_pem3.oem3 (.const:ti_sysbios_rom_ROM_ti_sysbios_family_arm_cc26xx_Timer_setThreshold__I)

.const:ti_sysbios_rom_ROM_ti_sysbios_family_arm_cc26xx_Timer_start__E 
*          0    000005b8    00000004     
                  000005b8    00000004     app_ble_pem3.oem3 (.const:ti_sysbios_rom_ROM_ti_sysbios_family_arm_cc26xx_Timer_start__E)

.const:ti_sysbios_rom_ROM_ti_sysbios_family_arm_cc26xx_TimestampProvider_get32__E 
*          0    000005bc    00000004     
                  000005bc    00000004     app_ble_pem3.oem3 (.const:ti_sysbios_rom_ROM_ti_sysbios_family_arm_cc26xx_TimestampProvider_get32__E)

.const:ti_sysbios_rom_ROM_xdc_runtime_Startup_getState__I 
*          0    000005c0    00000004     
                  000005c0    00000004     app_ble_pem3.oem3 (.const:ti_sysbios_rom_ROM_xdc_runtime_Startup_getState__I)

.const:ti_sysbios_rom_ROM_xdc_runtime_System_SupportProxy_abort__E 
*          0    000005c4    00000004     
                  000005c4    00000004     app_ble_pem3.oem3 (.const:ti_sysbios_rom_ROM_xdc_runtime_System_SupportProxy_abort__E)

.const:ti_sysbios_rom_ROM_xdc_runtime_System_SupportProxy_exit__E 
*          0    000005c8    00000004     
                  000005c8    00000004     app_ble_pem3.oem3 (.const:ti_sysbios_rom_ROM_xdc_runtime_System_SupportProxy_exit__E)

.const:ti_sysbios_gates_GateMutex_Instance_State_sem__O 
*          0    000005cc    00000004     
                  000005cc    00000004     app_ble_pem3.oem3 (.const:ti_sysbios_gates_GateMutex_Instance_State_sem__O)

.const:ti_sysbios_knl_Clock_Module_State_clockQ__O 
*          0    000005d0    00000004     
                  000005d0    00000004     app_ble_pem3.oem3 (.const:ti_sysbios_knl_Clock_Module_State_clockQ__O)

.const:ti_sysbios_knl_Mailbox_Instance_State_dataQue__O 
*          0    000005d4    00000004     
                  000005d4    00000004     app_ble_pem3.oem3 (.const:ti_sysbios_knl_Mailbox_Instance_State_dataQue__O)

.const:ti_sysbios_knl_Mailbox_Instance_State_dataSem__O 
*          0    000005d8    00000004     
                  000005d8    00000004     app_ble_pem3.oem3 (.const:ti_sysbios_knl_Mailbox_Instance_State_dataSem__O)

.const:ti_sysbios_knl_Mailbox_Instance_State_freeQue__O 
*          0    000005dc    00000004     
                  000005dc    00000004     app_ble_pem3.oem3 (.const:ti_sysbios_knl_Mailbox_Instance_State_freeQue__O)

.const:ti_sysbios_knl_Mailbox_Instance_State_freeSem__O 
*          0    000005e0    00000004     
                  000005e0    00000004     app_ble_pem3.oem3 (.const:ti_sysbios_knl_Mailbox_Instance_State_freeSem__O)

.const:ti_sysbios_knl_Semaphore_Instance_State_pendQ__O 
*          0    000005e4    00000004     
                  000005e4    00000004     app_ble_pem3.oem3 (.const:ti_sysbios_knl_Semaphore_Instance_State_pendQ__O)

.const:ti_sysbios_knl_Task_Module_State_inactiveQ__O 
*          0    000005e8    00000004     
                  000005e8    00000004     app_ble_pem3.oem3 (.const:ti_sysbios_knl_Task_Module_State_inactiveQ__O)

.text.4    0    000005ec    00006a10     
                  000005ec    00000310     RFCC26XX_singleMode.obj (.text:fsmActiveState$7)
                  000008fc    000002ec     peripheral.obj (.text:gapRole_processGAPMsg$22)
                  00000be8    0000023c     peripheral.obj (.text:GAPRole_SetParameter)
                  00000e24    00000228     drivers_cc26xxware.aem3 : PowerCC26XX.oem3 (.text:Power_sleep)
                  0000104c    00000204     driverlib.lib : sys_ctrl.obj (.text:NOROM_SysCtrlSetRechargeBeforePowerDown)
                  00001250    000001f4     rtsv7M3_T_le_eabi.lib : ull_div_t2.obj (.text)
                  00001444    000001e0     simple_peripheral.obj (.text:SimpleBLEPeripheral_init$0)
                  00001624    000001d0     drivers_cc26xxware.aem3 : PowerCC26XX_calibrateRCOSC.oem3 (.text:calibrateRcoscHf1)
                  000017f4    000001a8     PINCC26XX.obj (.text:PIN_init)
                  0000199c    000001a8     RFCC26XX_singleMode.obj (.text:abortCmd$7)
                  00001b44    00000184     drivers_cc26xxware.aem3 : PowerCC26XX_calibrateRCOSC.oem3 (.text:PowerCC26XX_doCalibrate)
                  00001cc8    00000170     RFCC26XX_singleMode.obj (.text:RF_postCmd)
                  00001e38    00000130     driverlib.lib : setup.obj (.text:NOROM_SetupAfterColdResetWakeupFromShutDownCfg3)
                  00001f68    00000128     RFCC26XX_singleMode.obj (.text:fsmSetupState$7)
                  00002090    00000120     peripheral.obj (.text:GAPRole_GetParameter)
                  000021b0    0000011c     drivers_cc26xxware.aem3 : PowerCC26XX.oem3 (.text:Power_init)
                  000022cc    00000110     RFCC26XX_singleMode.obj (.text:hwiFxnCpe0Active$7)
                  000023dc    000000fc     peripheral.obj (.text:gapRole_taskFxn$22)
                  000024d8    000000ec     icall.obj (.text:ICall_primWaitMatch$14)
                  000025c4    000000ec     RFCC26XX_singleMode.obj (.text:rf_init$7)
                  000026b0    000000e4     driverlib.lib : setup.obj (.text:NOROM_SetupAfterColdResetWakeupFromShutDownCfg2)
                  00002794    000000d4     drivers_cc26xxware.aem3 : PowerCC26XX.oem3 (.text:Power_releaseDependency)
                  00002868    000000d0                             : PowerCC26XX.oem3 (.text:Power_setDependency)
                  00002938    000000cc     driverlib.lib : setup.obj (.text:TrimAfterColdResetWakeupFromShutDown)
                  00002a04    000000c8     RFCC26XX_singleMode.obj (.text:fsmPowerUpState$7)
                  00002acc    000000c4     RFCC26XX_singleMode.obj (.text:swiFxnHw$7)
                  00002b90    000000c0     RFCC26XX_singleMode.obj (.text:RF_open)
                  00002c50    000000bc     power_cc26xx_tirtos.aem3 : PowerCC26XX_tirtos.oem3 (.text:PowerCC26XX_standbyPolicy)
                  00002d0c    000000b0     devinfoservice.obj (.text:devInfo_ReadAttrCB$19)
                  00002dbc    000000a4     driverlib.lib : setup.obj (.text:NOROM_SetupTrimDevice)
                  00002e60    000000a0     auto_init.aem3 : auto_init.oem3 (.text)
                  00002f00    000000a0     peripheral.obj (.text:gapRole_init$22)
                  00002fa0    0000009c     simple_peripheral.obj (.text:SimpleBLEPeripheral_taskFxn$0)
                  0000303c    0000009c     rtsv7M3_T_le_eabi.lib : memcpy_t2.obj (.text)
                  000030d8    00000098     simple_peripheral.obj (.text:SimpleBLEPeripheral_processStateChangeEvt$0)
                  00003170    00000098     rom_sysbios.aem3 : rom_sysbios.obj (.text:ti_sysbios_knl_Clock_workFuncDynamic__E)
                  00003208    00000090     drivers_cc26xxware.aem3 : PowerCC26XX.oem3 (.text:switchXOSCHFclockFunc)
                  00003298    0000008c     driverlib.lib : osc.obj (.text:NOROM_OSCHF_GetStartupTime)
                  00003324    0000008c     simple_gatt_profile.obj (.text:simpleProfile_WriteAttrCB$23)
                  000033b0    00000084     icall.obj (.text:ICall_heapMalloc)
                  00003434    00000084     icall.obj (.text:ICall_primSetTimer$14)
                  000034b8    00000084     TRNGCC26XX.obj (.text:TRNGCC26XX_getNumber)
                  0000353c    00000080     RFCC26XX_singleMode.obj (.text:RF_pendCmd)
                  000035bc    0000007c     icall.obj (.text:ICall_createRemoteTasks)
                  00003638    0000007c     drivers_cc26xxware.aem3 : PowerCC26XX.oem3 (.text:disableLFClockQualifiers)
                  000036b4    0000007a     rtsv7M3_T_le_eabi.lib : memset_t2.obj (.text)
                  0000372e    00000002     driverlib.lib : rfc.obj (.text:NOROM_RFCAdi3VcoLdoVoltageMode)
                  00003730    00000078                   : setup.obj (.text:NOROM_SetupAfterColdResetWakeupFromShutDownCfg1)
                  000037a8    00000074     icall_cc2650.obj (.text:ICallPlatform_pwrUpdActivityCounter)
                  0000381c    00000074     icall.obj (.text:ICall_primSend$14)
                  00003890    00000074     drivers_cc26xxware.aem3 : PowerCC26XX_calibrateRCOSC.oem3 (.text:PowerCC26XX_auxISR)
                  00003904    00000074                             : PowerCC26XX_calibrateRCOSC.oem3 (.text:calibrateRcoscHf2)
                  00003978    00000074     peripheral.obj (.text:gapRole_startConnUpdate$22)
                  000039ec    00000070     driverlib.lib : chipinfo.obj (.text:NOROM_ChipInfo_GetHwRevision)
                  00003a5c    0000006c     icall.obj (.text:ICall_heapInit)
                  00003ac8    0000006c     driverlib.lib : setup.obj (.text:NOROM_SetupGetTrimForAmpcompCtrl)
                  00003b34    0000006c     drivers_cc26xxware.aem3 : PowerCC26XX.oem3 (.text:PowerCC26XX_calibrate)
                  00003ba0    0000006c     RFCC26XX_singleMode.obj (.text:fsmPowerDownState$7)
                  00003c0c    0000006a     rtsv7M3_T_le_eabi.lib : copy_decompress_rle.obj (.text)
                  00003c76    00000002     driverlib.lib : rfc.obj (.text:NOROM_RFCRTrim)
                  00003c78    00000068                   : setup.obj (.text:NOROM_SetupGetTrimForAnabypassValue1)
                  00003ce0    00000068                   : sys_ctrl.obj (.text:NOROM_SysCtrl_DCDC_VoltageConditionalControl)
                  00003d48    00000068     gattservapp_util.obj (.text:gattServApp_SendNotiInd$21)
                  00003db0    00000064     gattservapp_util.obj (.text:GATTServApp_ProcessCharCfg)
                  00003e14    00000064     rom_sysbios.aem3 : rom_sysbios.obj (.text:ti_sysbios_family_arm_cc26xx_Timer_start__E)
                  00003e78    00000060     icall.obj (.text:ICall_primEnroll$14)
                  00003ed8    00000060     drivers_cc26xxware.aem3 : PowerCC26XX_calibrateRCOSC.oem3 (.text:PowerCC26XX_RCOSC_clockFunc)
                  00003f38    00000060     RFCC26XX_singleMode.obj (.text:RF_getCurrentTime)
                  00003f98    00000060     drivers_cc26xxware.aem3 : PowerCC26XX_calibrateRCOSC.oem3 (.text:updateSubSecInc)
                  00003ff8    0000005c     icall.obj (.text:ICall_primThreadServes$14)
                  00004054    0000005c     driverlib.lib : osc.obj (.text:NOROM_OSCHF_AttemptToSwitchToXosc)
                  000040b0    0000005c                   : sys_ctrl.obj (.text:NOROM_SysCtrlAdjustRechargeAfterPowerDown)
                  0000410c    0000005c     simple_gatt_profile.obj (.text:SimpleProfile_SetParameter)
                  00004168    0000005c     RFCC26XX_singleMode.obj (.text:applyRfCorePatch$7)
                  000041c4    0000005c     RFCC26XX_singleMode.obj (.text:decActiveClientCnt$7)
                  00004220    0000005c     simple_gatt_profile.obj (.text:simpleProfile_ReadAttrCB$23)
                  0000427c    0000005c     app_ble_pem3.oem3 (.text:xdc_runtime_Startup_getState__I)
                  000042d8    00000058     drivers_cc26xxware.aem3 : PowerCC26XX_calibrateRCOSC.oem3 (.text:PowerCC26XX_initiateCalibration)
                  00004330    00000054                             : PowerCC26XX.oem3 (.text:configureXOSCHF)
                  00004384    00000054     RFCC26XX_singleMode.obj (.text:fsmXOSCState$7)
                  000043d8    00000054     RFCC26XX_singleMode.obj (.text:hwiFxnHw$7)
                  0000442c    00000054     RFCC26XX_singleMode.obj (.text:ratChanFree$7)
                  00004480    00000052     icall.obj (.text:ICall_primWait$14)
                  000044d2    00000002     RFCC26XX_singleMode.obj (.text:defaultErrCb$7)
                  000044d4    00000050     icall_api.obj (.text:GAP_DeviceInit)
                  00004524    00000050     icall_api.obj (.text:GAP_UpdateAdvertisingData)
                  00004574    00000050     icall.obj (.text:ICall_primRegisterApp$14)
                  000045c4    00000050     driverlib.lib : setup.obj (.text:NOROM_SetupSetCacheModeAccordingToCcfgSetting)
                  00004614    00000050     RFCC26XX_singleMode.obj (.text:RF_getInfo)
                  00004664    00000050     RFCC26XX_singleMode.obj (.text:syncCb$7)
                  000046b4    0000004c     icall_cc2650.obj (.text:ICallPlatform_pwrRegisterNotify)
                  00004700    0000004c     icall.obj (.text:ICall_newTask$14)
                  0000474c    0000004c     icall.obj (.text:ICall_primGetEntityId$14)
                  00004798    0000004c     driverlib.lib : osc.obj (.text:NOROM_OSCClockSourceSet)
                  000047e4    0000004c     RFCC26XX_singleMode.obj (.text:dispatchOpWhen$7)
                  00004830    0000004c     peripheral.obj (.text:gapRole_processStackMsg$22)
                  0000487c    0000004c     rtsv7M3_T_le_eabi.lib : cpy_tbl.obj (.text)
                  000048c8    0000004a     gattservapp_util.obj (.text:GATTServApp_ProcessCCCWriteReq)
                  00004912    00000002     drivers_cc26xxware.aem3 : PowerCC26XX.oem3 (.text:emptyClockFunc)
                  00004914    00000048     driverlib.lib : chipinfo.obj (.text:NOROM_ChipInfo_GetChipFamily)
                  0000495c    00000048                   : ddi.obj (.text:NOROM_DDI16BitfieldWrite)
                  000049a4    00000048     util.obj (.text:Util_constructClock)
                  000049ec    00000048     icall_api.obj (.text:gattIndNoti$17)
                  00004a34    00000048     main.obj (.text:main)
                  00004a7c    00000048     drivers_cc26xxware.aem3 : PowerCC26XX.oem3 (.text:notify)
                  00004ac4    00000044     main.obj (.text:AssertHandler)
                  00004b08    00000044     icall_api.obj (.text:GAP_TerminateLinkReq)
                  00004b4c    00000044     PINCC26XX.obj (.text:PIN_swi$6)
                  00004b90    00000044     simple_gatt_profile.obj (.text:SimpleProfile_GetParameter)
                  00004bd4    00000044     boot.aem3 : boot.oem3 (.text)
                  00004c18    00000044     icall_api.obj (.text:gapSendParamAndPtrCmd$17)
                  00004c5c    00000044     rtsv7M3_T_le_eabi.lib : exit.obj (.text)
                  00004ca0    00000042     icall.obj (.text:ICall_primCreateTask$14)
                  00004ce2    00000002     rom_sysbios.aem3 : rom_sysbios.obj (.text:ti_sysbios_BIOS_linkedWithIncorrectBootLibrary__E)
                  00004ce4    00000040     peripheral.obj (.text:GAPRole_SendUpdateParam)
                  00004d24    00000040     peripheral.obj (.text:GAPRole_createTask)
                  00004d64    00000040     icall_api.obj (.text:GATT_SendRsp)
                  00004da4    00000040     driverlib.lib : ddi.obj (.text:NOROM_DDI16BitfieldRead)
                  00004de4    00000040     RFCC26XX_singleMode.obj (.text:RF_getRssi)
                  00004e24    0000003e     icall_api.obj (.text:hciSendParamsCmd$17)
                  00004e62    00000002     app_ble_pem3.oem3 (.text:ti_sysbios_BIOS_nullFunc__I)
                  00004e64    0000003c     icall_api.obj (.text:GAP_GetParamValue)
                  00004ea0    0000003c     icall_api.obj (.text:GATTServApp_RegisterService)
                  00004edc    0000003c     icall_cc2650.obj (.text:ICallPlatform_pwrConfigACAction)
                  00004f18    0000003c     driverlib.lib : osc.obj (.text:NOROM_OSC_HPOSCRelativeFrequencyOffsetGet)
                  00004f54    0000003c                   : rfc.obj (.text:NOROM_RFCSynthPowerDown)
                  00004f90    0000003c     RFCC26XX_singleMode.obj (.text:RF_runCmd)
                  00004fcc    0000003c     simple_peripheral.obj (.text:SimpleBLEPeripheral_createTask)
                  00005008    0000003c     RFCC26XX_singleMode.obj (.text:postDirImmCmd$7)
                  00005044    0000003c     icall_api.obj (.text:profileSetParameter$17)
                  00005080    0000003c     icall_api.obj (.text:sendWaitMatchCS$17)
                  000050bc    0000003c     icall_api.obj (.text:sendWaitMatchValueCS$17)
                  000050f8    00000038     icall_api.obj (.text:GAPBondMgr_LinkEst)
                  00005130    00000038     icall.obj (.text:ICall_primGetMaxMSecs$14)
                  00005168    00000038     simple_peripheral.obj (.text:SimpleBLEPeripheral_sendAttRsp$0)
                  000051a0    00000038     util.obj (.text:Util_restartClock)
                  000051d8    00000038     icall_api.obj (.text:linkDB_NumActive)
                  00005210    00000038     icall_api.obj (.text:linkDB_NumConns)
                  00005248    00000038     icall_api.obj (.text:registerTask$17)
                  00005280    00000038     rom_sysbios.aem3 : rom_sysbios.obj (.text:ti_sysbios_family_arm_cc26xx_Timer_getCurrentTick__E)
                  000052b8    00000036     RFCC26XX_singleMode.obj (.text:updateImplicitState$7)
                  000052ee    00000002     rom_sysbios.aem3 : rom_sysbios.obj (.text:ti_sysbios_knl_Clock_triggerFunc__I)
                  000052f0    00000034     icall_api.obj (.text:GAPBondMgr_SetParameter)
                  00005324    00000034     icall_api.obj (.text:GAP_SetParamValue)
                  00005358    00000034     icall.obj (.text:ICall_primEntityId2ServiceId$14)
                  0000538c    00000034     icall.obj (.text:ICall_primFetchMsg$14)
                  000053c0    00000034     icall.obj (.text:ICall_primRegisterISR$14)
                  000053f4    00000034     icall.obj (.text:ICall_primRegisterISR_Ext$14)
                  00005428    00000034     icall.obj (.text:ICall_searchServiceEntity)
                  0000545c    00000034     driverlib.lib : osc.obj (.text:NOROM_OSCHF_SwitchToRcOscTurnOffXosc)
                  00005490    00000034                   : trng.obj (.text:NOROM_TRNGConfigure)
                  000054c4    00000034     drivers_cc26xxware.aem3 : PowerCC26XX.oem3 (.text:PowerCC26XX_isStableXOSC_HF)
                  000054f8    00000034     RFCC26XX_singleMode.obj (.text:Q_push$7)
                  0000552c    00000034     simple_peripheral.obj (.text:SimpleBLEPeripheral_processGATTMsg$0)
                  00005560    00000034     icall_api.obj (.text:linkDB_GetInfo)
                  00005594    00000034     icall_api.obj (.text:osal_snv_read)
                  000055c8    00000034     icall_api.obj (.text:osal_snv_write)
                  000055fc    00000034     icall_api.obj (.text:profileAddService$17)
                  00005630    00000032     icall_api.obj (.text:gapSendParamsCmd$17)
                  00005662    00000032     icall_api.obj (.text:gapSendPtrParamsCmd$17)
                  00005694    00000032     icall_api.obj (.text:matchGapSetGetParamCS$17)
                  000056c6    00000032     icall_api.obj (.text:matchGattCmdStatus$17)
                  000056f8    00000032     icall_api.obj (.text:matchUtilNvCS$17)
                  0000572a    00000032     rom_sysbios.aem3 : rom_sysbios.obj (.text:ti_sysbios_family_arm_cc26xx_Timer_setNextTick__E)
                  0000575c    00000030     icall_cc2650.obj (.text:ICallPlatform_pwrNotify$15)
                  0000578c    00000030     icall.obj (.text:ICall_msecs2Ticks$14)
                  000057bc    00000030     icall.obj (.text:ICall_searchTask$14)
                  000057ec    00000030     driverlib.lib : setup.obj (.text:NOROM_SetupSetAonRtcSubSecInc)
                  0000581c    00000030     drivers_cc26xxware.aem3 : PowerCC26XX.oem3 (.text:Power_releaseConstraint)
                  0000584c    00000030                             : PowerCC26XX.oem3 (.text:Power_setConstraint)
                  0000587c    00000030     app_ble_pem3.oem3 (.text:ti_sysbios_BIOS_atExitFunc__I)
                  000058ac    00000030     app_ble_pem3.oem3 (.text:ti_sysbios_BIOS_startFunc__I)
                  000058dc    00000030     rom_sysbios.aem3 : rom_sysbios.obj (.text:ti_sysbios_family_arm_cc26xx_Timer_initDevice__I)
                  0000590c    00000030                      : rom_sysbios.obj (.text:ti_sysbios_family_arm_cc26xx_Timer_setThreshold__I)
                  0000593c    0000002e     icall_cc2650.obj (.text:ICallPlatform_pwrDispenseImpl$15)
                  0000596a    0000002e     icall_cc2650.obj (.text:ICallPlatform_pwrRequireImpl$15)
                  00005998    0000002e     simple_peripheral.obj (.text:ICall_fetchServiceMsg$0)
                  000059c6    0000002e     peripheral.obj (.text:ICall_fetchServiceMsg$22)
                  000059f4    0000002e     icall.obj (.text:ICall_msgDequeue$14)
                  00005a22    0000002e     icall_api.obj (.text:matchProfileAddServiceCS$17)
                  00005a50    0000002c     icall_api.obj (.text:GAPBondMgr_Register)
                  00005a7c    0000002c     icall_api.obj (.text:HCI_EXT_ConnEventNoticeCmd)
                  00005aa8    0000002c     icall.obj (.text:ICall_heapFree)
                  00005ad4    0000002c     simple_gatt_profile.obj (.text:ICall_malloc$23)
                  00005b00    0000002c     icall.obj (.text:ICall_msgEnqueue$14)
                  00005b2c    0000002c     icall.obj (.text:ICall_primAllocMsg$14)
                  00005b58    0000002c     icall.obj (.text:ICall_primFetchServiceMsg$14)
                  00005b84    0000002c     icall_api.obj (.text:ICall_sendServiceMsg$17)
                  00005bb0    0000002c     driverlib.lib : ddi.obj (.text:NOROM_DDI32RegWrite)
                  00005bdc    0000002c                   : setup.obj (.text:NOROM_SetupGetTrimForRadcExtCfg)
                  00005c08    0000002c     RFCC26XX_singleMode.obj (.text:getCmd$7)
                  00005c34    0000002c     icall_api.obj (.text:hciSendCmd$17)
                  00005c60    0000002c     rom_sysbios.aem3 : rom_sysbios.obj (.text:ti_sysbios_knl_Clock_getTicksUntilInterrupt__E)
                  00005c8c    0000002a     icall_api.obj (.text:ICall_waitMatch$17)
                  00005cb6    0000002a     TRNGCC26XX.obj (.text:TRNGCC26XX_isParamValid)
                  00005ce0    0000002a     util.obj (.text:Util_enqueueMsg)
                  00005d0a    0000002a     icall_api.obj (.text:matchProfileCS$17)
                  00005d34    00000028     gattservapp_util.obj (.text:GATTServApp_WriteCharCfg)
                  00005d5c    00000028     icall.obj (.text:ICall_init)
                  00005d84    00000028     icall.obj (.text:ICall_msgPrepend$14)
                  00005dac    00000028     simple_peripheral.obj (.text:ICall_registerApp$0)
                  00005dd4    00000028     peripheral.obj (.text:ICall_registerApp$22)
                  00005dfc    00000028     driverlib.lib : aon_batmon.obj (.text:NOROM_AONBatMonTemperatureGetDegC)
                  00005e24    00000028     drivers_cc26xxware.aem3 : PowerCC26XX.oem3 (.text:PowerCC26XX_switchXOSC_HF)
                  00005e4c    00000028                             : PowerCC26XX.oem3 (.text:Power_registerNotify)
                  00005e74    00000028     driverlib.lib : adi.obj (.text:SafeHapiVoid)
                  00005e9c    00000028     simple_peripheral.obj (.text:SimpleBLEPeripheral_freeAttRsp$0)
                  00005ec4    00000028     simple_gatt_profile.obj (.text:SimpleProfile_AddService)
                  00005eec    00000028     TRNGCC26XX.obj (.text:TRNGCC26XX_init)
                  00005f14    00000028     RFCC26XX_singleMode.obj (.text:clkPowerUpFxn$7)
                  00005f3c    00000028     gattservapp_util.obj (.text:gattServApp_FindCharCfgItem$21)
                  00005f64    00000028     rom_sysbios.aem3 : rom_sysbios.obj (.text:ti_sysbios_family_arm_cc26xx_Timer_getMaxTicks__E)
                  00005f8c    00000026     drivers_cc26xxware.aem3 : List.oem3 (.text:List_put)
                  00005fb2    00000024     icall_api.obj (.text:GAPBondMgr_LinkTerm)
                  00005fd6    00000002     app_ble_pem3.oem3 (.text:ti_sysbios_rom_cortexm_cc26xx_CC26xx_badRomRevision__E)
                  00005fd8    00000024     gattservapp_util.obj (.text:GATTServApp_FindAttr)
                  00005ffc    00000024     icall_api.obj (.text:ICall_getLocalMsgEntityId$17)
                  00006020    00000024     icall_api.obj (.text:ICall_threadServes$17)
                  00006044    00000024     PINCC26XX.obj (.text:PINCC26XX_getPinCount)
                  00006068    00000024     simple_peripheral.obj (.text:SimpleBLEPeripheral_enqueueMsg$0)
                  0000608c    00000024     drivers_cc26xxware.aem3 : PowerCC26XX_calibrateRCOSC.oem3 (.text:getTdcSemaphore)
                  000060b0    00000024     RFCC26XX_singleMode.obj (.text:hwiFxnCpe0PowerFsm$7)
                  000060d4    00000024     app_ble_pem3.oem3 (.text:ti_sysbios_BIOS_registerRTSLock__I)
                  000060f8    00000024     app_ble_pem3.oem3 (.text:ti_sysbios_BIOS_removeRTSLock__I)
                  0000611c    00000022     icall.obj (.text:ICall_dispatch$14)
                  0000613e    00000022     util.obj (.text:ICall_malloc$1)
                  00006160    00000020     gattservapp_util.obj (.text:GATTServApp_InitCharCfg)
                  00006180    00000020     icall_api.obj (.text:GATT_bm_alloc)
                  000061a0    00000020     icall_api.obj (.text:ICall_allocMsg$17)
                  000061c0    00000020     icall_api.obj (.text:ICall_getEntityId$17)
                  000061e0    00000020     simple_peripheral.obj (.text:ICall_malloc$0)
                  00006200    00000020     icall.obj (.text:ICall_primService$14)
                  00006220    00000020     icall.obj (.text:ICall_searchService$14)
                  00006240    00000020     driverlib.lib : rfc.obj (.text:NOROM_RFCDoorbellSendTo)
                  00006260    00000020                   : rfc.obj (.text:NOROM_RFCRfTrimRead)
                  00006280    00000020                   : setup.obj (.text:NOROM_SetupGetTrimForXoscHfCtl)
                  000062a0    00000020     RFCC26XX_singleMode.obj (.text:allocCmd$7)
                  000062c0    00000020     app_ble_pem3.oem3 (.text:ti_sysbios_BIOS_rtsLock__I)
                  000062e0    00000020     rom_sysbios.aem3 : rom_sysbios.obj (.text:ti_sysbios_knl_Clock_stop__E)
                  00006300    0000001e     icall.obj (.text:ICall_primSendServiceMsg$14)
                  0000631e    0000001e     drivers_cc26xxware.aem3 : PowerCC26XX.oem3 (.text:Power_getTransitionLatency)
                  0000633c    0000001e     icall_api.obj (.text:matchHciCS$17)
                  0000635a    0000001e     icall_api.obj (.text:waitMatchCS$17)
                  00006378    0000001c     peripheral.obj (.text:GAPRole_StartDevice)
                  00006394    0000001c     icall_api.obj (.text:GATT_bm_free)
                  000063b0    0000001c     icall.obj (.text:ICall_initPrim$14)
                  000063cc    0000001c     simple_peripheral.obj (.text:ICall_wait$0)
                  000063e8    0000001c     peripheral.obj (.text:ICall_wait$22)
                  00006404    0000001c     driverlib.lib : osc.obj (.text:NOROM_OSCClockSourceGet)
                  00006420    0000001c                   : setup.obj (.text:NOROM_SetupGetTrimForAmpcompTh2)
                  0000643c    0000001c                   : setup.obj (.text:NOROM_SetupGetTrimForRcOscLfRtuneCtuneTrim)
                  00006458    0000001c     PINCC26XX.obj (.text:PINCC26XX_setIoCfgMux$6)
                  00006474    0000001c     PINCC26XX.obj (.text:PIN_hwi$6)
                  00006490    0000001c     RFCC26XX_singleMode.obj (.text:RF_runDirectCmd)
                  000064ac    0000001c     RFCC26XX_singleMode.obj (.text:RF_runImmediateCmd)
                  000064c8    0000001c     TRNGCC26XX.obj (.text:TRNGCC26XX_open)
                  000064e4    0000001c     peripheral.obj (.text:gapRole_HandleParamUpdateNoSuccess$22)
                  00006500    0000001c     icall_api.obj (.text:getStatusValueFromErrNo$17)
                  0000651c    0000001c     TRNGCC26XX.obj (.text:openTRNG)
                  00006538    0000001c     rom_sysbios.aem3 : rom_sysbios.obj (.text:ti_sysbios_family_arm_cc26xx_Timer_dynamicStub__E)
                  00006554    0000001a     icall.obj (.text:ICall_enterCSImpl)
                  0000656e    0000001a     icall.obj (.text:ICall_primSetTimerMSecs$14)
                  00006588    0000001a     simple_peripheral.obj (.text:SimpleBLEPeripheral_processAppMsg$0)
                  000065a2    0000001a     util.obj (.text:Util_dequeueMsg)
                  000065bc    0000001a     icall_api.obj (.text:matchGattIndNotiCS$17)
                  000065d6    00000002     rom_sysbios.aem3 : rom_sysbios.obj (.text:xdc_runtime_SysCallback_defaultAbort)
                  000065d8    00000018     peripheral.obj (.text:GAPRole_TerminateConnection)
                  000065f0    00000018     icall_api.obj (.text:GATT_Notification)
                  00006608    00000018     icall_cc2650.obj (.text:ICallPlatform_pwrDispense)
                  00006620    00000018     icall_cc2650.obj (.text:ICallPlatform_pwrRequire)
                  00006638    00000018     simple_peripheral.obj (.text:ICall_free$0)
                  00006650    00000018     util.obj (.text:ICall_free$1)
                  00006668    00000018     simple_peripheral.obj (.text:ICall_freeMsg$0)
                  00006680    00000018     icall.obj (.text:ICall_freeMsg$14)
                  00006698    00000018     icall_api.obj (.text:ICall_freeMsg$17)
                  000066b0    00000018     peripheral.obj (.text:ICall_freeMsg$22)
                  000066c8    00000018     icall.obj (.text:ICall_primMalloc$14)
                  000066e0    00000018     driverlib.lib : aon_rtc.obj (.text:NOROM_AONRTCCurrentCompareValueGet)
                  000066f8    00000018                   : chipinfo.obj (.text:NOROM_ChipInfo_GetPackageType)
                  00006710    00000018                   : osc.obj (.text:NOROM_OSCHF_TurnOnXosc)
                  00006728    00000018                   : rfc.obj (.text:NOROM_RFCCpeIntGetAndClear)
                  00006740    00000018                   : setup.obj (.text:NOROM_SetupGetTrimForAdcShModeEn)
                  00006758    00000018                   : setup.obj (.text:NOROM_SetupGetTrimForAdcShVbufEn)
                  00006770    00000018                   : setup.obj (.text:NOROM_SetupGetTrimForAmpcompTh1)
                  00006788    00000018                   : setup.obj (.text:NOROM_SetupGetTrimForDblrLoopFilterResetVoltage)
                  000067a0    00000018                   : setup.obj (.text:NOROM_SetupGetTrimForRcOscLfIBiasTrim)
                  000067b8    00000018                   : setup.obj (.text:NOROM_SetupGetTrimForXoscLfRegulatorAndCmirrwrRatio)
                  000067d0    00000018     drivers_cc26xxware.aem3 : PowerCC26XX.oem3 (.text:Power_idleFunc)
                  000067e8    00000018     RFCC26XX_singleMode.obj (.text:Q_pop$7)
                  00006800    00000018     simple_peripheral.obj (.text:SimpleBLEPeripheral_performPeriodicTask$0)
                  00006818    00000018     util.obj (.text:Util_constructQueue)
                  00006830    00000018     drivers_cc26xxware.aem3 : PowerCC26XX.oem3 (.text:configureRFCoreClocks)
                  00006848    00000018     peripheral.obj (.text:gapRole_setEvent$22)
                  00006860    00000018     rtsv7M3_T_le_eabi.lib : args_main.obj (.text)
                  00006878    00000018                           : ll_mul_t2.obj (.text)
                  00006890    00000018     RFCC26XX_singleMode.obj (.text:swiFxnFsm$7)
                  000068a8    00000018     app_ble_pem3.oem3 (.text:ti_sysbios_BIOS_rtsUnlock__I)
                  000068c0    00000018     rom_sysbios.aem3 : rom_sysbios.obj (.text:ti_sysbios_knl_Swi_or__E)
                  000068d8    00000018     app_ble_pem3.oem3 (.text:ti_sysbios_rom_cortexm_cc26xx_CC26xx_checkRevision__E)
                  000068f0    00000016     icall.obj (.text:ICall_abort$14)
                  00006906    00000016     icall.obj (.text:ICall_leaveCSImpl)
                  0000691c    00000016     icall.obj (.text:ICall_primStopTimer$14)
                  00006932    00000016     simple_peripheral.obj (.text:SimpleBLEPeripheral_processCharValueChangeEvt$0)
                  00006948    00000016     ble_user_config.obj (.text:driverTable_fnSpinlock)
                  0000695e    00000016     app_ble_pem3.oem3 (.text:ti_sysbios_BIOS_exitFunc__I)
                  00006974    00000014     devinfoservice.obj (.text:DevInfo_AddService)
                  00006988    00000014     driverlib.lib : aon_rtc.obj (.text:NOROM_AONRTCCurrent64BitValueGet)
                  0000699c    00000014                   : chipinfo.obj (.text:NOROM_ThisCodeIsBuiltForCC26xxHwRev22AndLater_HaltIfViolated)
                  000069b0    00000014     RFCC26XX_singleMode.obj (.text:RF_Params_init)
                  000069c4    00000014     simple_peripheral.obj (.text:SimpleBLEPeripheral_clockHandler$0)
                  000069d8    00000014     simple_gatt_profile.obj (.text:SimpleProfile_RegisterAppCBs)
                  000069ec    00000014     rtsv7M3_T_le_eabi.lib : _lock.obj (.text)
                  00006a00    00000014                           : strlen.obj (.text)
                  00006a14    00000014     icall_api.obj (.text:setICallCmdEvtHdr$17)
                  00006a28    00000014     app_ble_pem3.oem3 (.text:ti_sysbios_knl_Clock_doTick__I)
                  00006a3c    00000012     RFCC26XX_singleMode.obj (.text:RF_getCmdOp)
                  00006a4e    00000012     app_ble_pem3.oem3 (.text:xdc_runtime_Startup_exec__I)
                  00006a60    00000010     devinfoservice.obj (.text:DevInfo_SetParameter)
                  00006a70    00000010     RFCC26XX_singleMode.obj (.text:FsmDispatch$7)
                  00006a80    00000010     icall_api.obj (.text:GAP_EndDiscoverable)
                  00006a90    00000010     gattservapp_util.obj (.text:GATTServApp_ReadCharCfg)
                  00006aa0    00000010     icall_api.obj (.text:HCI_LE_ReadMaxDataLenCmd)
                  00006ab0    00000010     icall_cc2650.obj (.text:ICallPlatform_pwrGetXOSCStartupTime)
                  00006ac0    00000010     icall.obj (.text:ICall_primGetTickPeriod$14)
                  00006ad0    00000010     icall.obj (.text:ICall_taskEntry$14)
                  00006ae0    00000010     driverlib.lib : rfc.obj (.text:NOROM_RFCRfTrimSet)
                  00006af0    00000010                   : setup.obj (.text:NOROM_SetupGetTrimForXoscHfFastStart)
                  00006b00    00000010                   : setup.obj (.text:NOROM_SetupGetTrimForXoscHfIbiastherm)
                  00006b10    00000010     ble_user_config.obj (.text:RegisterAssertCback)
                  00006b20    00000010     util.obj (.text:Util_isActive)
                  00006b30    00000010     rom_sysbios.aem3 : rom_sysbios.obj (.text:ti_sysbios_family_arm_m3_Hwi_post__E)
                  00006b40    0000000e     icall_cc2650.obj (.text:ICallPlatform_pwrGetTransitionState)
                  00006b4e    0000000e     icall_cc2650.obj (.text:ICallPlatform_pwrIsStableXOSCHF)
                  00006b5c    0000000e     icall.obj (.text:ICall_primDisableMInt$14)
                  00006b6a    0000000e     icall.obj (.text:ICall_primEnableMInt$14)
                  00006b78    0000000e     icall.obj (.text:ICall_primFreeMsg$14)
                  00006b86    0000000e     icall.obj (.text:ICall_primGetTicks$14)
                  00006b94    0000000e     driverlib.lib : setup.obj (.text:NOROM_SetupSignExtendVddrTrimValue)
                  00006ba2    0000000e                   : vims.obj (.text:NOROM_VIMSModeGet)
                  00006bb0    0000000e     simple_peripheral.obj (.text:SimpleBLEPeripheral_processStackMsg$0)
                  00006bbe    0000000e     rtsv7M3_T_le_eabi.lib : copy_decompress_none.obj (.text:decompress:none)
                  00006bcc    0000000e     icall_api.obj (.text:matchGSARegisterServiceCS$17)
                  00006bda    0000000e     icall_api.obj (.text:matchGapLinkEstCS$17)
                  00006be8    0000000e     icall_api.obj (.text:matchGattSendRspCS$17)
                  00006bf6    0000000e     icall_api.obj (.text:matchLinkDBGetInfoCS$17)
                  00006c04    0000000e     icall_api.obj (.text:matchLinkDBNumActiveCS$17)
                  00006c12    0000000e     icall_api.obj (.text:matchLinkDBNumConnsCS$17)
                  00006c20    0000000e     icall_api.obj (.text:setDispatchCmdEvtHdr$17)
                  00006c2e    0000000e     rom_sysbios.aem3 : rom_sysbios.obj (.text:ti_sysbios_family_arm_cc26xx_TimestampProvider_get32__E)
                  00006c3c    0000000c     RFCC26XX_singleMode.obj (.text:FsmNextState$7)
                  00006c48    0000000c     icall_api.obj (.text:GAP_MakeDiscoverable)
                  00006c54    0000000c     icall_api.obj (.text:GAP_TerminateAuth)
                  00006c60    0000000c     icall_api.obj (.text:GAP_UpdateLinkParamReq)
                  00006c6c    0000000c     icall_api.obj (.text:GAP_UpdateLinkParamReqReply)
                  00006c78    0000000c     icall_api.obj (.text:GGS_SetParameter)
                  00006c84    0000000c     icall.obj (.text:ICall_clockFunc$14)
                  00006c90    0000000c     icall.obj (.text:ICall_primDisableInt$14)
                  00006c9c    0000000c     icall.obj (.text:ICall_primEnableInt$14)
                  00006ca8    0000000c     icall.obj (.text:ICall_primFree$14)
                  00006cb4    0000000c     icall.obj (.text:ICall_primSignal$14)
                  00006cc0    0000000c     driverlib.lib : cpu.obj (.text:NOROM_CPUcpsid)
                  00006ccc    0000000c                   : cpu.obj (.text:NOROM_CPUcpsie)
                  00006cd8    0000000c     drivers_cc26xxware.aem3 : PowerCC26XX.oem3 (.text:Power_getConstraintMask)
                  00006ce4    0000000c                             : PowerCC26XX.oem3 (.text:Power_getDependencyCount)
                  00006cf0    0000000c                             : PowerCC26XX.oem3 (.text:Power_getTransitionState)
                  00006cfc    0000000c     util.obj (.text:Util_startClock)
                  00006d08    0000000c     rtsv7M3_T_le_eabi.lib : copy_zero_init.obj (.text:decompress:ZI)
                  00006d14    0000000c     icall_api.obj (.text:matchProfileSetParamCS$17)
                  00006d20    0000000c     rom_sysbios.aem3 : rom_sysbios.obj (.text:ti_sysbios_BIOS_getThreadType__E)
                  00006d2c    0000000c                      : rom_sysbios_config.obj (.text:ti_sysbios_hal_Hwi_Params__init__S)
                  00006d38    0000000c                      : rom_sysbios.obj (.text:ti_sysbios_knl_Swi_getTrigger__E)
                  00006d44    0000000c     app_ble_pem3.oem3 (.text:xdc_runtime_Startup_reset__I)
                  00006d50    0000000c     rom_sysbios.aem3 : rom_sysbios.obj (.text:xdc_runtime_Startup_rtsDone__E)
                  00006d5c    0000000a     icall_cc2650.obj (.text:ICallPlatform_pwrSwitchXOSCHF)
                  00006d66    0000000a     icall.obj (.text:ICall_primE2S$14)
                  00006d70    0000000a     drivers_cc26xxware.aem3 : List.oem3 (.text:List_empty)
                  00006d7a    00000008     icall_api.obj (.text:GAP_RegisterForMsgs)
                  00006d82    00000008     icall_api.obj (.text:GATT_Indication)
                  00006d8a    00000008     icall_api.obj (.text:GATT_RegisterForMsgs)
                  00006d92    00000008     RFCC26XX_singleMode.obj (.text:RF_flushCmd)
                  00006d9a    00000008     simple_peripheral.obj (.text:SimpleBLEPeripheral_charValueChangeCB$0)
                  00006da2    00000008     simple_peripheral.obj (.text:SimpleBLEPeripheral_stateChangeCB$0)
                  00006daa    00000008     icall_api.obj (.text:matchHciExtConnEventNoticeCS$17)
                  00006db2    00000008     icall_api.obj (.text:matchHciLeReadMaxDataLenCS$17)
                  00006dba    00000006     icall_api.obj (.text:GGS_AddService)
                  00006dc0    00000006     icall.obj (.text:ICall_mallocImpl)
                  00006dc6    00000006     rom_sysbios.aem3 : rom_sysbios.obj (.text:__xdc__init)
                  00006dcc    00000006     RFCC26XX_singleMode.obj (.text:clkInactivityFxn$7)
                  00006dd2    00000006     rtsv7M3_T_le_eabi.lib : copy_decompress_rle.obj (.text:decompress:rle24)
                  00006dd8    00000006     icall_api.obj (.text:gattAddService$17)
                  00006dde    00000006     icall_api.obj (.text:matchBondMgrSetParamCS$17)
                  00006de4    00000006     icall_api.obj (.text:matchGGSSetParamCS$17)
                  00006dea    00000006     icall_api.obj (.text:matchGapConnParamUpdateReplyCS$17)
                  00006df0    00000006     icall_api.obj (.text:matchGapDeviceInitCS$17)
                  00006df6    00000006     icall_api.obj (.text:matchGapEndDiscoverableCS$17)
                  00006dfc    00000006     icall_api.obj (.text:matchGapGetParamCS$17)
                  00006e02    00000006     icall_api.obj (.text:matchGapMakeDiscoverableCS$17)
                  00006e08    00000006     icall_api.obj (.text:matchGapSetParamCS$17)
                  00006e0e    00000006     icall_api.obj (.text:matchGapTerminateAuthCS$17)
                  00006e14    00000006     icall_api.obj (.text:matchGapTerminateLinkReqCS$17)
                  00006e1a    00000006     icall_api.obj (.text:matchGapUpdateAdvDataCS$17)
[...]
1001c2b1  ti_sysbios_knl_Clock_TimerProxy_getPeriod__E                              
1001c2b5  ti_sysbios_knl_Clock_delete                                               
1001c2b9  ti_sysbios_knl_Clock_destruct                                             
1001c2bd  ti_sysbios_knl_Clock_removeI__E                                           
1001c2c1  ti_sysbios_knl_Clock_setTimeout__E                                        
1001c2c5  ti_sysbios_knl_Mailbox_delete                                             
1001c2c9  ti_sysbios_knl_Mailbox_destruct                                           
1001c2cd  ti_sysbios_knl_Queue_delete                                               
1001c2d1  ti_sysbios_knl_Queue_destruct                                             
1001c2d5  ti_sysbios_knl_Queue_head__E                                              
1001c2d9  ti_sysbios_knl_Queue_next__E                                              
1001c2dd  ti_sysbios_knl_Semaphore_delete                                           
1001c2e1  ti_sysbios_knl_Semaphore_destruct                                         
1001c2e5  ti_sysbios_knl_Swi_delete                                                 
1001c2e9  ti_sysbios_knl_Swi_destruct                                               
1001c2ed  ti_sysbios_knl_Swi_postInit__I                                            
1001c2f1  ti_sysbios_knl_Task_SupportProxy_Module__startupDone__S                   
1001c2f5  ti_sysbios_knl_Task_SupportProxy_getStackAlignment__E                     
1001c2f9  ti_sysbios_knl_Task_SupportProxy_start__E                                 
1001c2fd  ti_sysbios_knl_Task_SupportProxy_swap__E                                  
1001c301  ti_sysbios_knl_Task_delete                                                
1001c305  ti_sysbios_knl_Task_destruct                                              
1001c309  ti_sysbios_knl_Task_startup__E                                            
1001c30d  xdc_runtime_Startup_startMods__I                                          
1001c405  xdc_runtime_Core_createObject__I                                          
1001c487  xdc_runtime_Error_policySpin__E                                           
1001c489  xdc_runtime_Memory_alloc__E                                               
1001c4f9  xdc_runtime_Core_deleteObject__I                                          
1001c559  xdc_runtime_Startup_exec__E                                               
1001c5a9  xdc_runtime_Assert_raise__I                                               
1001c5f1  xdc_runtime_Core_assignParams__I                                          
1001c639  xdc_runtime_Core_constructObject__I                                       
1001c681  xdc_runtime_System_atexit__E                                              
1001c6b9  xdc_runtime_System_processAtExit__E                                       
1001c6ed  xdc_runtime_Core_assignLabel__I                                           
1001c71d  xdc_runtime_Text_cordText__E                                              
1001c749  xdc_runtime_System_abort__E                                               
1001c769  xdc_runtime_Error_raiseX__E                                               
1001c785  xdc_runtime_Memory_valloc__E                                              
1001c7a1  xdc_runtime_Core_destructObject__I                                        
1001c7b9  xdc_runtime_Error_check__E                                                
1001c7d1  xdc_runtime_System_exit__E                                                
1001c7e9  xdc_runtime_Text_ropeText__E                                              
1001c801  xdc_runtime_Memory_free__E                                                
1001c811  xdc_runtime_SysCallback_abort__E                                          
1001c821  xdc_runtime_SysCallback_exit__E                                           
1001c831  xdc_runtime_Timestamp_SupportProxy_get32__E                               
1001c831  xdc_runtime_Timestamp_get32__E                                            
1001c841  xdc_runtime_Error_init__E                                                 
1001c84d  xdc_runtime_Memory_calloc__E                                              
1001c859  xdc_runtime_Memory_getMaxDefaultTypeAlign__E                              
1001c879  xdc_runtime_Gate_leaveSystem__E                                           
1001c87f  xdc_runtime_System_Module_startup__E                                      
1001c885  xdc_runtime_Gate_enterSystem__E                                           
1001c889  xdc_runtime_Memory_HeapProxy_alloc__E                                     
1001c88d  xdc_runtime_Memory_HeapProxy_free__E                                      
1001c891  xdc_runtime_System_Module_GateProxy_enter__E                              
1001c895  xdc_runtime_System_Module_GateProxy_leave__E                              
1001c899  xdc_runtime_System_abortSpin__E                                           
1001c89b  xdc_runtime_System_exitSpin__E                                            
1001c89d  ti_sysbios_family_arm_m3_Hwi_dispatch__I                                  
1001c96d  ti_sysbios_family_arm_m3_TaskSupport_buildTaskStack                       
1001c9b9  ti_sysbios_family_arm_m3_Hwi_initStacks__E                                
1001ca01  ti_sysbios_family_arm_m3_Hwi_excHandlerAsm__I                             
1001ca21  ti_sysbios_family_xxx_Hwi_switchAndRunFunc                                
1001ca3f  ti_sysbios_family_arm_m3_Hwi_pendSV__I                                    
1001ca57  ti_sysbios_family_arm_m3_Hwi_return                                       
1001ca59  ti_sysbios_family_arm_m3_TaskSupport_glue                                 
1001ca69  ti_sysbios_family_arm_m3_TaskSupport_swap__E                              
1001ca71  ti_sysbios_knl_Task_swapReturn                                            
1001ca9b  ti_sysbios_rom_cortexm_cc26xx_CC26xx_getRevision__E                       
20000000  ti_sysbios_family_arm_m3_Hwi_ramVectors                                   
20000100  ti_sysbios_knl_Task_Module__state__V                                      
20000144  ti_sysbios_family_arm_m3_Hwi_Module__state__V                             
20000178  ti_sysbios_knl_Clock_Module__state__V                                     
200001a4  ti_sysbios_BIOS_Module__state__V                                          
200001c8  ti_sysbios_knl_Swi_Module__state__V                                       
200001e4  ti_sysbios_family_arm_cc26xx_Timer_Module__state__V                       
200001ec  ti_sysbios_family_arm_cc26xx_TimestampProvider_Module__state__V           
200001f0  xdc_runtime_Startup_Module__state__V                                      
200001f8  xdc_runtime_System_Module__state__V                                       
20000200  xdc_runtime_Memory_Module__state__V                                       
2000020c  dispHandle                                                                
20000298  sbpTask                                                                   
200002e8  sbpTaskStack                                                              
2000056c  linkDBNumConns                                                            
20000680  gapRoleTask                                                               
200006d0  gapRoleTaskStack                                                          
20000e18  PowerCC26XX_module                                                        
20000f28  ti_sysbios_family_arm_cc26xx_Timer_Module__root__V                        
20000f30  ti_sysbios_family_arm_m3_Hwi_Module__root__V                              
20000f38  ti_sysbios_family_arm_m3_Hwi_Object__table__V                             
20000f50  ti_sysbios_family_arm_m3_Hwi_Module_State_0_excActive__A                  
20000f54  ti_sysbios_family_arm_m3_Hwi_Module_State_0_excContext__A                 
20000f58  ti_sysbios_family_arm_m3_Hwi_Module_State_0_excStack__A                   
20000f5c  ti_sysbios_gates_GateHwi_Module__root__V                                  
20000f64  ti_sysbios_gates_GateHwi_Object__table__V                                 
20000f68  ti_sysbios_gates_GateMutex_Module__root__V                                
20000f70  ti_sysbios_hal_Hwi_Module__root__V                                        
20000f78  ti_sysbios_heaps_HeapMem_Module__root__V                                  
20000f80  ti_sysbios_heaps_HeapMem_Object__table__V                                 
20000f98  ti_sysbios_knl_Clock_Module__root__V                                      
20000fa0  ti_sysbios_knl_Clock_Object__table__V                                     
20000fc0  ti_sysbios_knl_Event_Module__root__V                                      
20000fc8  ti_sysbios_knl_Mailbox_Module__root__V                                    
20000fd0  ti_sysbios_knl_Queue_Module__root__V                                      
20000fd8  ti_sysbios_knl_Semaphore_Module__root__V                                  
20000fe0  ti_sysbios_knl_Swi_Module__root__V                                        
20000fe8  ti_sysbios_knl_Task_Module__root__V                                       
20000ff0  ti_sysbios_knl_Task_Module_State_0_idleTask__A                            
20000ff4  __xdc__init__addr                                                         
20000ff8  ICall_dispatcher                                                          
20001000  ICall_enterCriticalSection                                                
20001004  ICall_leaveCriticalSection                                                
2000101c  HEAPMGR_SIZE                                                              
2000108c  rfRegTbl                                                                  
200010dc  ti_sysbios_knl_Task_Object__table__V                                      
20001128  ti_sysbios_family_arm_cc26xx_Timer_Object__table__V                       
20001170  ti_sysbios_gates_GateMutex_Object__table__V                               
200011a8  ti_sysbios_knl_Swi_Module_State_0_readyQ__A                               
200011d8  ti_sysbios_knl_Swi_Object__table__V                                       
20001208  ti_sysbios_knl_Task_Module_State_0_readyQ__A                              
20001238  user0Cfg                                                                  
20001268  lastAppOpcodeSent                                                         
2000126c  pfnBMAlloc                                                                
20001270  pfnBMFree                                                                 
2000127c  _lock                                                                     
20001280  _unlock                                                                   
20001284  __TI_cleanup_ptr                                                          
20001288  __TI_dtors_ptr                                                            
2000128c  appAssertCback                                                            
20001290  main_func_sp                                                              
20001298  ti_sysbios_heaps_HeapMem_Instance_State_0_buf__A                          
20001918  ti_sysbios_knl_Task_Instance_State_0_stack__A                             
20001b18  PIN_NumPins                                                               
20001bac  PIN_HandleTable                                                           
20001c28  ti_sysbios_family_arm_m3_Hwi_dispatchTable                                
20001d10  trngCC26XXObjects                                                         
20001d15  driverlib_release_0_46593                                                 
20001d16  heapStart                                                                 
20003f48  __stack                                                                   
20003f48  heapEnd                                                                   
20004348  __STACK_END                                                               
20004348  __STACK_TOP                                                               
20004f2c  A4_rw                                                                     
20004f2c  COMMON_RAM_BASE_ADDR                                                      
20004f40  P2_rw                                                                     
20004f40  P2_s0                                                                     
20004f40  eccRom_windowSize                                                         
20004f44  eccRom_workzone                                                           
20004f48  eccRom_param_p                                                            
20004f4c  eccRom_param_r                                                            
20004f50  eccRom_param_a                                                            
20004f54  inScalar                                                                  
20004f58  inPointX                                                                  
20004f5c  inPointY                                                                  
20004f60  outPointX                                                                 
20004f64  outPointY                                                                 
20004f68  SCAL                                                                      
20004f6c  EXPX                                                                      
20004f70  EXPY                                                                      
20004f74  EXPZ                                                                      
20004f78  EXPW                                                                      
20004f7c  ACCX                                                                      
20004f80  ACCY                                                                      
20004f84  ACCZ                                                                      
20004f88  TMP1                                                                      
20004f8c  TMP2                                                                      
20004f90  TMP3                                                                      
20004f94  TMP4                                                                      
20004f98  TMP5                                                                      
20004f9c  TMP6                                                                      
20004fa0  eccRom_param_Gx                                                           
20004fa4  eccRom_param_Gy                                                           
20004fa8  eccRom_param_b                                                            
20004fac  P2_zi                                                                     
20004fac  ratChanInfo                                                               
20004fcc  fwInfoCmd                                                                 
20004fd8  MSBMOD                                                                    
20004fdc  aux64                                                                     
20004fe4  MOD                                                                       
20004fe8  LEN                                                                       
20004ffc  pSspAesEncrypt_Sw                                                         
e000e000  ti_sysbios_family_arm_m3_Hwi_nvic                                         
ffffffff  __binit__                                                                 
ffffffff  __c_args__                                                                
ffffffff  binit                                                                     
UNDEFED   HwiP_restore                                                              
UNDEFED   SHT$$INIT_ARRAY$$Base                                                     
UNDEFED   SHT$$INIT_ARRAY$$Limit                                                    
UNDEFED   ti_sysbios_BIOS_RtsGateProxy_Handle__label__S__mangled__                  
UNDEFED   ti_sysbios_BIOS_RtsGateProxy_Object__delete__S__mangled__                 
UNDEFED   ti_sysbios_BIOS_RtsGateProxy_Params__init__S__mangled__                   
UNDEFED   ti_sysbios_BIOS_RtsGateProxy_query__E__mangled__                          
UNDEFED   ti_sysbios_hal_Hwi_HwiProxy_Module__startupDone__S__mangled__             
UNDEFED   ti_sysbios_hal_Hwi_HwiProxy_Object__delete__S__mangled__                  
UNDEFED   ti_sysbios_hal_Hwi_HwiProxy_Params__init__S__mangled__                    
UNDEFED   ti_sysbios_hal_Hwi_HwiProxy_disableInterrupt__E__mangled__                
UNDEFED   ti_sysbios_hal_Hwi_HwiProxy_enableInterrupt__E__mangled__                 
UNDEFED   ti_sysbios_hal_Hwi_HwiProxy_getStackInfo__E__mangled__                    
UNDEFED   ti_sysbios_hal_Hwi_HwiProxy_startup__E__mangled__                         
UNDEFED   ti_sysbios_hal_Hwi_HwiProxy_switchFromBootStack__E__mangled__             
UNDEFED   ti_sysbios_hal_Hwi_disableInterrupt__E                                    
UNDEFED   ti_sysbios_hal_Hwi_enableInterrupt__E                                     
UNDEFED   ti_sysbios_hal_Hwi_getStackInfo__E                                        
UNDEFED   ti_sysbios_hal_Hwi_startup__E                                             
UNDEFED   ti_sysbios_hal_Hwi_switchFromBootStack__E                                 
UNDEFED   ti_sysbios_heaps_HeapMem_Module_GateProxy_Handle__label__S__mangled__     
UNDEFED   ti_sysbios_heaps_HeapMem_Module_GateProxy_Object__delete__S__mangled__    
UNDEFED   ti_sysbios_heaps_HeapMem_Module_GateProxy_Params__init__S__mangled__      
UNDEFED   ti_sysbios_heaps_HeapMem_Module_GateProxy_query__E__mangled__             
UNDEFED   ti_sysbios_knl_Clock_TimerProxy_Module__startupDone__S__mangled__         
UNDEFED   ti_sysbios_knl_Clock_TimerProxy_startup__E__mangled__                     
UNDEFED   ti_sysbios_knl_Task_SupportProxy_Module__startupDone__S__mangled__        
UNDEFED   ti_sysbios_knl_Task_SupportProxy_getStackAlignment__E__mangled__          
UNDEFED   ti_sysbios_knl_Task_SupportProxy_start__E__mangled__                      
UNDEFED   ti_sysbios_knl_Task_SupportProxy_swap__E__mangled__                       
UNDEFED   xdc_runtime_Main_Module_GateProxy_Handle__label__S                        
UNDEFED   xdc_runtime_Main_Module_GateProxy_Object__delete__S                       
UNDEFED   xdc_runtime_Main_Module_GateProxy_query__E                                
UNDEFED   xdc_runtime_Memory_HeapProxy_Handle__label__S__mangled__                  
UNDEFED   xdc_runtime_Memory_HeapProxy_Object__delete__S__mangled__                 
UNDEFED   xdc_runtime_System_Module_GateProxy_Handle__label__S__mangled__           
UNDEFED   xdc_runtime_System_Module_GateProxy_Object__delete__S__mangled__          
UNDEFED   xdc_runtime_System_Module_GateProxy_query__E__mangled__                   
UNDEFED   xdc_runtime_System_SupportProxy_abort__E                                  
UNDEFED   xdc_runtime_System_SupportProxy_exit__E                                   
UNDEFED   xdc_runtime_Timestamp_SupportProxy_get64__E__mangled__                    
UNDEFED   xdc_runtime_Timestamp_SupportProxy_getFreq__E__mangled__                  
UNDEFED   xdc_runtime_Timestamp_get32__E                                            
UNDEFED   xdc_runtime_Timestamp_get64__E                                            
UNDEFED   xdc_runtime_Timestamp_getFreq__E                                          

[1046 symbols]
